
[2026, 10, 3, 12, 58, 34] ;;; datapack_compile; ghosts_and_ghouls
[2026, 10, 3, 12, 58, 34] ;;; datapack_compile; block_decay
[2026, 10, 3, 12, 58, 34] ;;; datapack_compile; ghosts_and_ghouls
[2026, 10, 3, 12, 58, 34] ;;; datapack_compile; block_decay
[2026, 10, 3, 12, 58, 34] ;;; datapack_compile; ghosts_and_ghouls
[2026, 10, 3, 12, 58, 34] ;;; datapack_compile; block_decay
[2026, 10, 3, 12, 58, 34] ;;; datapack_compile; undead_expanded
[2026, 10, 3, 12, 58, 34] ;;; datapack_compile; block_decay
[2026, 10, 3, 12, 58, 34] ;;; datapack_compile; ghosts_and_ghouls
[2026, 10, 3, 12, 58, 34] ;;; datapack_compile; boss_progression
[2026, 10, 3, 12, 58, 34] ;;; datapack_compile; ghosts_and_ghouls
[2026, 10, 3, 12, 58, 34] ;;; datapack_compile; boss_progression
[2026, 10, 3, 12, 58, 34] ;;; datapack_compile; ghosts_and_ghouls
[2026, 10, 3, 12, 58, 34] ;;; datapack_compile; boss_progression
[2026, 10, 3, 12, 58, 34] ;;; datapack_compile; undead_expanded
[2026, 10, 3, 12, 58, 34] ;;; datapack_compile; boss_progression
[2026, 10, 3, 12, 58, 35] ;;; datapack_compile; ghosts_and_ghouls
[2026, 10, 3, 12, 58, 35] ;;; datapack_compile; desire_paths
[2026, 10, 3, 12, 58, 35] ;;; datapack_compile; ghosts_and_ghouls
[2026, 10, 3, 12, 58, 35] ;;; datapack_compile; desire_paths
[2026, 10, 3, 12, 58, 35] ;;; datapack_compile; ghosts_and_ghouls
[2026, 10, 3, 12, 58, 35] ;;; datapack_compile; desire_paths
[2026, 10, 3, 12, 58, 35] ;;; datapack_compile; undead_expanded
[2026, 10, 3, 12, 58, 35] ;;; datapack_compile; desire_paths
[2026, 10, 3, 12, 58, 35] ;;; datapack_compile; ghosts_and_ghouls
[2026, 10, 3, 12, 58, 35] ;;; datapack_compile; desire_paths
[2026, 10, 3, 12, 58, 35] ;;; datapack_compile; ghosts_and_ghouls
[2026, 10, 3, 12, 58, 35] ;;; datapack_compile; desire_paths
[2026, 10, 3, 12, 58, 35] ;;; datapack_compile; ghosts_and_ghouls
[2026, 10, 3, 12, 58, 35] ;;; datapack_compile; desire_paths
[2026, 10, 3, 12, 58, 35] ;;; datapack_compile; undead_expanded
[2026, 10, 3, 12, 58, 35] ;;; datapack_compile; desire_paths
[2026, 10, 3, 12, 58, 36] ;;; datapack_compile; ghosts_and_ghouls
[2026, 10, 3, 12, 58, 36] ;;; datapack_compile; dynamic_dirt
[2026, 10, 3, 12, 58, 36] ;;; datapack_compile; ghosts_and_ghouls
[2026, 10, 3, 12, 58, 36] ;;; datapack_compile; dynamic_dirt
[2026, 10, 3, 12, 58, 36] ;;; datapack_compile; ghosts_and_ghouls
[2026, 10, 3, 12, 58, 36] ;;; datapack_compile; dynamic_dirt
[2026, 10, 3, 12, 58, 36] ;;; datapack_compile; undead_expanded
[2026, 10, 3, 12, 58, 36] ;;; datapack_compile; dynamic_dirt
[2026, 10, 3, 12, 58, 36] ;;; datapack_compile; ghosts_and_ghouls
[2026, 10, 3, 12, 58, 36] ;;; datapack_compile; dynamic_ecosystems
[2026, 10, 3, 12, 58, 36] ;;; datapack_compile; ghosts_and_ghouls
[2026, 10, 3, 12, 58, 36] ;;; datapack_compile; dynamic_ecosystems
[2026, 10, 3, 12, 58, 36] ;;; datapack_compile; ghosts_and_ghouls
[2026, 10, 3, 12, 58, 36] ;;; datapack_compile; dynamic_ecosystems
[2026, 10, 3, 12, 58, 36] ;;; datapack_compile; undead_expanded
[2026, 10, 3, 12, 58, 36] ;;; datapack_compile; dynamic_ecosystems
[2026, 10, 3, 12, 58, 37] ;;; datapack_compile; ghosts_and_ghouls
[2026, 10, 3, 12, 58, 37] ;;; datapack_compile; dynamic_monsters
[2026, 10, 3, 12, 58, 37] ;;; datapack_compile; ghosts_and_ghouls
[2026, 10, 3, 12, 58, 37] ;;; datapack_compile; dynamic_monsters
[2026, 10, 3, 12, 58, 37] ;;; datapack_compile; ghosts_and_ghouls
[2026, 10, 3, 12, 58, 37] ;;; datapack_compile; dynamic_monsters
[2026, 10, 3, 12, 58, 37] ;;; datapack_compile; undead_expanded
[2026, 10, 3, 12, 58, 37] ;;; datapack_compile; dynamic_monsters
[2026, 10, 3, 12, 58, 37] ;;; datapack_compile; ghosts_and_ghouls
[2026, 10, 3, 12, 58, 37] ;;; datapack_compile; enhanced_survival
[2026, 10, 3, 12, 58, 37] ;;; datapack_compile; ghosts_and_ghouls
[2026, 10, 3, 12, 58, 37] ;;; datapack_compile; enhanced_survival
[2026, 10, 3, 12, 58, 37] ;;; datapack_compile; ghosts_and_ghouls
[2026, 10, 3, 12, 58, 37] ;;; datapack_compile; enhanced_survival
[2026, 10, 3, 12, 58, 37] ;;; datapack_compile; undead_expanded
[2026, 10, 3, 12, 58, 37] ;;; datapack_compile; enhanced_survival
[2026, 10, 3, 12, 58, 37] ;;; datapack_compile; ghosts_and_ghouls
[2026, 10, 3, 12, 58, 37] ;;; datapack_compile; enhanced_survival
[2026, 10, 3, 12, 58, 37] ;;; datapack_compile; ghosts_and_ghouls
[2026, 10, 3, 12, 58, 37] ;;; datapack_compile; enhanced_survival
[2026, 10, 3, 12, 58, 37] ;;; datapack_compile; ghosts_and_ghouls
[2026, 10, 3, 12, 58, 37] ;;; datapack_compile; enhanced_survival
[2026, 10, 3, 12, 58, 37] ;;; datapack_compile; undead_expanded
[2026, 10, 3, 12, 58, 37] ;;; datapack_compile; enhanced_survival
[2026, 10, 3, 12, 58, 37] ;;; datapack_compile; ghosts_and_ghouls
[2026, 10, 3, 12, 58, 37] ;;; datapack_compile; ghosts_and_ghouls
[2026, 10, 3, 12, 58, 37] ;;; datapack_compile; ghosts_and_ghouls
[2026, 10, 3, 12, 58, 37] ;;; datapack_compile; ghosts_and_ghouls
[2026, 10, 3, 12, 58, 37] ;;; datapack_compile; ghosts_and_ghouls
[2026, 10, 3, 12, 58, 37] ;;; datapack_compile; ghosts_and_ghouls
[2026, 10, 3, 12, 58, 37] ;;; datapack_compile; ghosts_and_ghouls
[2026, 10, 3, 12, 58, 37] ;;; datapack_compile; ghosts_and_ghouls
[2026, 10, 3, 12, 58, 37] ;;; datapack_compile; ghosts_and_ghouls
[2026, 10, 3, 12, 58, 37] ;;; datapack_compile; ghosts_and_ghouls
[2026, 10, 3, 12, 58, 37] ;;; datapack_compile; ghosts_and_ghouls
[2026, 10, 3, 12, 58, 37] ;;; datapack_compile; ghosts_and_ghouls
[2026, 10, 3, 12, 58, 37] ;;; datapack_compile; undead_expanded
[2026, 10, 3, 12, 58, 37] ;;; datapack_compile; ghosts_and_ghouls
[2026, 10, 3, 12, 58, 41] ;;; datapack_compile; ghosts_and_ghouls
[2026, 10, 3, 12, 58, 41] ;;; datapack_compile; gothic_horror
[2026, 10, 3, 12, 58, 41] ;;; datapack_compile; ghosts_and_ghouls
[2026, 10, 3, 12, 58, 41] ;;; datapack_compile; gothic_horror
[2026, 10, 3, 12, 58, 41] ;;; datapack_compile; ghosts_and_ghouls
[2026, 10, 3, 12, 58, 41] ;;; datapack_compile; gothic_horror
[2026, 10, 3, 12, 58, 41] ;;; datapack_compile; undead_expanded
[2026, 10, 3, 12, 58, 41] ;;; datapack_compile; gothic_horror
[2026, 10, 3, 12, 58, 41] ;;; datapack_compile; ghosts_and_ghouls
[2026, 10, 3, 12, 58, 41] ;;; datapack_compile; gothic_horror
[2026, 10, 3, 12, 58, 41] ;;; datapack_compile; ghosts_and_ghouls
[2026, 10, 3, 12, 58, 41] ;;; datapack_compile; gothic_horror
[2026, 10, 3, 12, 58, 41] ;;; datapack_compile; ghosts_and_ghouls
[2026, 10, 3, 12, 58, 41] ;;; datapack_compile; gothic_horror
[2026, 10, 3, 12, 58, 41] ;;; datapack_compile; undead_expanded
[2026, 10, 3, 12, 58, 41] ;;; datapack_compile; gothic_horror
[2026, 10, 3, 12, 58, 41] ;;; datapack_compile; ghosts_and_ghouls
[2026, 10, 3, 12, 58, 41] ;;; datapack_compile; gstools
[2026, 10, 3, 12, 58, 41] ;;; datapack_compile; ghosts_and_ghouls
[2026, 10, 3, 12, 58, 41] ;;; datapack_compile; gstools
[2026, 10, 3, 12, 58, 41] ;;; datapack_compile; ghosts_and_ghouls
[2026, 10, 3, 12, 58, 41] ;;; datapack_compile; gstools
[2026, 10, 3, 12, 58, 41] ;;; datapack_compile; undead_expanded
[2026, 10, 3, 12, 58, 41] ;;; datapack_compile; gstools
[2026, 10, 3, 12, 58, 42] ;;; datapack_compile; ghosts_and_ghouls
[2026, 10, 3, 12, 58, 42] ;;; datapack_compile; gstools
[2026, 10, 3, 12, 58, 42] ;;; datapack_compile; ghosts_and_ghouls
[2026, 10, 3, 12, 58, 42] ;;; datapack_compile; gstools
[2026, 10, 3, 12, 58, 42] ;;; datapack_compile; ghosts_and_ghouls
[2026, 10, 3, 12, 58, 42] ;;; datapack_compile; gstools
[2026, 10, 3, 12, 58, 42] ;;; datapack_compile; undead_expanded
[2026, 10, 3, 12, 58, 42] ;;; datapack_compile; gstools
[2026, 10, 3, 12, 58, 42] ;;; datapack_compile; ghosts_and_ghouls
[2026, 10, 3, 12, 58, 42] ;;; datapack_compile; gstools
[2026, 10, 3, 12, 58, 42] ;;; datapack_compile; ghosts_and_ghouls
[2026, 10, 3, 12, 58, 42] ;;; datapack_compile; gstools
[2026, 10, 3, 12, 58, 42] ;;; datapack_compile; ghosts_and_ghouls
[2026, 10, 3, 12, 58, 42] ;;; datapack_compile; gstools
[2026, 10, 3, 12, 58, 42] ;;; datapack_compile; undead_expanded
[2026, 10, 3, 12, 58, 42] ;;; datapack_compile; gstools
[2026, 10, 3, 12, 58, 42] ;;; datapack_compile; ghosts_and_ghouls
[2026, 10, 3, 12, 58, 42] ;;; datapack_compile; gstools
[2026, 10, 3, 12, 58, 42] ;;; datapack_compile; ghosts_and_ghouls
[2026, 10, 3, 12, 58, 42] ;;; datapack_compile; gstools
[2026, 10, 3, 12, 58, 42] ;;; datapack_compile; ghosts_and_ghouls
[2026, 10, 3, 12, 58, 42] ;;; datapack_compile; gstools
[2026, 10, 3, 12, 58, 42] ;;; datapack_compile; undead_expanded
[2026, 10, 3, 12, 58, 42] ;;; datapack_compile; gstools
[2026, 10, 3, 12, 58, 43] ;;; datapack_compile; ghosts_and_ghouls
[2026, 10, 3, 12, 58, 43] ;;; datapack_compile; gstools
[2026, 10, 3, 12, 58, 43] ;;; datapack_compile; ghosts_and_ghouls
[2026, 10, 3, 12, 58, 43] ;;; datapack_compile; gstools
[2026, 10, 3, 12, 58, 43] ;;; datapack_compile; ghosts_and_ghouls
[2026, 10, 3, 12, 58, 43] ;;; datapack_compile; gstools
[2026, 10, 3, 12, 58, 43] ;;; datapack_compile; undead_expanded
[2026, 10, 3, 12, 58, 43] ;;; datapack_compile; gstools
[2026, 10, 3, 12, 58, 43] ;;; datapack_compile; ghosts_and_ghouls
[2026, 10, 3, 12, 58, 43] ;;; datapack_compile; gstools
[2026, 10, 3, 12, 58, 43] ;;; datapack_compile; ghosts_and_ghouls
[2026, 10, 3, 12, 58, 43] ;;; datapack_compile; gstools
[2026, 10, 3, 12, 58, 43] ;;; datapack_compile; ghosts_and_ghouls
[2026, 10, 3, 12, 58, 43] ;;; datapack_compile; gstools
[2026, 10, 3, 12, 58, 43] ;;; datapack_compile; undead_expanded
[2026, 10, 3, 12, 58, 43] ;;; datapack_compile; gstools
[2026, 10, 3, 12, 58, 43] ;;; datapack_compile; ghosts_and_ghouls
[2026, 10, 3, 12, 58, 43] ;;; datapack_compile; life_and_death
[2026, 10, 3, 12, 58, 43] ;;; datapack_compile; ghosts_and_ghouls
[2026, 10, 3, 12, 58, 43] ;;; datapack_compile; life_and_death
[2026, 10, 3, 12, 58, 43] ;;; datapack_compile; ghosts_and_ghouls
[2026, 10, 3, 12, 58, 43] ;;; datapack_compile; life_and_death
[2026, 10, 3, 12, 58, 43] ;;; datapack_compile; undead_expanded
[2026, 10, 3, 12, 58, 43] ;;; datapack_compile; life_and_death
[2026, 10, 3, 12, 58, 44] ;;; datapack_compile; ghosts_and_ghouls
[2026, 10, 3, 12, 58, 44] ;;; datapack_compile; undead_expanded
[2026, 10, 3, 12, 58, 44] ;;; datapack_compile; ghosts_and_ghouls
[2026, 10, 3, 12, 58, 44] ;;; datapack_compile; undead_expanded
[2026, 10, 3, 12, 58, 44] ;;; datapack_compile; ghosts_and_ghouls
[2026, 10, 3, 12, 58, 44] ;;; datapack_compile; undead_expanded
[2026, 10, 3, 12, 58, 44] ;;; datapack_compile; undead_expanded
[2026, 10, 3, 12, 58, 44] ;;; datapack_compile; undead_expanded
[2026, 10, 3, 12, 58, 44] ;;; datapack_compile; undead_expanded
[2026, 10, 3, 12, 58, 44] ;;; datapack_compile; undead_expanded
[2026, 10, 3, 13, 7, 25] ;;; datapack_compile; ghosts_and_ghouls
[2026, 10, 3, 13, 7, 25] ;;; datapack_compile; block_decay
[2026, 10, 3, 13, 7, 25] ;;; datapack_compile; ghosts_and_ghouls
[2026, 10, 3, 13, 7, 25] ;;; datapack_compile; block_decay
[2026, 10, 3, 13, 7, 25] ;;; datapack_compile; ghosts_and_ghouls
[2026, 10, 3, 13, 7, 25] ;;; datapack_compile; block_decay
[2026, 10, 3, 13, 7, 25] ;;; datapack_compile; gothic_horror
[2026, 10, 3, 13, 7, 25] ;;; datapack_compile; block_decay
[2026, 10, 3, 13, 7, 25] ;;; datapack_compile; gstools
[2026, 10, 3, 13, 7, 25] ;;; datapack_compile; block_decay
[2026, 10, 3, 13, 7, 25] ;;; datapack_compile; undead_expanded
[2026, 10, 3, 13, 7, 25] ;;; datapack_compile; block_decay
[2026, 10, 3, 13, 7, 25] ;;; datapack_compile; ?? gstools
[2026, 10, 3, 13, 7, 25] ;;; datapack_compile; block_decay
[2026, 10, 3, 13, 7, 26] ;;; datapack_compile; ghosts_and_ghouls
[2026, 10, 3, 13, 7, 26] ;;; datapack_compile; boss_progression
[2026, 10, 3, 13, 7, 26] ;;; datapack_compile; ghosts_and_ghouls
[2026, 10, 3, 13, 7, 26] ;;; datapack_compile; boss_progression
[2026, 10, 3, 13, 7, 26] ;;; datapack_compile; ghosts_and_ghouls
[2026, 10, 3, 13, 7, 26] ;;; datapack_compile; boss_progression
[2026, 10, 3, 13, 7, 26] ;;; datapack_compile; gothic_horror
[2026, 10, 3, 13, 7, 26] ;;; datapack_compile; boss_progression
[2026, 10, 3, 13, 7, 26] ;;; datapack_compile; gstools
[2026, 10, 3, 13, 7, 26] ;;; datapack_compile; boss_progression
[2026, 10, 3, 13, 7, 26] ;;; datapack_compile; undead_expanded
[2026, 10, 3, 13, 7, 26] ;;; datapack_compile; boss_progression
[2026, 10, 3, 13, 7, 26] ;;; datapack_compile; ?? gstools
[2026, 10, 3, 13, 7, 26] ;;; datapack_compile; boss_progression
[2026, 10, 3, 13, 7, 26] ;;; datapack_compile; ghosts_and_ghouls
[2026, 10, 3, 13, 7, 26] ;;; datapack_compile; desire_paths
[2026, 10, 3, 13, 7, 26] ;;; datapack_compile; ghosts_and_ghouls
[2026, 10, 3, 13, 7, 26] ;;; datapack_compile; desire_paths
[2026, 10, 3, 13, 7, 26] ;;; datapack_compile; ghosts_and_ghouls
[2026, 10, 3, 13, 7, 26] ;;; datapack_compile; desire_paths
[2026, 10, 3, 13, 7, 26] ;;; datapack_compile; gothic_horror
[2026, 10, 3, 13, 7, 26] ;;; datapack_compile; desire_paths
[2026, 10, 3, 13, 7, 26] ;;; datapack_compile; gstools
[2026, 10, 3, 13, 7, 26] ;;; datapack_compile; desire_paths
[2026, 10, 3, 13, 7, 26] ;;; datapack_compile; undead_expanded
[2026, 10, 3, 13, 7, 26] ;;; datapack_compile; desire_paths
[2026, 10, 3, 13, 7, 26] ;;; datapack_compile; ?? gstools
[2026, 10, 3, 13, 7, 26] ;;; datapack_compile; desire_paths
[2026, 10, 3, 13, 7, 26] ;;; datapack_compile; ghosts_and_ghouls
[2026, 10, 3, 13, 7, 26] ;;; datapack_compile; desire_paths
[2026, 10, 3, 13, 7, 26] ;;; datapack_compile; ghosts_and_ghouls
[2026, 10, 3, 13, 7, 26] ;;; datapack_compile; desire_paths
[2026, 10, 3, 13, 7, 26] ;;; datapack_compile; ghosts_and_ghouls
[2026, 10, 3, 13, 7, 26] ;;; datapack_compile; desire_paths
[2026, 10, 3, 13, 7, 26] ;;; datapack_compile; gothic_horror
[2026, 10, 3, 13, 7, 26] ;;; datapack_compile; desire_paths
[2026, 10, 3, 13, 7, 26] ;;; datapack_compile; gstools
[2026, 10, 3, 13, 7, 26] ;;; datapack_compile; desire_paths
[2026, 10, 3, 13, 7, 26] ;;; datapack_compile; undead_expanded
[2026, 10, 3, 13, 7, 26] ;;; datapack_compile; desire_paths
[2026, 10, 3, 13, 7, 26] ;;; datapack_compile; ?? gstools
[2026, 10, 3, 13, 7, 26] ;;; datapack_compile; desire_paths
[2026, 10, 3, 13, 7, 27] ;;; datapack_compile; ghosts_and_ghouls
[2026, 10, 3, 13, 7, 27] ;;; datapack_compile; dynamic_dirt
[2026, 10, 3, 13, 7, 27] ;;; datapack_compile; ghosts_and_ghouls
[2026, 10, 3, 13, 7, 27] ;;; datapack_compile; dynamic_dirt
[2026, 10, 3, 13, 7, 27] ;;; datapack_compile; ghosts_and_ghouls
[2026, 10, 3, 13, 7, 27] ;;; datapack_compile; dynamic_dirt
[2026, 10, 3, 13, 7, 27] ;;; datapack_compile; gothic_horror
[2026, 10, 3, 13, 7, 27] ;;; datapack_compile; dynamic_dirt
[2026, 10, 3, 13, 7, 27] ;;; datapack_compile; gstools
[2026, 10, 3, 13, 7, 27] ;;; datapack_compile; dynamic_dirt
[2026, 10, 3, 13, 7, 27] ;;; datapack_compile; undead_expanded
[2026, 10, 3, 13, 7, 27] ;;; datapack_compile; dynamic_dirt
[2026, 10, 3, 13, 7, 27] ;;; datapack_compile; ?? gstools
[2026, 10, 3, 13, 7, 27] ;;; datapack_compile; dynamic_dirt
[2026, 10, 3, 13, 7, 27] ;;; datapack_compile; ghosts_and_ghouls
[2026, 10, 3, 13, 7, 27] ;;; datapack_compile; dynamic_ecosystems
[2026, 10, 3, 13, 7, 27] ;;; datapack_compile; ghosts_and_ghouls
[2026, 10, 3, 13, 7, 27] ;;; datapack_compile; dynamic_ecosystems
[2026, 10, 3, 13, 7, 27] ;;; datapack_compile; ghosts_and_ghouls
[2026, 10, 3, 13, 7, 27] ;;; datapack_compile; dynamic_ecosystems
[2026, 10, 3, 13, 7, 27] ;;; datapack_compile; gothic_horror
[2026, 10, 3, 13, 7, 27] ;;; datapack_compile; dynamic_ecosystems
[2026, 10, 3, 13, 7, 27] ;;; datapack_compile; gstools
[2026, 10, 3, 13, 7, 27] ;;; datapack_compile; dynamic_ecosystems
[2026, 10, 3, 13, 7, 27] ;;; datapack_compile; undead_expanded
[2026, 10, 3, 13, 7, 27] ;;; datapack_compile; dynamic_ecosystems
[2026, 10, 3, 13, 7, 27] ;;; datapack_compile; ?? gstools
[2026, 10, 3, 13, 7, 27] ;;; datapack_compile; dynamic_ecosystems
[2026, 10, 3, 13, 7, 27] ;;; datapack_compile; ghosts_and_ghouls
[2026, 10, 3, 13, 7, 27] ;;; datapack_compile; dynamic_monsters
[2026, 10, 3, 13, 7, 27] ;;; datapack_compile; ghosts_and_ghouls
[2026, 10, 3, 13, 7, 27] ;;; datapack_compile; dynamic_monsters
[2026, 10, 3, 13, 7, 27] ;;; datapack_compile; ghosts_and_ghouls
[2026, 10, 3, 13, 7, 27] ;;; datapack_compile; dynamic_monsters
[2026, 10, 3, 13, 7, 27] ;;; datapack_compile; gothic_horror
[2026, 10, 3, 13, 7, 27] ;;; datapack_compile; dynamic_monsters
[2026, 10, 3, 13, 7, 27] ;;; datapack_compile; gstools
[2026, 10, 3, 13, 7, 27] ;;; datapack_compile; dynamic_monsters
[2026, 10, 3, 13, 7, 27] ;;; datapack_compile; undead_expanded
[2026, 10, 3, 13, 7, 27] ;;; datapack_compile; dynamic_monsters
[2026, 10, 3, 13, 7, 27] ;;; datapack_compile; ?? gstools
[2026, 10, 3, 13, 7, 27] ;;; datapack_compile; dynamic_monsters
[2026, 10, 3, 13, 7, 27] ;;; datapack_compile; ghosts_and_ghouls
[2026, 10, 3, 13, 7, 27] ;;; datapack_compile; enhanced_survival
[2026, 10, 3, 13, 7, 27] ;;; datapack_compile; ghosts_and_ghouls
[2026, 10, 3, 13, 7, 27] ;;; datapack_compile; enhanced_survival
[2026, 10, 3, 13, 7, 27] ;;; datapack_compile; ghosts_and_ghouls
[2026, 10, 3, 13, 7, 27] ;;; datapack_compile; enhanced_survival
[2026, 10, 3, 13, 7, 27] ;;; datapack_compile; gothic_horror
[2026, 10, 3, 13, 7, 27] ;;; datapack_compile; enhanced_survival
[2026, 10, 3, 13, 7, 27] ;;; datapack_compile; gstools
[2026, 10, 3, 13, 7, 27] ;;; datapack_compile; enhanced_survival
[2026, 10, 3, 13, 7, 27] ;;; datapack_compile; undead_expanded
[2026, 10, 3, 13, 7, 27] ;;; datapack_compile; enhanced_survival
[2026, 10, 3, 13, 7, 27] ;;; datapack_compile; ?? gstools
[2026, 10, 3, 13, 7, 27] ;;; datapack_compile; enhanced_survival
[2026, 10, 3, 13, 7, 28] ;;; datapack_compile; ghosts_and_ghouls
[2026, 10, 3, 13, 7, 28] ;;; datapack_compile; enhanced_survival
[2026, 10, 3, 13, 7, 28] ;;; datapack_compile; ghosts_and_ghouls
[2026, 10, 3, 13, 7, 28] ;;; datapack_compile; enhanced_survival
[2026, 10, 3, 13, 7, 28] ;;; datapack_compile; ghosts_and_ghouls
[2026, 10, 3, 13, 7, 28] ;;; datapack_compile; enhanced_survival
[2026, 10, 3, 13, 7, 28] ;;; datapack_compile; gothic_horror
[2026, 10, 3, 13, 7, 28] ;;; datapack_compile; enhanced_survival
[2026, 10, 3, 13, 7, 28] ;;; datapack_compile; gstools
[2026, 10, 3, 13, 7, 28] ;;; datapack_compile; enhanced_survival
[2026, 10, 3, 13, 7, 28] ;;; datapack_compile; undead_expanded
[2026, 10, 3, 13, 7, 28] ;;; datapack_compile; enhanced_survival
[2026, 10, 3, 13, 7, 28] ;;; datapack_compile; ?? gstools
[2026, 10, 3, 13, 7, 28] ;;; datapack_compile; enhanced_survival
[2026, 10, 3, 13, 7, 28] ;;; datapack_compile; ghosts_and_ghouls
[2026, 10, 3, 13, 7, 28] ;;; datapack_compile; ghosts_and_ghouls
[2026, 10, 3, 13, 7, 28] ;;; datapack_compile; ghosts_and_ghouls
[2026, 10, 3, 13, 7, 28] ;;; datapack_compile; ghosts_and_ghouls
[2026, 10, 3, 13, 7, 28] ;;; datapack_compile; ghosts_and_ghouls
[2026, 10, 3, 13, 7, 28] ;;; datapack_compile; ghosts_and_ghouls
[2026, 10, 3, 13, 7, 28] ;;; datapack_compile; ghosts_and_ghouls
[2026, 10, 3, 13, 7, 28] ;;; datapack_compile; ghosts_and_ghouls
[2026, 10, 3, 13, 7, 28] ;;; datapack_compile; ghosts_and_ghouls
[2026, 10, 3, 13, 7, 28] ;;; datapack_compile; ghosts_and_ghouls
[2026, 10, 3, 13, 7, 28] ;;; datapack_compile; ghosts_and_ghouls
[2026, 10, 3, 13, 7, 28] ;;; datapack_compile; ghosts_and_ghouls
[2026, 10, 3, 13, 7, 28] ;;; datapack_compile; gothic_horror
[2026, 10, 3, 13, 7, 28] ;;; datapack_compile; ghosts_and_ghouls
[2026, 10, 3, 13, 7, 28] ;;; datapack_compile; gstools
[2026, 10, 3, 13, 7, 28] ;;; datapack_compile; ghosts_and_ghouls
[2026, 10, 3, 13, 7, 28] ;;; datapack_compile; undead_expanded
[2026, 10, 3, 13, 7, 28] ;;; datapack_compile; ghosts_and_ghouls
[2026, 10, 3, 13, 7, 28] ;;; datapack_compile; ?? gstools
[2026, 10, 3, 13, 7, 28] ;;; datapack_compile; ghosts_and_ghouls
[2026, 10, 3, 13, 7, 31] ;;; datapack_compile; ghosts_and_ghouls
[2026, 10, 3, 13, 7, 31] ;;; datapack_compile; gothic_horror
[2026, 10, 3, 13, 7, 31] ;;; datapack_compile; ghosts_and_ghouls
[2026, 10, 3, 13, 7, 31] ;;; datapack_compile; gothic_horror
[2026, 10, 3, 13, 7, 31] ;;; datapack_compile; ghosts_and_ghouls
[2026, 10, 3, 13, 7, 31] ;;; datapack_compile; gothic_horror
[2026, 10, 3, 13, 7, 31] ;;; datapack_compile; gothic_horror
[2026, 10, 3, 13, 7, 31] ;;; datapack_compile; gothic_horror
[2026, 10, 3, 13, 7, 31] ;;; datapack_compile; gothic_horror
[2026, 10, 3, 13, 7, 31] ;;; datapack_compile; gothic_horror
[2026, 10, 3, 13, 7, 31] ;;; datapack_compile; gstools
[2026, 10, 3, 13, 7, 31] ;;; datapack_compile; gothic_horror
[2026, 10, 3, 13, 7, 31] ;;; datapack_compile; undead_expanded
[2026, 10, 3, 13, 7, 31] ;;; datapack_compile; gothic_horror
[2026, 10, 3, 13, 7, 31] ;;; datapack_compile; ?? gstools
[2026, 10, 3, 13, 7, 31] ;;; datapack_compile; gothic_horror
[2026, 10, 3, 13, 7, 33] ;;; datapack_compile; ghosts_and_ghouls
[2026, 10, 3, 13, 7, 33] ;;; datapack_compile; gothic_horror
[2026, 10, 3, 13, 7, 33] ;;; datapack_compile; ghosts_and_ghouls
[2026, 10, 3, 13, 7, 33] ;;; datapack_compile; gothic_horror
[2026, 10, 3, 13, 7, 33] ;;; datapack_compile; ghosts_and_ghouls
[2026, 10, 3, 13, 7, 33] ;;; datapack_compile; gothic_horror
[2026, 10, 3, 13, 7, 33] ;;; datapack_compile; gothic_horror
[2026, 10, 3, 13, 7, 33] ;;; datapack_compile; gothic_horror
[2026, 10, 3, 13, 7, 33] ;;; datapack_compile; gothic_horror
[2026, 10, 3, 13, 7, 33] ;;; datapack_compile; gothic_horror
[2026, 10, 3, 13, 7, 33] ;;; datapack_compile; gstools
[2026, 10, 3, 13, 7, 33] ;;; datapack_compile; gothic_horror
[2026, 10, 3, 13, 7, 33] ;;; datapack_compile; undead_expanded
[2026, 10, 3, 13, 7, 33] ;;; datapack_compile; gothic_horror
[2026, 10, 3, 13, 7, 33] ;;; datapack_compile; ?? gstools
[2026, 10, 3, 13, 7, 33] ;;; datapack_compile; gothic_horror
[2026, 10, 3, 13, 7, 34] ;;; datapack_compile; ghosts_and_ghouls
[2026, 10, 3, 13, 7, 34] ;;; datapack_compile; gstools
[2026, 10, 3, 13, 7, 34] ;;; datapack_compile; ghosts_and_ghouls
[2026, 10, 3, 13, 7, 34] ;;; datapack_compile; gstools
[2026, 10, 3, 13, 7, 34] ;;; datapack_compile; ghosts_and_ghouls
[2026, 10, 3, 13, 7, 34] ;;; datapack_compile; gstools
[2026, 10, 3, 13, 7, 34] ;;; datapack_compile; gothic_horror
[2026, 10, 3, 13, 7, 34] ;;; datapack_compile; gstools
[2026, 10, 3, 13, 7, 34] ;;; datapack_compile; gstools
[2026, 10, 3, 13, 7, 34] ;;; datapack_compile; gstools
[2026, 10, 3, 13, 7, 34] ;;; datapack_compile; gstools
[2026, 10, 3, 13, 7, 34] ;;; datapack_compile; gstools
[2026, 10, 3, 13, 7, 34] ;;; datapack_compile; undead_expanded
[2026, 10, 3, 13, 7, 34] ;;; datapack_compile; gstools
[2026, 10, 3, 13, 7, 34] ;;; datapack_compile; ?? gstools
[2026, 10, 3, 13, 7, 34] ;;; datapack_compile; gstools
[2026, 10, 3, 13, 8, 55] ;;; datapack_compile; ghosts_and_ghouls
[2026, 10, 3, 13, 8, 55] ;;; datapack_compile; gstools
[2026, 10, 3, 13, 8, 55] ;;; datapack_compile; ghosts_and_ghouls
[2026, 10, 3, 13, 8, 55] ;;; datapack_compile; gstools
[2026, 10, 3, 13, 8, 55] ;;; datapack_compile; ghosts_and_ghouls
[2026, 10, 3, 13, 8, 55] ;;; datapack_compile; gstools
[2026, 10, 3, 13, 8, 55] ;;; datapack_compile; gothic_horror
[2026, 10, 3, 13, 8, 55] ;;; datapack_compile; gstools
[2026, 10, 3, 13, 8, 55] ;;; datapack_compile; gstools
[2026, 10, 3, 13, 8, 55] ;;; datapack_compile; gstools
[2026, 10, 3, 13, 8, 55] ;;; datapack_compile; gstools
[2026, 10, 3, 13, 8, 55] ;;; datapack_compile; gstools
[2026, 10, 3, 13, 8, 55] ;;; datapack_compile; undead_expanded
[2026, 10, 3, 13, 8, 55] ;;; datapack_compile; gstools
[2026, 10, 3, 13, 8, 55] ;;; datapack_compile; ?? gstools
[2026, 10, 3, 13, 8, 55] ;;; datapack_compile; gstools
[2026, 10, 3, 13, 8, 58] ;;; datapack_compile; ghosts_and_ghouls
[2026, 10, 3, 13, 8, 58] ;;; datapack_compile; gstools
[2026, 10, 3, 13, 8, 58] ;;; datapack_compile; ghosts_and_ghouls
[2026, 10, 3, 13, 8, 58] ;;; datapack_compile; gstools
[2026, 10, 3, 13, 8, 58] ;;; datapack_compile; ghosts_and_ghouls
[2026, 10, 3, 13, 8, 58] ;;; datapack_compile; gstools
[2026, 10, 3, 13, 8, 58] ;;; datapack_compile; gothic_horror
[2026, 10, 3, 13, 8, 58] ;;; datapack_compile; gstools
[2026, 10, 3, 13, 8, 58] ;;; datapack_compile; gstools
[2026, 10, 3, 13, 8, 58] ;;; datapack_compile; gstools
[2026, 10, 3, 13, 8, 58] ;;; datapack_compile; gstools
[2026, 10, 3, 13, 8, 58] ;;; datapack_compile; gstools
[2026, 10, 3, 13, 8, 58] ;;; datapack_compile; undead_expanded
[2026, 10, 3, 13, 8, 58] ;;; datapack_compile; gstools
[2026, 10, 3, 13, 8, 58] ;;; datapack_compile; ?? gstools
[2026, 10, 3, 13, 8, 58] ;;; datapack_compile; gstools
[2026, 10, 3, 13, 9, 9] ;;; datapack_compile; ghosts_and_ghouls
[2026, 10, 3, 13, 9, 9] ;;; datapack_compile; gstools
[2026, 10, 3, 13, 9, 9] ;;; datapack_compile; ghosts_and_ghouls
[2026, 10, 3, 13, 9, 9] ;;; datapack_compile; gstools
[2026, 10, 3, 13, 9, 9] ;;; datapack_compile; ghosts_and_ghouls
[2026, 10, 3, 13, 9, 9] ;;; datapack_compile; gstools
[2026, 10, 3, 13, 9, 9] ;;; datapack_compile; gothic_horror
[2026, 10, 3, 13, 9, 9] ;;; datapack_compile; gstools
[2026, 10, 3, 13, 9, 9] ;;; datapack_compile; gstools
[2026, 10, 3, 13, 9, 9] ;;; datapack_compile; gstools
[2026, 10, 3, 13, 9, 9] ;;; datapack_compile; gstools
[2026, 10, 3, 13, 9, 9] ;;; datapack_compile; gstools
[2026, 10, 3, 13, 9, 9] ;;; datapack_compile; undead_expanded
[2026, 10, 3, 13, 9, 9] ;;; datapack_compile; gstools
[2026, 10, 3, 13, 9, 9] ;;; datapack_compile; ?? gstools
[2026, 10, 3, 13, 9, 9] ;;; datapack_compile; gstools
[2026, 10, 3, 13, 9, 11] ;;; datapack_compile; ghosts_and_ghouls
[2026, 10, 3, 13, 9, 11] ;;; datapack_compile; gstools
[2026, 10, 3, 13, 9, 11] ;;; datapack_compile; ghosts_and_ghouls
[2026, 10, 3, 13, 9, 11] ;;; datapack_compile; gstools
[2026, 10, 3, 13, 9, 11] ;;; datapack_compile; ghosts_and_ghouls
[2026, 10, 3, 13, 9, 11] ;;; datapack_compile; gstools
[2026, 10, 3, 13, 9, 11] ;;; datapack_compile; gothic_horror
[2026, 10, 3, 13, 9, 11] ;;; datapack_compile; gstools
[2026, 10, 3, 13, 9, 11] ;;; datapack_compile; gstools
[2026, 10, 3, 13, 9, 11] ;;; datapack_compile; gstools
[2026, 10, 3, 13, 9, 11] ;;; datapack_compile; gstools
[2026, 10, 3, 13, 9, 11] ;;; datapack_compile; gstools
[2026, 10, 3, 13, 9, 11] ;;; datapack_compile; undead_expanded
[2026, 10, 3, 13, 9, 11] ;;; datapack_compile; gstools
[2026, 10, 3, 13, 9, 11] ;;; datapack_compile; ?? gstools
[2026, 10, 3, 13, 9, 11] ;;; datapack_compile; gstools
[2026, 10, 3, 13, 9, 11] ;;; datapack_compile; ghosts_and_ghouls
[2026, 10, 3, 13, 9, 11] ;;; datapack_compile; gstools
[2026, 10, 3, 13, 9, 11] ;;; datapack_compile; ghosts_and_ghouls
[2026, 10, 3, 13, 9, 11] ;;; datapack_compile; gstools
[2026, 10, 3, 13, 9, 11] ;;; datapack_compile; ghosts_and_ghouls
[2026, 10, 3, 13, 9, 11] ;;; datapack_compile; gstools
[2026, 10, 3, 13, 9, 11] ;;; datapack_compile; gothic_horror
[2026, 10, 3, 13, 9, 11] ;;; datapack_compile; gstools
[2026, 10, 3, 13, 9, 11] ;;; datapack_compile; gstools
[2026, 10, 3, 13, 9, 11] ;;; datapack_compile; gstools
[2026, 10, 3, 13, 9, 11] ;;; datapack_compile; gstools
[2026, 10, 3, 13, 9, 11] ;;; datapack_compile; gstools
[2026, 10, 3, 13, 9, 11] ;;; datapack_compile; undead_expanded
[2026, 10, 3, 13, 9, 11] ;;; datapack_compile; gstools
[2026, 10, 3, 13, 9, 11] ;;; datapack_compile; ?? gstools
[2026, 10, 3, 13, 9, 11] ;;; datapack_compile; gstools
[2026, 10, 3, 13, 9, 12] ;;; datapack_compile; ghosts_and_ghouls
[2026, 10, 3, 13, 9, 12] ;;; datapack_compile; life_and_death
[2026, 10, 3, 13, 9, 12] ;;; datapack_compile; ghosts_and_ghouls
[2026, 10, 3, 13, 9, 12] ;;; datapack_compile; life_and_death
[2026, 10, 3, 13, 9, 12] ;;; datapack_compile; ghosts_and_ghouls
[2026, 10, 3, 13, 9, 12] ;;; datapack_compile; life_and_death
[2026, 10, 3, 13, 9, 12] ;;; datapack_compile; gothic_horror
[2026, 10, 3, 13, 9, 12] ;;; datapack_compile; life_and_death
[2026, 10, 3, 13, 9, 12] ;;; datapack_compile; gstools
[2026, 10, 3, 13, 9, 12] ;;; datapack_compile; life_and_death
[2026, 10, 3, 13, 9, 12] ;;; datapack_compile; undead_expanded
[2026, 10, 3, 13, 9, 12] ;;; datapack_compile; life_and_death
[2026, 10, 3, 13, 9, 12] ;;; datapack_compile; ?? gstools
[2026, 10, 3, 13, 9, 12] ;;; datapack_compile; life_and_death
[2026, 10, 3, 13, 9, 12] ;;; datapack_compile; ghosts_and_ghouls
[2026, 10, 3, 13, 9, 12] ;;; datapack_compile; undead_expanded
[2026, 10, 3, 13, 9, 12] ;;; datapack_compile; ghosts_and_ghouls
[2026, 10, 3, 13, 9, 12] ;;; datapack_compile; undead_expanded
[2026, 10, 3, 13, 9, 12] ;;; datapack_compile; ghosts_and_ghouls
[2026, 10, 3, 13, 9, 12] ;;; datapack_compile; undead_expanded
[2026, 10, 3, 13, 9, 12] ;;; datapack_compile; gothic_horror
[2026, 10, 3, 13, 9, 12] ;;; datapack_compile; undead_expanded
[2026, 10, 3, 13, 9, 12] ;;; datapack_compile; gstools
[2026, 10, 3, 13, 9, 12] ;;; datapack_compile; undead_expanded
[2026, 10, 3, 13, 9, 12] ;;; datapack_compile; undead_expanded
[2026, 10, 3, 13, 9, 12] ;;; datapack_compile; undead_expanded
[2026, 10, 3, 13, 9, 12] ;;; datapack_compile; undead_expanded
[2026, 10, 3, 13, 9, 12] ;;; datapack_compile; undead_expanded
[2026, 10, 3, 13, 9, 12] ;;; datapack_compile; ?? gstools
[2026, 10, 3, 13, 9, 12] ;;; datapack_compile; undead_expanded
[2026, 10, 3, 13, 10, 2] ;;; datapack_compile; ghosts_and_ghouls
[2026, 10, 3, 13, 10, 2] ;;; datapack_compile; block_decay
[2026, 10, 3, 13, 10, 2] ;;; datapack_compile; ghosts_and_ghouls
[2026, 10, 3, 13, 10, 2] ;;; datapack_compile; block_decay
[2026, 10, 3, 13, 10, 2] ;;; datapack_compile; ghosts_and_ghouls
[2026, 10, 3, 13, 10, 2] ;;; datapack_compile; block_decay
[2026, 10, 3, 13, 10, 2] ;;; datapack_compile; gothic_horror
[2026, 10, 3, 13, 10, 2] ;;; datapack_compile; block_decay
[2026, 10, 3, 13, 10, 2] ;;; datapack_compile; gstools
[2026, 10, 3, 13, 10, 2] ;;; datapack_compile; block_decay
[2026, 10, 3, 13, 10, 2] ;;; datapack_compile; undead_expanded
[2026, 10, 3, 13, 10, 2] ;;; datapack_compile; block_decay
[2026, 10, 3, 13, 10, 2] ;;; datapack_compile; ?? gstools
[2026, 10, 3, 13, 10, 2] ;;; datapack_compile; block_decay
[2026, 10, 3, 13, 10, 2] ;;; datapack_compile; ghosts_and_ghouls
[2026, 10, 3, 13, 10, 2] ;;; datapack_compile; boss_progression
[2026, 10, 3, 13, 10, 2] ;;; datapack_compile; ghosts_and_ghouls
[2026, 10, 3, 13, 10, 2] ;;; datapack_compile; boss_progression
[2026, 10, 3, 13, 10, 2] ;;; datapack_compile; ghosts_and_ghouls
[2026, 10, 3, 13, 10, 2] ;;; datapack_compile; boss_progression
[2026, 10, 3, 13, 10, 2] ;;; datapack_compile; gothic_horror
[2026, 10, 3, 13, 10, 2] ;;; datapack_compile; boss_progression
[2026, 10, 3, 13, 10, 2] ;;; datapack_compile; gstools
[2026, 10, 3, 13, 10, 2] ;;; datapack_compile; boss_progression
[2026, 10, 3, 13, 10, 2] ;;; datapack_compile; undead_expanded
[2026, 10, 3, 13, 10, 2] ;;; datapack_compile; boss_progression
[2026, 10, 3, 13, 10, 2] ;;; datapack_compile; ?? gstools
[2026, 10, 3, 13, 10, 2] ;;; datapack_compile; boss_progression
[2026, 10, 3, 13, 10, 2] ;;; datapack_compile; ghosts_and_ghouls
[2026, 10, 3, 13, 10, 2] ;;; datapack_compile; desire_paths
[2026, 10, 3, 13, 10, 2] ;;; datapack_compile; ghosts_and_ghouls
[2026, 10, 3, 13, 10, 2] ;;; datapack_compile; desire_paths
[2026, 10, 3, 13, 10, 2] ;;; datapack_compile; ghosts_and_ghouls
[2026, 10, 3, 13, 10, 2] ;;; datapack_compile; desire_paths
[2026, 10, 3, 13, 10, 2] ;;; datapack_compile; gothic_horror
[2026, 10, 3, 13, 10, 2] ;;; datapack_compile; desire_paths
[2026, 10, 3, 13, 10, 2] ;;; datapack_compile; gstools
[2026, 10, 3, 13, 10, 2] ;;; datapack_compile; desire_paths
[2026, 10, 3, 13, 10, 2] ;;; datapack_compile; undead_expanded
[2026, 10, 3, 13, 10, 2] ;;; datapack_compile; desire_paths
[2026, 10, 3, 13, 10, 2] ;;; datapack_compile; ?? gstools
[2026, 10, 3, 13, 10, 2] ;;; datapack_compile; desire_paths
[2026, 10, 3, 13, 10, 3] ;;; datapack_compile; ghosts_and_ghouls
[2026, 10, 3, 13, 10, 3] ;;; datapack_compile; desire_paths
[2026, 10, 3, 13, 10, 3] ;;; datapack_compile; ghosts_and_ghouls
[2026, 10, 3, 13, 10, 3] ;;; datapack_compile; desire_paths
[2026, 10, 3, 13, 10, 3] ;;; datapack_compile; ghosts_and_ghouls
[2026, 10, 3, 13, 10, 3] ;;; datapack_compile; desire_paths
[2026, 10, 3, 13, 10, 3] ;;; datapack_compile; gothic_horror
[2026, 10, 3, 13, 10, 3] ;;; datapack_compile; desire_paths
[2026, 10, 3, 13, 10, 3] ;;; datapack_compile; gstools
[2026, 10, 3, 13, 10, 3] ;;; datapack_compile; desire_paths
[2026, 10, 3, 13, 10, 3] ;;; datapack_compile; undead_expanded
[2026, 10, 3, 13, 10, 3] ;;; datapack_compile; desire_paths
[2026, 10, 3, 13, 10, 3] ;;; datapack_compile; ?? gstools
[2026, 10, 3, 13, 10, 3] ;;; datapack_compile; desire_paths
[2026, 10, 3, 13, 10, 3] ;;; datapack_compile; ghosts_and_ghouls
[2026, 10, 3, 13, 10, 3] ;;; datapack_compile; dynamic_dirt
[2026, 10, 3, 13, 10, 3] ;;; datapack_compile; ghosts_and_ghouls
[2026, 10, 3, 13, 10, 3] ;;; datapack_compile; dynamic_dirt
[2026, 10, 3, 13, 10, 3] ;;; datapack_compile; ghosts_and_ghouls
[2026, 10, 3, 13, 10, 3] ;;; datapack_compile; dynamic_dirt
[2026, 10, 3, 13, 10, 3] ;;; datapack_compile; gothic_horror
[2026, 10, 3, 13, 10, 3] ;;; datapack_compile; dynamic_dirt
[2026, 10, 3, 13, 10, 3] ;;; datapack_compile; gstools
[2026, 10, 3, 13, 10, 3] ;;; datapack_compile; dynamic_dirt
[2026, 10, 3, 13, 10, 3] ;;; datapack_compile; undead_expanded
[2026, 10, 3, 13, 10, 3] ;;; datapack_compile; dynamic_dirt
[2026, 10, 3, 13, 10, 3] ;;; datapack_compile; ?? gstools
[2026, 10, 3, 13, 10, 3] ;;; datapack_compile; dynamic_dirt
[2026, 10, 3, 13, 10, 3] ;;; datapack_compile; ghosts_and_ghouls
[2026, 10, 3, 13, 10, 3] ;;; datapack_compile; dynamic_ecosystems
[2026, 10, 3, 13, 10, 3] ;;; datapack_compile; ghosts_and_ghouls
[2026, 10, 3, 13, 10, 3] ;;; datapack_compile; dynamic_ecosystems
[2026, 10, 3, 13, 10, 3] ;;; datapack_compile; ghosts_and_ghouls
[2026, 10, 3, 13, 10, 3] ;;; datapack_compile; dynamic_ecosystems
[2026, 10, 3, 13, 10, 3] ;;; datapack_compile; gothic_horror
[2026, 10, 3, 13, 10, 3] ;;; datapack_compile; dynamic_ecosystems
[2026, 10, 3, 13, 10, 3] ;;; datapack_compile; gstools
[2026, 10, 3, 13, 10, 3] ;;; datapack_compile; dynamic_ecosystems
[2026, 10, 3, 13, 10, 3] ;;; datapack_compile; undead_expanded
[2026, 10, 3, 13, 10, 3] ;;; datapack_compile; dynamic_ecosystems
[2026, 10, 3, 13, 10, 3] ;;; datapack_compile; ?? gstools
[2026, 10, 3, 13, 10, 3] ;;; datapack_compile; dynamic_ecosystems
[2026, 10, 3, 13, 10, 3] ;;; datapack_compile; ghosts_and_ghouls
[2026, 10, 3, 13, 10, 3] ;;; datapack_compile; dynamic_monsters
[2026, 10, 3, 13, 10, 3] ;;; datapack_compile; ghosts_and_ghouls
[2026, 10, 3, 13, 10, 3] ;;; datapack_compile; dynamic_monsters
[2026, 10, 3, 13, 10, 3] ;;; datapack_compile; ghosts_and_ghouls
[2026, 10, 3, 13, 10, 3] ;;; datapack_compile; dynamic_monsters
[2026, 10, 3, 13, 10, 3] ;;; datapack_compile; gothic_horror
[2026, 10, 3, 13, 10, 3] ;;; datapack_compile; dynamic_monsters
[2026, 10, 3, 13, 10, 3] ;;; datapack_compile; gstools
[2026, 10, 3, 13, 10, 3] ;;; datapack_compile; dynamic_monsters
[2026, 10, 3, 13, 10, 3] ;;; datapack_compile; undead_expanded
[2026, 10, 3, 13, 10, 3] ;;; datapack_compile; dynamic_monsters
[2026, 10, 3, 13, 10, 3] ;;; datapack_compile; ?? gstools
[2026, 10, 3, 13, 10, 3] ;;; datapack_compile; dynamic_monsters
[2026, 10, 3, 13, 10, 4] ;;; datapack_compile; ghosts_and_ghouls
[2026, 10, 3, 13, 10, 4] ;;; datapack_compile; enhanced_survival
[2026, 10, 3, 13, 10, 4] ;;; datapack_compile; ghosts_and_ghouls
[2026, 10, 3, 13, 10, 4] ;;; datapack_compile; enhanced_survival
[2026, 10, 3, 13, 10, 4] ;;; datapack_compile; ghosts_and_ghouls
[2026, 10, 3, 13, 10, 4] ;;; datapack_compile; enhanced_survival
[2026, 10, 3, 13, 10, 4] ;;; datapack_compile; gothic_horror
[2026, 10, 3, 13, 10, 4] ;;; datapack_compile; enhanced_survival
[2026, 10, 3, 13, 10, 4] ;;; datapack_compile; gstools
[2026, 10, 3, 13, 10, 4] ;;; datapack_compile; enhanced_survival
[2026, 10, 3, 13, 10, 4] ;;; datapack_compile; undead_expanded
[2026, 10, 3, 13, 10, 4] ;;; datapack_compile; enhanced_survival
[2026, 10, 3, 13, 10, 4] ;;; datapack_compile; ?? gstools
[2026, 10, 3, 13, 10, 4] ;;; datapack_compile; enhanced_survival
[2026, 10, 3, 13, 10, 4] ;;; datapack_compile; ghosts_and_ghouls
[2026, 10, 3, 13, 10, 4] ;;; datapack_compile; enhanced_survival
[2026, 10, 3, 13, 10, 4] ;;; datapack_compile; ghosts_and_ghouls
[2026, 10, 3, 13, 10, 4] ;;; datapack_compile; enhanced_survival
[2026, 10, 3, 13, 10, 4] ;;; datapack_compile; ghosts_and_ghouls
[2026, 10, 3, 13, 10, 4] ;;; datapack_compile; enhanced_survival
[2026, 10, 3, 13, 10, 4] ;;; datapack_compile; gothic_horror
[2026, 10, 3, 13, 10, 4] ;;; datapack_compile; enhanced_survival
[2026, 10, 3, 13, 10, 4] ;;; datapack_compile; gstools
[2026, 10, 3, 13, 10, 4] ;;; datapack_compile; enhanced_survival
[2026, 10, 3, 13, 10, 4] ;;; datapack_compile; undead_expanded
[2026, 10, 3, 13, 10, 4] ;;; datapack_compile; enhanced_survival
[2026, 10, 3, 13, 10, 4] ;;; datapack_compile; ?? gstools
[2026, 10, 3, 13, 10, 4] ;;; datapack_compile; enhanced_survival
[2026, 10, 3, 13, 10, 4] ;;; datapack_compile; ghosts_and_ghouls
[2026, 10, 3, 13, 10, 4] ;;; datapack_compile; ghosts_and_ghouls
[2026, 10, 3, 13, 10, 4] ;;; datapack_compile; ghosts_and_ghouls
[2026, 10, 3, 13, 10, 4] ;;; datapack_compile; ghosts_and_ghouls
[2026, 10, 3, 13, 10, 4] ;;; datapack_compile; ghosts_and_ghouls
[2026, 10, 3, 13, 10, 4] ;;; datapack_compile; ghosts_and_ghouls
[2026, 10, 3, 13, 10, 4] ;;; datapack_compile; ghosts_and_ghouls
[2026, 10, 3, 13, 10, 4] ;;; datapack_compile; ghosts_and_ghouls
[2026, 10, 3, 13, 10, 4] ;;; datapack_compile; ghosts_and_ghouls
[2026, 10, 3, 13, 10, 4] ;;; datapack_compile; ghosts_and_ghouls
[2026, 10, 3, 13, 10, 4] ;;; datapack_compile; ghosts_and_ghouls
[2026, 10, 3, 13, 10, 4] ;;; datapack_compile; ghosts_and_ghouls
[2026, 10, 3, 13, 10, 4] ;;; datapack_compile; gothic_horror
[2026, 10, 3, 13, 10, 4] ;;; datapack_compile; ghosts_and_ghouls
[2026, 10, 3, 13, 10, 4] ;;; datapack_compile; gstools
[2026, 10, 3, 13, 10, 4] ;;; datapack_compile; ghosts_and_ghouls
[2026, 10, 3, 13, 10, 4] ;;; datapack_compile; undead_expanded
[2026, 10, 3, 13, 10, 4] ;;; datapack_compile; ghosts_and_ghouls
[2026, 10, 3, 13, 10, 4] ;;; datapack_compile; ?? gstools
[2026, 10, 3, 13, 10, 4] ;;; datapack_compile; ghosts_and_ghouls
[2026, 10, 3, 13, 10, 9] ;;; datapack_compile; ghosts_and_ghouls
[2026, 10, 3, 13, 10, 9] ;;; datapack_compile; gothic_horror
[2026, 10, 3, 13, 10, 9] ;;; datapack_compile; ghosts_and_ghouls
[2026, 10, 3, 13, 10, 9] ;;; datapack_compile; gothic_horror
[2026, 10, 3, 13, 10, 9] ;;; datapack_compile; ghosts_and_ghouls
[2026, 10, 3, 13, 10, 9] ;;; datapack_compile; gothic_horror
[2026, 10, 3, 13, 10, 9] ;;; datapack_compile; gothic_horror
[2026, 10, 3, 13, 10, 9] ;;; datapack_compile; gothic_horror
[2026, 10, 3, 13, 10, 9] ;;; datapack_compile; gothic_horror
[2026, 10, 3, 13, 10, 9] ;;; datapack_compile; gothic_horror
[2026, 10, 3, 13, 10, 9] ;;; datapack_compile; gstools
[2026, 10, 3, 13, 10, 9] ;;; datapack_compile; gothic_horror
[2026, 10, 3, 13, 10, 9] ;;; datapack_compile; undead_expanded
[2026, 10, 3, 13, 10, 9] ;;; datapack_compile; gothic_horror
[2026, 10, 3, 13, 10, 9] ;;; datapack_compile; ?? gstools
[2026, 10, 3, 13, 10, 9] ;;; datapack_compile; gothic_horror
[2026, 10, 3, 13, 10, 10] ;;; datapack_compile; ghosts_and_ghouls
[2026, 10, 3, 13, 10, 10] ;;; datapack_compile; gothic_horror
[2026, 10, 3, 13, 10, 10] ;;; datapack_compile; ghosts_and_ghouls
[2026, 10, 3, 13, 10, 10] ;;; datapack_compile; gothic_horror
[2026, 10, 3, 13, 10, 10] ;;; datapack_compile; ghosts_and_ghouls
[2026, 10, 3, 13, 10, 10] ;;; datapack_compile; gothic_horror
[2026, 10, 3, 13, 10, 10] ;;; datapack_compile; gothic_horror
[2026, 10, 3, 13, 10, 10] ;;; datapack_compile; gothic_horror
[2026, 10, 3, 13, 10, 10] ;;; datapack_compile; gothic_horror
[2026, 10, 3, 13, 10, 10] ;;; datapack_compile; gothic_horror
[2026, 10, 3, 13, 10, 10] ;;; datapack_compile; gstools
[2026, 10, 3, 13, 10, 10] ;;; datapack_compile; gothic_horror
[2026, 10, 3, 13, 10, 10] ;;; datapack_compile; undead_expanded
[2026, 10, 3, 13, 10, 10] ;;; datapack_compile; gothic_horror
[2026, 10, 3, 13, 10, 10] ;;; datapack_compile; ?? gstools
[2026, 10, 3, 13, 10, 10] ;;; datapack_compile; gothic_horror
[2026, 10, 3, 13, 10, 11] ;;; datapack_compile; ghosts_and_ghouls
[2026, 10, 3, 13, 10, 11] ;;; datapack_compile; gstools
[2026, 10, 3, 13, 10, 11] ;;; datapack_compile; ghosts_and_ghouls
[2026, 10, 3, 13, 10, 11] ;;; datapack_compile; gstools
[2026, 10, 3, 13, 10, 11] ;;; datapack_compile; ghosts_and_ghouls
[2026, 10, 3, 13, 10, 11] ;;; datapack_compile; gstools
[2026, 10, 3, 13, 10, 11] ;;; datapack_compile; gothic_horror
[2026, 10, 3, 13, 10, 11] ;;; datapack_compile; gstools
[2026, 10, 3, 13, 10, 11] ;;; datapack_compile; gstools
[2026, 10, 3, 13, 10, 11] ;;; datapack_compile; gstools
[2026, 10, 3, 13, 10, 11] ;;; datapack_compile; gstools
[2026, 10, 3, 13, 10, 11] ;;; datapack_compile; gstools
[2026, 10, 3, 13, 10, 11] ;;; datapack_compile; undead_expanded
[2026, 10, 3, 13, 10, 11] ;;; datapack_compile; gstools
[2026, 10, 3, 13, 10, 11] ;;; datapack_compile; ?? gstools
[2026, 10, 3, 13, 10, 11] ;;; datapack_compile; gstools
[2026, 10, 3, 13, 11, 24] ;;; datapack_compile; ghosts_and_ghouls
[2026, 10, 3, 13, 11, 24] ;;; datapack_compile; gstools
[2026, 10, 3, 13, 11, 24] ;;; datapack_compile; ghosts_and_ghouls
[2026, 10, 3, 13, 11, 24] ;;; datapack_compile; gstools
[2026, 10, 3, 13, 11, 24] ;;; datapack_compile; ghosts_and_ghouls
[2026, 10, 3, 13, 11, 24] ;;; datapack_compile; gstools
[2026, 10, 3, 13, 11, 24] ;;; datapack_compile; gothic_horror
[2026, 10, 3, 13, 11, 24] ;;; datapack_compile; gstools
[2026, 10, 3, 13, 11, 24] ;;; datapack_compile; gstools
[2026, 10, 3, 13, 11, 24] ;;; datapack_compile; gstools
[2026, 10, 3, 13, 11, 24] ;;; datapack_compile; gstools
[2026, 10, 3, 13, 11, 24] ;;; datapack_compile; gstools
[2026, 10, 3, 13, 11, 24] ;;; datapack_compile; undead_expanded
[2026, 10, 3, 13, 11, 24] ;;; datapack_compile; gstools
[2026, 10, 3, 13, 11, 24] ;;; datapack_compile; ?? gstools
[2026, 10, 3, 13, 11, 24] ;;; datapack_compile; gstools
[2026, 10, 3, 13, 11, 27] ;;; datapack_compile; ghosts_and_ghouls
[2026, 10, 3, 13, 11, 27] ;;; datapack_compile; gstools
[2026, 10, 3, 13, 11, 27] ;;; datapack_compile; ghosts_and_ghouls
[2026, 10, 3, 13, 11, 27] ;;; datapack_compile; gstools
[2026, 10, 3, 13, 11, 27] ;;; datapack_compile; ghosts_and_ghouls
[2026, 10, 3, 13, 11, 27] ;;; datapack_compile; gstools
[2026, 10, 3, 13, 11, 27] ;;; datapack_compile; gothic_horror
[2026, 10, 3, 13, 11, 27] ;;; datapack_compile; gstools
[2026, 10, 3, 13, 11, 27] ;;; datapack_compile; gstools
[2026, 10, 3, 13, 11, 27] ;;; datapack_compile; gstools
[2026, 10, 3, 13, 11, 27] ;;; datapack_compile; gstools
[2026, 10, 3, 13, 11, 27] ;;; datapack_compile; gstools
[2026, 10, 3, 13, 11, 27] ;;; datapack_compile; undead_expanded
[2026, 10, 3, 13, 11, 27] ;;; datapack_compile; gstools
[2026, 10, 3, 13, 11, 27] ;;; datapack_compile; ?? gstools
[2026, 10, 3, 13, 11, 27] ;;; datapack_compile; gstools
[2026, 10, 3, 13, 11, 43] ;;; datapack_compile; ghosts_and_ghouls
[2026, 10, 3, 13, 11, 43] ;;; datapack_compile; gstools
[2026, 10, 3, 13, 11, 43] ;;; datapack_compile; ghosts_and_ghouls
[2026, 10, 3, 13, 11, 43] ;;; datapack_compile; gstools
[2026, 10, 3, 13, 11, 43] ;;; datapack_compile; ghosts_and_ghouls
[2026, 10, 3, 13, 11, 43] ;;; datapack_compile; gstools
[2026, 10, 3, 13, 11, 43] ;;; datapack_compile; gothic_horror
[2026, 10, 3, 13, 11, 43] ;;; datapack_compile; gstools
[2026, 10, 3, 13, 11, 43] ;;; datapack_compile; gstools
[2026, 10, 3, 13, 11, 43] ;;; datapack_compile; gstools
[2026, 10, 3, 13, 11, 43] ;;; datapack_compile; gstools
[2026, 10, 3, 13, 11, 43] ;;; datapack_compile; gstools
[2026, 10, 3, 13, 11, 43] ;;; datapack_compile; undead_expanded
[2026, 10, 3, 13, 11, 43] ;;; datapack_compile; gstools
[2026, 10, 3, 13, 11, 43] ;;; datapack_compile; ?? gstools
[2026, 10, 3, 13, 11, 43] ;;; datapack_compile; gstools
[2026, 10, 3, 13, 11, 44] ;;; datapack_compile; ghosts_and_ghouls
[2026, 10, 3, 13, 11, 44] ;;; datapack_compile; gstools
[2026, 10, 3, 13, 11, 44] ;;; datapack_compile; ghosts_and_ghouls
[2026, 10, 3, 13, 11, 44] ;;; datapack_compile; gstools
[2026, 10, 3, 13, 11, 44] ;;; datapack_compile; ghosts_and_ghouls
[2026, 10, 3, 13, 11, 44] ;;; datapack_compile; gstools
[2026, 10, 3, 13, 11, 44] ;;; datapack_compile; gothic_horror
[2026, 10, 3, 13, 11, 44] ;;; datapack_compile; gstools
[2026, 10, 3, 13, 11, 44] ;;; datapack_compile; gstools
[2026, 10, 3, 13, 11, 44] ;;; datapack_compile; gstools
[2026, 10, 3, 13, 11, 44] ;;; datapack_compile; gstools
[2026, 10, 3, 13, 11, 44] ;;; datapack_compile; gstools
[2026, 10, 3, 13, 11, 44] ;;; datapack_compile; undead_expanded
[2026, 10, 3, 13, 11, 44] ;;; datapack_compile; gstools
[2026, 10, 3, 13, 11, 44] ;;; datapack_compile; ?? gstools
[2026, 10, 3, 13, 11, 44] ;;; datapack_compile; gstools
[2026, 10, 3, 13, 11, 45] ;;; datapack_compile; ghosts_and_ghouls
[2026, 10, 3, 13, 11, 45] ;;; datapack_compile; gstools
[2026, 10, 3, 13, 11, 45] ;;; datapack_compile; ghosts_and_ghouls
[2026, 10, 3, 13, 11, 45] ;;; datapack_compile; gstools
[2026, 10, 3, 13, 11, 45] ;;; datapack_compile; ghosts_and_ghouls
[2026, 10, 3, 13, 11, 45] ;;; datapack_compile; gstools
[2026, 10, 3, 13, 11, 45] ;;; datapack_compile; gothic_horror
[2026, 10, 3, 13, 11, 45] ;;; datapack_compile; gstools
[2026, 10, 3, 13, 11, 45] ;;; datapack_compile; gstools
[2026, 10, 3, 13, 11, 45] ;;; datapack_compile; gstools
[2026, 10, 3, 13, 11, 45] ;;; datapack_compile; gstools
[2026, 10, 3, 13, 11, 45] ;;; datapack_compile; gstools
[2026, 10, 3, 13, 11, 45] ;;; datapack_compile; undead_expanded
[2026, 10, 3, 13, 11, 45] ;;; datapack_compile; gstools
[2026, 10, 3, 13, 11, 45] ;;; datapack_compile; ?? gstools
[2026, 10, 3, 13, 11, 45] ;;; datapack_compile; gstools
[2026, 10, 3, 13, 11, 46] ;;; datapack_compile; ghosts_and_ghouls
[2026, 10, 3, 13, 11, 46] ;;; datapack_compile; life_and_death
[2026, 10, 3, 13, 11, 46] ;;; datapack_compile; ghosts_and_ghouls
[2026, 10, 3, 13, 11, 46] ;;; datapack_compile; life_and_death
[2026, 10, 3, 13, 11, 46] ;;; datapack_compile; ghosts_and_ghouls
[2026, 10, 3, 13, 11, 46] ;;; datapack_compile; life_and_death
[2026, 10, 3, 13, 11, 46] ;;; datapack_compile; gothic_horror
[2026, 10, 3, 13, 11, 46] ;;; datapack_compile; life_and_death
[2026, 10, 3, 13, 11, 46] ;;; datapack_compile; gstools
[2026, 10, 3, 13, 11, 46] ;;; datapack_compile; life_and_death
[2026, 10, 3, 13, 11, 46] ;;; datapack_compile; undead_expanded
[2026, 10, 3, 13, 11, 46] ;;; datapack_compile; life_and_death
[2026, 10, 3, 13, 11, 46] ;;; datapack_compile; ?? gstools
[2026, 10, 3, 13, 11, 46] ;;; datapack_compile; life_and_death
[2026, 10, 3, 13, 11, 46] ;;; datapack_compile; ghosts_and_ghouls
[2026, 10, 3, 13, 11, 46] ;;; datapack_compile; undead_expanded
[2026, 10, 3, 13, 11, 46] ;;; datapack_compile; ghosts_and_ghouls
[2026, 10, 3, 13, 11, 46] ;;; datapack_compile; undead_expanded
[2026, 10, 3, 13, 11, 46] ;;; datapack_compile; ghosts_and_ghouls
[2026, 10, 3, 13, 11, 46] ;;; datapack_compile; undead_expanded
[2026, 10, 3, 13, 11, 46] ;;; datapack_compile; gothic_horror
[2026, 10, 3, 13, 11, 46] ;;; datapack_compile; undead_expanded
[2026, 10, 3, 13, 11, 46] ;;; datapack_compile; gstools
[2026, 10, 3, 13, 11, 46] ;;; datapack_compile; undead_expanded
[2026, 10, 3, 13, 11, 46] ;;; datapack_compile; undead_expanded
[2026, 10, 3, 13, 11, 46] ;;; datapack_compile; undead_expanded
[2026, 10, 3, 13, 11, 46] ;;; datapack_compile; undead_expanded
[2026, 10, 3, 13, 11, 46] ;;; datapack_compile; undead_expanded
[2026, 10, 3, 13, 11, 46] ;;; datapack_compile; ?? gstools
[2026, 10, 3, 13, 11, 46] ;;; datapack_compile; undead_expanded
[2026, 10, 3, 13, 12, 40] ;;; datapack_compile; ghosts_and_ghouls
[2026, 10, 3, 13, 12, 40] ;;; datapack_compile; block_decay
[2026, 10, 3, 13, 12, 40] ;;; datapack_compile; ghosts_and_ghouls
[2026, 10, 3, 13, 12, 40] ;;; datapack_compile; block_decay
[2026, 10, 3, 13, 12, 40] ;;; datapack_compile; ghosts_and_ghouls
[2026, 10, 3, 13, 12, 40] ;;; datapack_compile; block_decay
[2026, 10, 3, 13, 12, 40] ;;; datapack_compile; gothic_horror
[2026, 10, 3, 13, 12, 40] ;;; datapack_compile; block_decay
[2026, 10, 3, 13, 12, 40] ;;; datapack_compile; gstools
[2026, 10, 3, 13, 12, 40] ;;; datapack_compile; block_decay
[2026, 10, 3, 13, 12, 40] ;;; datapack_compile; undead_expanded
[2026, 10, 3, 13, 12, 40] ;;; datapack_compile; block_decay
[2026, 10, 3, 13, 12, 40] ;;; datapack_compile; ?? gstools
[2026, 10, 3, 13, 12, 40] ;;; datapack_compile; block_decay
[2026, 10, 3, 13, 12, 40] ;;; datapack_compile; ghosts_and_ghouls
[2026, 10, 3, 13, 12, 40] ;;; datapack_compile; boss_progression
[2026, 10, 3, 13, 12, 40] ;;; datapack_compile; ghosts_and_ghouls
[2026, 10, 3, 13, 12, 40] ;;; datapack_compile; boss_progression
[2026, 10, 3, 13, 12, 40] ;;; datapack_compile; ghosts_and_ghouls
[2026, 10, 3, 13, 12, 40] ;;; datapack_compile; boss_progression
[2026, 10, 3, 13, 12, 40] ;;; datapack_compile; gothic_horror
[2026, 10, 3, 13, 12, 40] ;;; datapack_compile; boss_progression
[2026, 10, 3, 13, 12, 40] ;;; datapack_compile; gstools
[2026, 10, 3, 13, 12, 40] ;;; datapack_compile; boss_progression
[2026, 10, 3, 13, 12, 40] ;;; datapack_compile; undead_expanded
[2026, 10, 3, 13, 12, 40] ;;; datapack_compile; boss_progression
[2026, 10, 3, 13, 12, 40] ;;; datapack_compile; ?? gstools
[2026, 10, 3, 13, 12, 40] ;;; datapack_compile; boss_progression
[2026, 10, 3, 13, 12, 41] ;;; datapack_compile; ghosts_and_ghouls
[2026, 10, 3, 13, 12, 41] ;;; datapack_compile; desire_paths
[2026, 10, 3, 13, 12, 41] ;;; datapack_compile; ghosts_and_ghouls
[2026, 10, 3, 13, 12, 41] ;;; datapack_compile; desire_paths
[2026, 10, 3, 13, 12, 41] ;;; datapack_compile; ghosts_and_ghouls
[2026, 10, 3, 13, 12, 41] ;;; datapack_compile; desire_paths
[2026, 10, 3, 13, 12, 41] ;;; datapack_compile; gothic_horror
[2026, 10, 3, 13, 12, 41] ;;; datapack_compile; desire_paths
[2026, 10, 3, 13, 12, 41] ;;; datapack_compile; gstools
[2026, 10, 3, 13, 12, 41] ;;; datapack_compile; desire_paths
[2026, 10, 3, 13, 12, 41] ;;; datapack_compile; undead_expanded
[2026, 10, 3, 13, 12, 41] ;;; datapack_compile; desire_paths
[2026, 10, 3, 13, 12, 41] ;;; datapack_compile; ?? gstools
[2026, 10, 3, 13, 12, 41] ;;; datapack_compile; desire_paths
[2026, 10, 3, 13, 12, 41] ;;; datapack_compile; ghosts_and_ghouls
[2026, 10, 3, 13, 12, 41] ;;; datapack_compile; desire_paths
[2026, 10, 3, 13, 12, 41] ;;; datapack_compile; ghosts_and_ghouls
[2026, 10, 3, 13, 12, 41] ;;; datapack_compile; desire_paths
[2026, 10, 3, 13, 12, 41] ;;; datapack_compile; ghosts_and_ghouls
[2026, 10, 3, 13, 12, 41] ;;; datapack_compile; desire_paths
[2026, 10, 3, 13, 12, 41] ;;; datapack_compile; gothic_horror
[2026, 10, 3, 13, 12, 41] ;;; datapack_compile; desire_paths
[2026, 10, 3, 13, 12, 41] ;;; datapack_compile; gstools
[2026, 10, 3, 13, 12, 41] ;;; datapack_compile; desire_paths
[2026, 10, 3, 13, 12, 41] ;;; datapack_compile; undead_expanded
[2026, 10, 3, 13, 12, 41] ;;; datapack_compile; desire_paths
[2026, 10, 3, 13, 12, 41] ;;; datapack_compile; ?? gstools
[2026, 10, 3, 13, 12, 41] ;;; datapack_compile; desire_paths
[2026, 10, 3, 13, 12, 41] ;;; datapack_compile; ghosts_and_ghouls
[2026, 10, 3, 13, 12, 41] ;;; datapack_compile; dynamic_dirt
[2026, 10, 3, 13, 12, 41] ;;; datapack_compile; ghosts_and_ghouls
[2026, 10, 3, 13, 12, 41] ;;; datapack_compile; dynamic_dirt
[2026, 10, 3, 13, 12, 41] ;;; datapack_compile; ghosts_and_ghouls
[2026, 10, 3, 13, 12, 41] ;;; datapack_compile; dynamic_dirt
[2026, 10, 3, 13, 12, 41] ;;; datapack_compile; gothic_horror
[2026, 10, 3, 13, 12, 41] ;;; datapack_compile; dynamic_dirt
[2026, 10, 3, 13, 12, 41] ;;; datapack_compile; gstools
[2026, 10, 3, 13, 12, 41] ;;; datapack_compile; dynamic_dirt
[2026, 10, 3, 13, 12, 41] ;;; datapack_compile; undead_expanded
[2026, 10, 3, 13, 12, 41] ;;; datapack_compile; dynamic_dirt
[2026, 10, 3, 13, 12, 41] ;;; datapack_compile; ?? gstools
[2026, 10, 3, 13, 12, 41] ;;; datapack_compile; dynamic_dirt
[2026, 10, 3, 13, 12, 42] ;;; datapack_compile; ghosts_and_ghouls
[2026, 10, 3, 13, 12, 42] ;;; datapack_compile; dynamic_ecosystems
[2026, 10, 3, 13, 12, 42] ;;; datapack_compile; ghosts_and_ghouls
[2026, 10, 3, 13, 12, 42] ;;; datapack_compile; dynamic_ecosystems
[2026, 10, 3, 13, 12, 42] ;;; datapack_compile; ghosts_and_ghouls
[2026, 10, 3, 13, 12, 42] ;;; datapack_compile; dynamic_ecosystems
[2026, 10, 3, 13, 12, 42] ;;; datapack_compile; gothic_horror
[2026, 10, 3, 13, 12, 42] ;;; datapack_compile; dynamic_ecosystems
[2026, 10, 3, 13, 12, 42] ;;; datapack_compile; gstools
[2026, 10, 3, 13, 12, 42] ;;; datapack_compile; dynamic_ecosystems
[2026, 10, 3, 13, 12, 42] ;;; datapack_compile; undead_expanded
[2026, 10, 3, 13, 12, 42] ;;; datapack_compile; dynamic_ecosystems
[2026, 10, 3, 13, 12, 42] ;;; datapack_compile; ?? gstools
[2026, 10, 3, 13, 12, 42] ;;; datapack_compile; dynamic_ecosystems
[2026, 10, 3, 13, 12, 42] ;;; datapack_compile; ghosts_and_ghouls
[2026, 10, 3, 13, 12, 42] ;;; datapack_compile; dynamic_monsters
[2026, 10, 3, 13, 12, 42] ;;; datapack_compile; ghosts_and_ghouls
[2026, 10, 3, 13, 12, 42] ;;; datapack_compile; dynamic_monsters
[2026, 10, 3, 13, 12, 42] ;;; datapack_compile; ghosts_and_ghouls
[2026, 10, 3, 13, 12, 42] ;;; datapack_compile; dynamic_monsters
[2026, 10, 3, 13, 12, 42] ;;; datapack_compile; gothic_horror
[2026, 10, 3, 13, 12, 42] ;;; datapack_compile; dynamic_monsters
[2026, 10, 3, 13, 12, 42] ;;; datapack_compile; gstools
[2026, 10, 3, 13, 12, 42] ;;; datapack_compile; dynamic_monsters
[2026, 10, 3, 13, 12, 42] ;;; datapack_compile; undead_expanded
[2026, 10, 3, 13, 12, 42] ;;; datapack_compile; dynamic_monsters
[2026, 10, 3, 13, 12, 42] ;;; datapack_compile; ?? gstools
[2026, 10, 3, 13, 12, 42] ;;; datapack_compile; dynamic_monsters
[2026, 10, 3, 13, 12, 43] ;;; datapack_compile; ghosts_and_ghouls
[2026, 10, 3, 13, 12, 43] ;;; datapack_compile; enhanced_survival
[2026, 10, 3, 13, 12, 43] ;;; datapack_compile; ghosts_and_ghouls
[2026, 10, 3, 13, 12, 43] ;;; datapack_compile; enhanced_survival
[2026, 10, 3, 13, 12, 43] ;;; datapack_compile; ghosts_and_ghouls
[2026, 10, 3, 13, 12, 43] ;;; datapack_compile; enhanced_survival
[2026, 10, 3, 13, 12, 43] ;;; datapack_compile; gothic_horror
[2026, 10, 3, 13, 12, 43] ;;; datapack_compile; enhanced_survival
[2026, 10, 3, 13, 12, 43] ;;; datapack_compile; gstools
[2026, 10, 3, 13, 12, 43] ;;; datapack_compile; enhanced_survival
[2026, 10, 3, 13, 12, 43] ;;; datapack_compile; undead_expanded
[2026, 10, 3, 13, 12, 43] ;;; datapack_compile; enhanced_survival
[2026, 10, 3, 13, 12, 43] ;;; datapack_compile; ?? gstools
[2026, 10, 3, 13, 12, 43] ;;; datapack_compile; enhanced_survival
[2026, 10, 3, 13, 12, 43] ;;; datapack_compile; ghosts_and_ghouls
[2026, 10, 3, 13, 12, 43] ;;; datapack_compile; enhanced_survival
[2026, 10, 3, 13, 12, 43] ;;; datapack_compile; ghosts_and_ghouls
[2026, 10, 3, 13, 12, 43] ;;; datapack_compile; enhanced_survival
[2026, 10, 3, 13, 12, 43] ;;; datapack_compile; ghosts_and_ghouls
[2026, 10, 3, 13, 12, 43] ;;; datapack_compile; enhanced_survival
[2026, 10, 3, 13, 12, 43] ;;; datapack_compile; gothic_horror
[2026, 10, 3, 13, 12, 44] ;;; datapack_compile; enhanced_survival
[2026, 10, 3, 13, 12, 44] ;;; datapack_compile; gstools
[2026, 10, 3, 13, 12, 44] ;;; datapack_compile; enhanced_survival
[2026, 10, 3, 13, 12, 44] ;;; datapack_compile; undead_expanded
[2026, 10, 3, 13, 12, 44] ;;; datapack_compile; enhanced_survival
[2026, 10, 3, 13, 12, 44] ;;; datapack_compile; ?? gstools
[2026, 10, 3, 13, 12, 44] ;;; datapack_compile; enhanced_survival
[2026, 10, 3, 13, 12, 44] ;;; datapack_compile; ghosts_and_ghouls
[2026, 10, 3, 13, 12, 44] ;;; datapack_compile; ghosts_and_ghouls
[2026, 10, 3, 13, 12, 44] ;;; datapack_compile; ghosts_and_ghouls
[2026, 10, 3, 13, 12, 44] ;;; datapack_compile; ghosts_and_ghouls
[2026, 10, 3, 13, 12, 44] ;;; datapack_compile; ghosts_and_ghouls
[2026, 10, 3, 13, 12, 44] ;;; datapack_compile; ghosts_and_ghouls
[2026, 10, 3, 13, 12, 44] ;;; datapack_compile; ghosts_and_ghouls
[2026, 10, 3, 13, 12, 44] ;;; datapack_compile; ghosts_and_ghouls
[2026, 10, 3, 13, 12, 44] ;;; datapack_compile; ghosts_and_ghouls
[2026, 10, 3, 13, 12, 44] ;;; datapack_compile; ghosts_and_ghouls
[2026, 10, 3, 13, 12, 44] ;;; datapack_compile; ghosts_and_ghouls
[2026, 10, 3, 13, 12, 44] ;;; datapack_compile; ghosts_and_ghouls
[2026, 10, 3, 13, 12, 44] ;;; datapack_compile; gothic_horror
[2026, 10, 3, 13, 12, 44] ;;; datapack_compile; ghosts_and_ghouls
[2026, 10, 3, 13, 12, 44] ;;; datapack_compile; gstools
[2026, 10, 3, 13, 12, 44] ;;; datapack_compile; ghosts_and_ghouls
[2026, 10, 3, 13, 12, 44] ;;; datapack_compile; undead_expanded
[2026, 10, 3, 13, 12, 44] ;;; datapack_compile; ghosts_and_ghouls
[2026, 10, 3, 13, 12, 44] ;;; datapack_compile; ?? gstools
[2026, 10, 3, 13, 12, 44] ;;; datapack_compile; ghosts_and_ghouls
[2026, 10, 3, 13, 12, 49] ;;; datapack_compile; ghosts_and_ghouls
[2026, 10, 3, 13, 12, 49] ;;; datapack_compile; gothic_horror
[2026, 10, 3, 13, 12, 49] ;;; datapack_compile; ghosts_and_ghouls
[2026, 10, 3, 13, 12, 49] ;;; datapack_compile; gothic_horror
[2026, 10, 3, 13, 12, 49] ;;; datapack_compile; ghosts_and_ghouls
[2026, 10, 3, 13, 12, 49] ;;; datapack_compile; gothic_horror
[2026, 10, 3, 13, 12, 49] ;;; datapack_compile; gothic_horror
[2026, 10, 3, 13, 12, 49] ;;; datapack_compile; gothic_horror
[2026, 10, 3, 13, 12, 49] ;;; datapack_compile; gothic_horror
[2026, 10, 3, 13, 12, 49] ;;; datapack_compile; gothic_horror
[2026, 10, 3, 13, 12, 49] ;;; datapack_compile; gstools
[2026, 10, 3, 13, 12, 49] ;;; datapack_compile; gothic_horror
[2026, 10, 3, 13, 12, 49] ;;; datapack_compile; undead_expanded
[2026, 10, 3, 13, 12, 49] ;;; datapack_compile; gothic_horror
[2026, 10, 3, 13, 12, 49] ;;; datapack_compile; ?? gstools
[2026, 10, 3, 13, 12, 49] ;;; datapack_compile; gothic_horror
[2026, 10, 3, 13, 12, 51] ;;; datapack_compile; ghosts_and_ghouls
[2026, 10, 3, 13, 12, 51] ;;; datapack_compile; gothic_horror
[2026, 10, 3, 13, 12, 51] ;;; datapack_compile; ghosts_and_ghouls
[2026, 10, 3, 13, 12, 51] ;;; datapack_compile; gothic_horror
[2026, 10, 3, 13, 12, 51] ;;; datapack_compile; ghosts_and_ghouls
[2026, 10, 3, 13, 12, 51] ;;; datapack_compile; gothic_horror
[2026, 10, 3, 13, 12, 51] ;;; datapack_compile; gothic_horror
[2026, 10, 3, 13, 12, 51] ;;; datapack_compile; gothic_horror
[2026, 10, 3, 13, 12, 51] ;;; datapack_compile; gothic_horror
[2026, 10, 3, 13, 12, 51] ;;; datapack_compile; gothic_horror
[2026, 10, 3, 13, 12, 51] ;;; datapack_compile; gstools
[2026, 10, 3, 13, 12, 51] ;;; datapack_compile; gothic_horror
[2026, 10, 3, 13, 12, 51] ;;; datapack_compile; undead_expanded
[2026, 10, 3, 13, 12, 51] ;;; datapack_compile; gothic_horror
[2026, 10, 3, 13, 12, 51] ;;; datapack_compile; ?? gstools
[2026, 10, 3, 13, 12, 51] ;;; datapack_compile; gothic_horror
[2026, 10, 3, 13, 12, 51] ;;; datapack_compile; ghosts_and_ghouls
[2026, 10, 3, 13, 12, 51] ;;; datapack_compile; gstools
[2026, 10, 3, 13, 12, 51] ;;; datapack_compile; ghosts_and_ghouls
[2026, 10, 3, 13, 12, 51] ;;; datapack_compile; gstools
[2026, 10, 3, 13, 12, 51] ;;; datapack_compile; ghosts_and_ghouls
[2026, 10, 3, 13, 12, 51] ;;; datapack_compile; gstools
[2026, 10, 3, 13, 12, 51] ;;; datapack_compile; gothic_horror
[2026, 10, 3, 13, 12, 51] ;;; datapack_compile; gstools
[2026, 10, 3, 13, 12, 51] ;;; datapack_compile; gstools
[2026, 10, 3, 13, 12, 51] ;;; datapack_compile; gstools
[2026, 10, 3, 13, 12, 51] ;;; datapack_compile; gstools
[2026, 10, 3, 13, 12, 51] ;;; datapack_compile; gstools
[2026, 10, 3, 13, 12, 51] ;;; datapack_compile; undead_expanded
[2026, 10, 3, 13, 12, 51] ;;; datapack_compile; gstools
[2026, 10, 3, 13, 12, 51] ;;; datapack_compile; ?? gstools
[2026, 10, 3, 13, 12, 51] ;;; datapack_compile; gstools
[2026, 10, 3, 13, 14, 4] ;;; datapack_compile; ghosts_and_ghouls
[2026, 10, 3, 13, 14, 4] ;;; datapack_compile; gstools
[2026, 10, 3, 13, 14, 4] ;;; datapack_compile; ghosts_and_ghouls
[2026, 10, 3, 13, 14, 4] ;;; datapack_compile; gstools
[2026, 10, 3, 13, 14, 4] ;;; datapack_compile; ghosts_and_ghouls
[2026, 10, 3, 13, 14, 4] ;;; datapack_compile; gstools
[2026, 10, 3, 13, 14, 4] ;;; datapack_compile; gothic_horror
[2026, 10, 3, 13, 14, 4] ;;; datapack_compile; gstools
[2026, 10, 3, 13, 14, 4] ;;; datapack_compile; gstools
[2026, 10, 3, 13, 14, 4] ;;; datapack_compile; gstools
[2026, 10, 3, 13, 14, 4] ;;; datapack_compile; gstools
[2026, 10, 3, 13, 14, 4] ;;; datapack_compile; gstools
[2026, 10, 3, 13, 14, 4] ;;; datapack_compile; undead_expanded
[2026, 10, 3, 13, 14, 4] ;;; datapack_compile; gstools
[2026, 10, 3, 13, 14, 4] ;;; datapack_compile; ?? gstools
[2026, 10, 3, 13, 14, 4] ;;; datapack_compile; gstools
[2026, 10, 3, 13, 14, 6] ;;; datapack_compile; ghosts_and_ghouls
[2026, 10, 3, 13, 14, 6] ;;; datapack_compile; gstools
[2026, 10, 3, 13, 14, 6] ;;; datapack_compile; ghosts_and_ghouls
[2026, 10, 3, 13, 14, 6] ;;; datapack_compile; gstools
[2026, 10, 3, 13, 14, 6] ;;; datapack_compile; ghosts_and_ghouls
[2026, 10, 3, 13, 14, 6] ;;; datapack_compile; gstools
[2026, 10, 3, 13, 14, 6] ;;; datapack_compile; gothic_horror
[2026, 10, 3, 13, 14, 6] ;;; datapack_compile; gstools
[2026, 10, 3, 13, 14, 6] ;;; datapack_compile; gstools
[2026, 10, 3, 13, 14, 6] ;;; datapack_compile; gstools
[2026, 10, 3, 13, 14, 6] ;;; datapack_compile; gstools
[2026, 10, 3, 13, 14, 6] ;;; datapack_compile; gstools
[2026, 10, 3, 13, 14, 6] ;;; datapack_compile; undead_expanded
[2026, 10, 3, 13, 14, 6] ;;; datapack_compile; gstools
[2026, 10, 3, 13, 14, 6] ;;; datapack_compile; ?? gstools
[2026, 10, 3, 13, 14, 6] ;;; datapack_compile; gstools
[2026, 10, 3, 13, 14, 19] ;;; datapack_compile; ghosts_and_ghouls
[2026, 10, 3, 13, 14, 19] ;;; datapack_compile; gstools
[2026, 10, 3, 13, 14, 19] ;;; datapack_compile; ghosts_and_ghouls
[2026, 10, 3, 13, 14, 19] ;;; datapack_compile; gstools
[2026, 10, 3, 13, 14, 19] ;;; datapack_compile; ghosts_and_ghouls
[2026, 10, 3, 13, 14, 19] ;;; datapack_compile; gstools
[2026, 10, 3, 13, 14, 19] ;;; datapack_compile; gothic_horror
[2026, 10, 3, 13, 14, 19] ;;; datapack_compile; gstools
[2026, 10, 3, 13, 14, 19] ;;; datapack_compile; gstools
[2026, 10, 3, 13, 14, 19] ;;; datapack_compile; gstools
[2026, 10, 3, 13, 14, 19] ;;; datapack_compile; gstools
[2026, 10, 3, 13, 14, 19] ;;; datapack_compile; gstools
[2026, 10, 3, 13, 14, 19] ;;; datapack_compile; undead_expanded
[2026, 10, 3, 13, 14, 19] ;;; datapack_compile; gstools
[2026, 10, 3, 13, 14, 19] ;;; datapack_compile; ?? gstools
[2026, 10, 3, 13, 14, 19] ;;; datapack_compile; gstools
[2026, 10, 3, 13, 14, 20] ;;; datapack_compile; ghosts_and_ghouls
[2026, 10, 3, 13, 14, 20] ;;; datapack_compile; gstools
[2026, 10, 3, 13, 14, 20] ;;; datapack_compile; ghosts_and_ghouls
[2026, 10, 3, 13, 14, 20] ;;; datapack_compile; gstools
[2026, 10, 3, 13, 14, 20] ;;; datapack_compile; ghosts_and_ghouls
[2026, 10, 3, 13, 14, 20] ;;; datapack_compile; gstools
[2026, 10, 3, 13, 14, 20] ;;; datapack_compile; gothic_horror
[2026, 10, 3, 13, 14, 20] ;;; datapack_compile; gstools
[2026, 10, 3, 13, 14, 20] ;;; datapack_compile; gstools
[2026, 10, 3, 13, 14, 20] ;;; datapack_compile; gstools
[2026, 10, 3, 13, 14, 20] ;;; datapack_compile; gstools
[2026, 10, 3, 13, 14, 20] ;;; datapack_compile; gstools
[2026, 10, 3, 13, 14, 20] ;;; datapack_compile; undead_expanded
[2026, 10, 3, 13, 14, 20] ;;; datapack_compile; gstools
[2026, 10, 3, 13, 14, 20] ;;; datapack_compile; ?? gstools
[2026, 10, 3, 13, 14, 20] ;;; datapack_compile; gstools
[2026, 10, 3, 13, 14, 20] ;;; datapack_compile; ghosts_and_ghouls
[2026, 10, 3, 13, 14, 20] ;;; datapack_compile; gstools
[2026, 10, 3, 13, 14, 20] ;;; datapack_compile; ghosts_and_ghouls
[2026, 10, 3, 13, 14, 20] ;;; datapack_compile; gstools
[2026, 10, 3, 13, 14, 21] ;;; datapack_compile; ghosts_and_ghouls
[2026, 10, 3, 13, 14, 21] ;;; datapack_compile; gstools
[2026, 10, 3, 13, 14, 21] ;;; datapack_compile; gothic_horror
[2026, 10, 3, 13, 14, 21] ;;; datapack_compile; gstools
[2026, 10, 3, 13, 14, 21] ;;; datapack_compile; gstools
[2026, 10, 3, 13, 14, 21] ;;; datapack_compile; gstools
[2026, 10, 3, 13, 14, 21] ;;; datapack_compile; gstools
[2026, 10, 3, 13, 14, 21] ;;; datapack_compile; gstools
[2026, 10, 3, 13, 14, 21] ;;; datapack_compile; undead_expanded
[2026, 10, 3, 13, 14, 21] ;;; datapack_compile; gstools
[2026, 10, 3, 13, 14, 21] ;;; datapack_compile; ?? gstools
[2026, 10, 3, 13, 14, 21] ;;; datapack_compile; gstools
[2026, 10, 3, 13, 14, 21] ;;; datapack_compile; ghosts_and_ghouls
[2026, 10, 3, 13, 14, 21] ;;; datapack_compile; life_and_death
[2026, 10, 3, 13, 14, 21] ;;; datapack_compile; ghosts_and_ghouls
[2026, 10, 3, 13, 14, 21] ;;; datapack_compile; life_and_death
[2026, 10, 3, 13, 14, 21] ;;; datapack_compile; ghosts_and_ghouls
[2026, 10, 3, 13, 14, 21] ;;; datapack_compile; life_and_death
[2026, 10, 3, 13, 14, 21] ;;; datapack_compile; gothic_horror
[2026, 10, 3, 13, 14, 21] ;;; datapack_compile; life_and_death
[2026, 10, 3, 13, 14, 21] ;;; datapack_compile; gstools
[2026, 10, 3, 13, 14, 21] ;;; datapack_compile; life_and_death
[2026, 10, 3, 13, 14, 21] ;;; datapack_compile; undead_expanded
[2026, 10, 3, 13, 14, 21] ;;; datapack_compile; life_and_death
[2026, 10, 3, 13, 14, 21] ;;; datapack_compile; ?? gstools
[2026, 10, 3, 13, 14, 21] ;;; datapack_compile; life_and_death
[2026, 10, 3, 13, 14, 21] ;;; datapack_compile; ghosts_and_ghouls
[2026, 10, 3, 13, 14, 21] ;;; datapack_compile; undead_expanded
[2026, 10, 3, 13, 14, 21] ;;; datapack_compile; ghosts_and_ghouls
[2026, 10, 3, 13, 14, 21] ;;; datapack_compile; undead_expanded
[2026, 10, 3, 13, 14, 21] ;;; datapack_compile; ghosts_and_ghouls
[2026, 10, 3, 13, 14, 21] ;;; datapack_compile; undead_expanded
[2026, 10, 3, 13, 14, 21] ;;; datapack_compile; gothic_horror
[2026, 10, 3, 13, 14, 21] ;;; datapack_compile; undead_expanded
[2026, 10, 3, 13, 14, 21] ;;; datapack_compile; gstools
[2026, 10, 3, 13, 14, 21] ;;; datapack_compile; undead_expanded
[2026, 10, 3, 13, 14, 21] ;;; datapack_compile; undead_expanded
[2026, 10, 3, 13, 14, 21] ;;; datapack_compile; undead_expanded
[2026, 10, 3, 13, 14, 21] ;;; datapack_compile; undead_expanded
[2026, 10, 3, 13, 14, 21] ;;; datapack_compile; undead_expanded
[2026, 10, 3, 13, 14, 21] ;;; datapack_compile; ?? gstools
[2026, 10, 3, 13, 14, 21] ;;; datapack_compile; undead_expanded