
[2026, 9, 28, 8, 26, 4] ;;; build; build.py
[2026, 9, 28, 8, 26, 4] ;;; build; --build
[2026, 9, 28, 8, 26, 4] ;;; build; --skipCompile
[2026, 9, 28, 8, 26, 4] ;;; build; --continueBuild
[2026, 9, 28, 8, 26, 4] ;;; build; Init Mod Build...
[2026, 9, 28, 8, 26, 4] ;;; build; Continuing prior build instance...
[2026, 9, 28, 8, 26, 4] ;;; build; Init resources...
[2026, 9, 28, 8, 26, 5] ;;; build; Skipping datapack compile...
[2026, 9, 28, 8, 26, 5] ;;; build; Adjusting current version as needed...
[2026, 9, 28, 8, 26, 5] ;;; build; Appending to changelog...
[2026, 9, 28, 8, 26, 5] ;;; build; Begin Complete Build Block...
[2026, 9, 28, 8, 26, 5] ;;; build; Init Build Per Datapack Compile Block...
[2026, 9, 28, 8, 26, 5] ;;; build; Compiling datapack block_decay into mod...
[2026, 9, 28, 8, 26, 5] ;;; build;    > Detecting split versions...
[2026, 9, 28, 8, 26, 5] ;;; build;    --> Version to delete after: gstools-neoforge-1.21.9.jar
[2026, 9, 28, 8, 26, 5] ;;; build;    --> Version to delete after: gstools-neoforge-1.21.10.jar
[2026, 9, 28, 8, 26, 5] ;;; build;    --> Version to delete after: gstools-neoforge-1.21.11.jar
[2026, 9, 28, 8, 26, 5] ;;; build;    --> Version to delete after: gstools-neoforge-1.21.jar
[2026, 9, 28, 8, 26, 5] ;;; build;    --> Version to delete after: gstools-fabric-1.21.10.jar
[2026, 9, 28, 8, 26, 5] ;;; build;    --> Version to delete after: gstools-fabric-1.21.11.jar
[2026, 9, 28, 8, 26, 5] ;;; build;    --> Copying modified game version cache...
[2026, 9, 28, 8, 26, 8] ;;; build;    > Beginning build block...
[2026, 9, 28, 8, 26, 8] ;;; build;    > Compiling for fabric-1.21.10...
[2026, 9, 28, 8, 26, 8] ;;; build;    --> Modfile already exists in build dir. Skipping...
[2026, 9, 28, 8, 26, 8] ;;; build;    > Compiling for fabric-1.21.11...
[2026, 9, 28, 8, 26, 8] ;;; build;    --> Modfile already exists in build dir. Skipping...
[2026, 9, 28, 8, 26, 8] ;;; build;    > Compiling for fabric-1.21.8...
[2026, 9, 28, 8, 26, 8] ;;; build;    --> Modfile already exists in build dir. Skipping...
[2026, 9, 28, 8, 26, 8] ;;; build;    > Compiling for fabric-1.21.9...
[2026, 9, 28, 8, 26, 8] ;;; build;    --> Modfile already exists in build dir. Skipping...
[2026, 9, 28, 8, 26, 8] ;;; build;    > Compiling for fabric-26.1...
[2026, 9, 28, 8, 26, 8] ;;; build;    --> Modfile already exists in build dir. Skipping...
[2026, 9, 28, 8, 26, 8] ;;; build;    > Compiling for fabric-26.2...
[2026, 9, 28, 8, 26, 8] ;;; build;    --> Modfile already exists in build dir. Skipping...
[2026, 9, 28, 8, 26, 8] ;;; build;    > Compiling for fabric-26.3...
[2026, 9, 28, 8, 26, 8] ;;; build;    --> Modfile already exists in build dir. Skipping...
[2026, 9, 28, 8, 26, 8] ;;; build;    > Compiling for forge-1.19.4...
[2026, 9, 28, 8, 26, 8] ;;; build;    --> Modfile already exists in build dir. Skipping...
[2026, 9, 28, 8, 26, 8] ;;; build;    > Compiling for forge-1.20.1...
[2026, 9, 28, 8, 26, 8] ;;; build;    --> Modfile already exists in build dir. Skipping...
[2026, 9, 28, 8, 26, 8] ;;; build;    > Compiling for neoforge-1.20.4...
[2026, 9, 28, 8, 26, 8] ;;; build;    --> Modfile already exists in build dir. Skipping...
[2026, 9, 28, 8, 26, 8] ;;; build;    > Compiling for neoforge-1.20.6...
[2026, 9, 28, 8, 26, 8] ;;; build;    --> Modfile already exists in build dir. Skipping...
[2026, 9, 28, 8, 26, 8] ;;; build;    > Compiling for neoforge-1.21.1...
[2026, 9, 28, 8, 26, 8] ;;; build;    --> Modfile already exists in build dir. Skipping...
[2026, 9, 28, 8, 26, 8] ;;; build;    > Compiling for neoforge-1.21.10...
[2026, 9, 28, 8, 26, 8] ;;; build;    --> Modfile already exists in build dir. Skipping...
[2026, 9, 28, 8, 26, 8] ;;; build;    > Compiling for neoforge-1.21.11...
[2026, 9, 28, 8, 26, 8] ;;; build;    --> Modfile already exists in build dir. Skipping...
[2026, 9, 28, 8, 26, 8] ;;; build;    > Compiling for neoforge-1.21.2...
[2026, 9, 28, 8, 26, 8] ;;; build;    --> Modfile already exists in build dir. Skipping...
[2026, 9, 28, 8, 26, 8] ;;; build;    > Compiling for neoforge-1.21.4...
[2026, 9, 28, 8, 26, 8] ;;; build;    --> Modfile already exists in build dir. Skipping...
[2026, 9, 28, 8, 26, 8] ;;; build;    > Compiling for neoforge-1.21.5...
[2026, 9, 28, 8, 26, 8] ;;; build;    --> Modfile already exists in build dir. Skipping...
[2026, 9, 28, 8, 26, 8] ;;; build;    > Compiling for neoforge-1.21.8...
[2026, 9, 28, 8, 26, 8] ;;; build;    --> Modfile already exists in build dir. Skipping...
[2026, 9, 28, 8, 26, 8] ;;; build;    > Compiling for neoforge-1.21.9...
[2026, 9, 28, 8, 26, 8] ;;; build;    --> Modfile already exists in build dir. Skipping...
[2026, 9, 28, 8, 26, 8] ;;; build;    > Compiling for neoforge-1.21...
[2026, 9, 28, 8, 26, 8] ;;; build;    --> Modfile already exists in build dir. Skipping...
[2026, 9, 28, 8, 26, 8] ;;; build;    > Compiling for neoforge-26.1...
[2026, 9, 28, 8, 26, 8] ;;; build;    --> Modfile already exists in build dir. Skipping...
[2026, 9, 28, 8, 26, 8] ;;; build;    > Compiling for neoforge-26.2...
[2026, 9, 28, 8, 26, 8] ;;; build;    --> Modfile already exists in build dir. Skipping...
[2026, 9, 28, 8, 26, 8] ;;; build;    > Compiling for neoforge-26.3...
[2026, 9, 28, 8, 26, 8] ;;; build;    --> Modfile already exists in build dir. Skipping...
[2026, 9, 28, 8, 26, 8] ;;; build;    > Renaming zip files to jar files...
[2026, 9, 28, 8, 26, 8] ;;; build;    > Resetting to cached game versions config...
[2026, 9, 28, 8, 26, 8] ;;; build;    --> Deleting split version gstools-neoforge-1.21.9.jar...
[2026, 9, 28, 8, 26, 8] ;;; build;    --> Deleting split version gstools-neoforge-1.21.10.jar...
[2026, 9, 28, 8, 26, 8] ;;; build;    --> Deleting split version gstools-neoforge-1.21.11.jar...
[2026, 9, 28, 8, 26, 8] ;;; build;    --> Deleting split version gstools-neoforge-1.21.jar...
[2026, 9, 28, 8, 26, 8] ;;; build;    --> Deleting split version gstools-fabric-1.21.10.jar...
[2026, 9, 28, 8, 26, 8] ;;; build;    --> Deleting split version gstools-fabric-1.21.11.jar...
[2026, 9, 28, 8, 26, 8] ;;; build;    > Build Complete.
[2026, 9, 28, 8, 26, 9] ;;; build; Compiling datapack boss_progression into mod...
[2026, 9, 28, 8, 26, 9] ;;; build;    > Detecting split versions...
[2026, 9, 28, 8, 26, 9] ;;; build;    --> Nothing to delete after.
[2026, 9, 28, 8, 26, 9] ;;; build;    > Beginning build block...
[2026, 9, 28, 8, 26, 9] ;;; build;    > Renaming zip files to jar files...
[2026, 9, 28, 8, 26, 9] ;;; build;    > Resetting to cached game versions config...
[2026, 9, 28, 8, 26, 9] ;;; build;    > Build Complete.
[2026, 9, 28, 8, 26, 9] ;;; build; Compiling datapack desire_paths into mod...
[2026, 9, 28, 8, 26, 9] ;;; build;    > Detecting split versions...
[2026, 9, 28, 8, 26, 9] ;;; build;    --> Nothing to delete after.
[2026, 9, 28, 8, 26, 9] ;;; build;    > Beginning build block...
[2026, 9, 28, 8, 26, 9] ;;; build;    > Compiling for fabric-1.21.8...
[2026, 9, 28, 8, 26, 9] ;;; build;    --> Modfile already exists in build dir. Skipping...
[2026, 9, 28, 8, 26, 9] ;;; build;    > Compiling for fabric-1.21.9...
[2026, 9, 28, 8, 26, 9] ;;; build;    --> Modfile already exists in build dir. Skipping...
[2026, 9, 28, 8, 26, 9] ;;; build;    > Compiling for fabric-26.1...
[2026, 9, 28, 8, 26, 9] ;;; build;    --> Modfile already exists in build dir. Skipping...
[2026, 9, 28, 8, 26, 9] ;;; build;    > Compiling for fabric-26.2...
[2026, 9, 28, 8, 26, 9] ;;; build;    --> Modfile already exists in build dir. Skipping...
[2026, 9, 28, 8, 26, 9] ;;; build;    > Compiling for fabric-26.3...
[2026, 9, 28, 8, 26, 9] ;;; build;    --> Modfile already exists in build dir. Skipping...
[2026, 9, 28, 8, 26, 9] ;;; build;    > Compiling for forge-1.19.4...
[2026, 9, 28, 8, 26, 9] ;;; build;    --> Modfile already exists in build dir. Skipping...
[2026, 9, 28, 8, 26, 9] ;;; build;    > Compiling for forge-1.20.1...
[2026, 9, 28, 8, 26, 9] ;;; build;    --> Modfile already exists in build dir. Skipping...
[2026, 9, 28, 8, 26, 9] ;;; build;    > Compiling for neoforge-1.20.4...
[2026, 9, 28, 8, 26, 9] ;;; build;    --> Modfile already exists in build dir. Skipping...
[2026, 9, 28, 8, 26, 9] ;;; build;    > Compiling for neoforge-1.20.6...
[2026, 9, 28, 8, 26, 9] ;;; build;    --> Modfile already exists in build dir. Skipping...
[2026, 9, 28, 8, 26, 9] ;;; build;    > Compiling for neoforge-1.21.1...
[2026, 9, 28, 8, 26, 9] ;;; build;    --> Modfile already exists in build dir. Skipping...
[2026, 9, 28, 8, 26, 9] ;;; build;    > Compiling for neoforge-1.21.2...
[2026, 9, 28, 8, 26, 9] ;;; build;    --> Modfile already exists in build dir. Skipping...
[2026, 9, 28, 8, 26, 9] ;;; build;    > Compiling for neoforge-1.21.4...
[2026, 9, 28, 8, 26, 9] ;;; build;    --> Modfile already exists in build dir. Skipping...
[2026, 9, 28, 8, 26, 9] ;;; build;    > Compiling for neoforge-1.21.5...
[2026, 9, 28, 8, 26, 9] ;;; build;    --> Modfile already exists in build dir. Skipping...
[2026, 9, 28, 8, 26, 9] ;;; build;    > Compiling for neoforge-1.21.8...
[2026, 9, 28, 8, 26, 9] ;;; build;    --> Modfile already exists in build dir. Skipping...
[2026, 9, 28, 8, 26, 9] ;;; build;    > Compiling for neoforge-26.1...
[2026, 9, 28, 8, 26, 9] ;;; build;    --> Modfile already exists in build dir. Skipping...
[2026, 9, 28, 8, 26, 9] ;;; build;    > Compiling for neoforge-26.2...
[2026, 9, 28, 8, 26, 9] ;;; build;    --> Modfile already exists in build dir. Skipping...
[2026, 9, 28, 8, 26, 9] ;;; build;    > Compiling for neoforge-26.3...
[2026, 9, 28, 8, 26, 9] ;;; build;    --> Modfile already exists in build dir. Skipping...
[2026, 9, 28, 8, 26, 9] ;;; build;    > Renaming zip files to jar files...
[2026, 9, 28, 8, 26, 9] ;;; build;    > Resetting to cached game versions config...
[2026, 9, 28, 8, 26, 9] ;;; build;    > Build Complete.
[2026, 9, 28, 8, 26, 9] ;;; build; Compiling datapack dynamic_dirt into mod...
[2026, 9, 28, 8, 26, 9] ;;; build;    > Detecting split versions...
[2026, 9, 28, 8, 26, 9] ;;; build;    --> Nothing to delete after.
[2026, 9, 28, 8, 26, 9] ;;; build;    > Beginning build block...
[2026, 9, 28, 8, 26, 9] ;;; build;    > Compiling for fabric-1.21.8...
[2026, 9, 28, 8, 26, 9] ;;; build;    --> Modfile already exists in build dir. Skipping...
[2026, 9, 28, 8, 26, 9] ;;; build;    > Compiling for fabric-1.21.9...
[2026, 9, 28, 8, 26, 9] ;;; build;    --> Modfile already exists in build dir. Skipping...
[2026, 9, 28, 8, 26, 9] ;;; build;    > Compiling for fabric-26.1...
[2026, 9, 28, 8, 26, 9] ;;; build;    --> Modfile already exists in build dir. Skipping...
[2026, 9, 28, 8, 26, 9] ;;; build;    > Compiling for fabric-26.2...
[2026, 9, 28, 8, 26, 9] ;;; build;    --> Modfile already exists in build dir. Skipping...
[2026, 9, 28, 8, 26, 9] ;;; build;    > Compiling for fabric-26.3...
[2026, 9, 28, 8, 26, 9] ;;; build;    --> Modfile already exists in build dir. Skipping...
[2026, 9, 28, 8, 26, 9] ;;; build;    > Compiling for forge-1.19.4...
[2026, 9, 28, 8, 26, 9] ;;; build;    --> Modfile already exists in build dir. Skipping...
[2026, 9, 28, 8, 26, 9] ;;; build;    > Compiling for forge-1.20.1...
[2026, 9, 28, 8, 26, 9] ;;; build;    --> Modfile already exists in build dir. Skipping...
[2026, 9, 28, 8, 26, 9] ;;; build;    > Compiling for neoforge-1.20.4...
[2026, 9, 28, 8, 26, 9] ;;; build;    --> Modfile already exists in build dir. Skipping...
[2026, 9, 28, 8, 26, 9] ;;; build;    > Compiling for neoforge-1.20.6...
[2026, 9, 28, 8, 26, 9] ;;; build;    --> Modfile already exists in build dir. Skipping...
[2026, 9, 28, 8, 26, 9] ;;; build;    > Compiling for neoforge-1.21.1...
[2026, 9, 28, 8, 26, 9] ;;; build;    --> Modfile already exists in build dir. Skipping...
[2026, 9, 28, 8, 26, 9] ;;; build;    > Compiling for neoforge-1.21.2...
[2026, 9, 28, 8, 26, 9] ;;; build;    --> Modfile already exists in build dir. Skipping...
[2026, 9, 28, 8, 26, 9] ;;; build;    > Compiling for neoforge-1.21.4...
[2026, 9, 28, 8, 26, 9] ;;; build;    --> Modfile already exists in build dir. Skipping...
[2026, 9, 28, 8, 26, 9] ;;; build;    > Compiling for neoforge-1.21.5...
[2026, 9, 28, 8, 26, 9] ;;; build;    --> Modfile already exists in build dir. Skipping...
[2026, 9, 28, 8, 26, 9] ;;; build;    > Compiling for neoforge-1.21.8...
[2026, 9, 28, 8, 26, 9] ;;; build;    --> Modfile already exists in build dir. Skipping...
[2026, 9, 28, 8, 26, 9] ;;; build;    > Compiling for neoforge-26.1...
[2026, 9, 28, 8, 26, 9] ;;; build;    --> Modfile already exists in build dir. Skipping...
[2026, 9, 28, 8, 26, 9] ;;; build;    > Compiling for neoforge-26.2...
[2026, 9, 28, 8, 26, 9] ;;; build;    --> Modfile already exists in build dir. Skipping...
[2026, 9, 28, 8, 26, 9] ;;; build;    > Compiling for neoforge-26.3...
[2026, 9, 28, 8, 26, 9] ;;; build;    --> Modfile already exists in build dir. Skipping...
[2026, 9, 28, 8, 26, 9] ;;; build;    > Renaming zip files to jar files...
[2026, 9, 28, 8, 26, 9] ;;; build;    > Resetting to cached game versions config...
[2026, 9, 28, 8, 26, 9] ;;; build;    > Build Complete.
[2026, 9, 28, 8, 26, 9] ;;; build; Compiling datapack dynamic_ecosystems into mod...
[2026, 9, 28, 8, 26, 9] ;;; build;    > Detecting split versions...
[2026, 9, 28, 8, 26, 9] ;;; build;    --> Nothing to delete after.
[2026, 9, 28, 8, 26, 9] ;;; build;    > Beginning build block...
[2026, 9, 28, 8, 26, 9] ;;; build;    > Compiling for fabric-1.21.8...
[2026, 9, 28, 8, 26, 9] ;;; build;    --> Modfile already exists in build dir. Skipping...
[2026, 9, 28, 8, 26, 9] ;;; build;    > Compiling for fabric-1.21.9...
[2026, 9, 28, 8, 26, 9] ;;; build;    --> Modfile already exists in build dir. Skipping...
[2026, 9, 28, 8, 26, 9] ;;; build;    > Compiling for fabric-26.1...
[2026, 9, 28, 8, 26, 9] ;;; build;    --> Modfile already exists in build dir. Skipping...
[2026, 9, 28, 8, 26, 9] ;;; build;    > Compiling for fabric-26.2...
[2026, 9, 28, 8, 26, 9] ;;; build;    --> Modfile already exists in build dir. Skipping...
[2026, 9, 28, 8, 26, 9] ;;; build;    > Compiling for fabric-26.3...
[2026, 9, 28, 8, 26, 9] ;;; build;    --> Modfile already exists in build dir. Skipping...
[2026, 9, 28, 8, 26, 9] ;;; build;    > Compiling for forge-1.19.4...
[2026, 9, 28, 8, 26, 9] ;;; build;    --> Modfile already exists in build dir. Skipping...
[2026, 9, 28, 8, 26, 9] ;;; build;    > Compiling for forge-1.20.1...
[2026, 9, 28, 8, 26, 9] ;;; build;    --> Modfile already exists in build dir. Skipping...
[2026, 9, 28, 8, 26, 9] ;;; build;    > Compiling for neoforge-1.20.4...
[2026, 9, 28, 8, 26, 9] ;;; build;    --> Modfile already exists in build dir. Skipping...
[2026, 9, 28, 8, 26, 9] ;;; build;    > Compiling for neoforge-1.20.6...
[2026, 9, 28, 8, 26, 9] ;;; build;    --> Cleaning temp directory...
[2026, 9, 28, 8, 26, 11] ;;; build;    --> Unpacking base jar file...
[2026, 9, 28, 8, 26, 11] ;;; build;    --> Copying compiled mcfunction assets...
[2026, 9, 28, 8, 26, 13] ;;; build;    --> Injecting logo...
[2026, 9, 28, 8, 26, 13] ;;; build;    --> Injecting config defaults...
[2026, 9, 28, 8, 26, 13] ;;; build;    --> Handling loader specifications...
[2026, 9, 28, 8, 26, 13] ;;; build;      ---> Init Neoforge...
[2026, 9, 28, 8, 26, 13] ;;; build;    --> Removing gstools jar files from non-gstools mod...
[2026, 9, 28, 8, 26, 13] ;;; build;    --> Injecting block tags...
[2026, 9, 28, 8, 26, 13] ;;; build;    --> Duplicating function folder for backported versions...
[2026, 9, 28, 8, 26, 14] ;;; build;    --> Packing into jar file...
[2026, 9, 28, 8, 26, 17] ;;; build;    --> Cleaning Up...
[2026, 9, 28, 8, 26, 18] ;;; build;    --> Done.
[2026, 9, 28, 8, 26, 18] ;;; build;    > Compiling for neoforge-1.21.1...
[2026, 9, 28, 8, 26, 18] ;;; build;    --> Modfile already exists in build dir. Skipping...
[2026, 9, 28, 8, 26, 18] ;;; build;    > Compiling for neoforge-1.21.2...
[2026, 9, 28, 8, 26, 18] ;;; build;    --> Modfile already exists in build dir. Skipping...
[2026, 9, 28, 8, 26, 18] ;;; build;    > Compiling for neoforge-1.21.4...
[2026, 9, 28, 8, 26, 18] ;;; build;    --> Modfile already exists in build dir. Skipping...
[2026, 9, 28, 8, 26, 18] ;;; build;    > Compiling for neoforge-1.21.5...
[2026, 9, 28, 8, 26, 18] ;;; build;    --> Modfile already exists in build dir. Skipping...
[2026, 9, 28, 8, 26, 18] ;;; build;    > Compiling for neoforge-1.21.8...
[2026, 9, 28, 8, 26, 18] ;;; build;    --> Modfile already exists in build dir. Skipping...
[2026, 9, 28, 8, 26, 18] ;;; build;    > Compiling for neoforge-26.1...
[2026, 9, 28, 8, 26, 18] ;;; build;    --> Modfile already exists in build dir. Skipping...
[2026, 9, 28, 8, 26, 18] ;;; build;    > Compiling for neoforge-26.2...
[2026, 9, 28, 8, 26, 18] ;;; build;    --> Modfile already exists in build dir. Skipping...
[2026, 9, 28, 8, 26, 18] ;;; build;    > Compiling for neoforge-26.3...
[2026, 9, 28, 8, 26, 18] ;;; build;    --> Modfile already exists in build dir. Skipping...
[2026, 9, 28, 8, 26, 18] ;;; build;    > Renaming zip files to jar files...
[2026, 9, 28, 8, 26, 18] ;;; build;    > Resetting to cached game versions config...
[2026, 9, 28, 8, 26, 18] ;;; build;    > Build Complete.
[2026, 9, 28, 8, 26, 18] ;;; build; Compiling datapack dynamic_monsters into mod...
[2026, 9, 28, 8, 26, 18] ;;; build;    > Detecting split versions...
[2026, 9, 28, 8, 26, 18] ;;; build;    --> Nothing to delete after.
[2026, 9, 28, 8, 26, 18] ;;; build;    > Beginning build block...
[2026, 9, 28, 8, 26, 18] ;;; build;    > Compiling for fabric-1.21.8...
[2026, 9, 28, 8, 26, 18] ;;; build;    --> Modfile already exists in build dir. Skipping...
[2026, 9, 28, 8, 26, 18] ;;; build;    > Compiling for fabric-1.21.9...
[2026, 9, 28, 8, 26, 18] ;;; build;    --> Modfile already exists in build dir. Skipping...
[2026, 9, 28, 8, 26, 18] ;;; build;    > Compiling for fabric-26.1...
[2026, 9, 28, 8, 26, 18] ;;; build;    --> Modfile already exists in build dir. Skipping...
[2026, 9, 28, 8, 26, 18] ;;; build;    > Compiling for fabric-26.2...
[2026, 9, 28, 8, 26, 18] ;;; build;    --> Modfile already exists in build dir. Skipping...
[2026, 9, 28, 8, 26, 18] ;;; build;    > Compiling for fabric-26.3...
[2026, 9, 28, 8, 26, 18] ;;; build;    --> Modfile already exists in build dir. Skipping...
[2026, 9, 28, 8, 26, 18] ;;; build;    > Compiling for forge-1.19.4...
[2026, 9, 28, 8, 26, 18] ;;; build;    --> Modfile already exists in build dir. Skipping...
[2026, 9, 28, 8, 26, 18] ;;; build;    > Compiling for forge-1.20.1...
[2026, 9, 28, 8, 26, 18] ;;; build;    --> Modfile already exists in build dir. Skipping...
[2026, 9, 28, 8, 26, 18] ;;; build;    > Compiling for neoforge-1.20.4...
[2026, 9, 28, 8, 26, 18] ;;; build;    --> Modfile already exists in build dir. Skipping...
[2026, 9, 28, 8, 26, 18] ;;; build;    > Compiling for neoforge-1.20.6...
[2026, 9, 28, 8, 26, 18] ;;; build;    --> Modfile already exists in build dir. Skipping...
[2026, 9, 28, 8, 26, 18] ;;; build;    > Compiling for neoforge-1.21.1...
[2026, 9, 28, 8, 26, 18] ;;; build;    --> Modfile already exists in build dir. Skipping...
[2026, 9, 28, 8, 26, 18] ;;; build;    > Compiling for neoforge-1.21.2...
[2026, 9, 28, 8, 26, 18] ;;; build;    --> Modfile already exists in build dir. Skipping...
[2026, 9, 28, 8, 26, 18] ;;; build;    > Compiling for neoforge-1.21.4...
[2026, 9, 28, 8, 26, 18] ;;; build;    --> Modfile already exists in build dir. Skipping...
[2026, 9, 28, 8, 26, 18] ;;; build;    > Compiling for neoforge-1.21.5...
[2026, 9, 28, 8, 26, 18] ;;; build;    --> Modfile already exists in build dir. Skipping...
[2026, 9, 28, 8, 26, 18] ;;; build;    > Compiling for neoforge-1.21.8...
[2026, 9, 28, 8, 26, 18] ;;; build;    --> Modfile already exists in build dir. Skipping...
[2026, 9, 28, 8, 26, 18] ;;; build;    > Compiling for neoforge-26.1...
[2026, 9, 28, 8, 26, 18] ;;; build;    --> Modfile already exists in build dir. Skipping...
[2026, 9, 28, 8, 26, 18] ;;; build;    > Compiling for neoforge-26.2...
[2026, 9, 28, 8, 26, 18] ;;; build;    --> Modfile already exists in build dir. Skipping...
[2026, 9, 28, 8, 26, 18] ;;; build;    > Compiling for neoforge-26.3...
[2026, 9, 28, 8, 26, 18] ;;; build;    --> Modfile already exists in build dir. Skipping...
[2026, 9, 28, 8, 26, 18] ;;; build;    > Renaming zip files to jar files...
[2026, 9, 28, 8, 26, 18] ;;; build;    > Resetting to cached game versions config...
[2026, 9, 28, 8, 26, 18] ;;; build;    > Build Complete.
[2026, 9, 28, 8, 26, 18] ;;; build; Compiling datapack enhanced_survival into mod...
[2026, 9, 28, 8, 26, 18] ;;; build;    > Detecting split versions...
[2026, 9, 28, 8, 26, 18] ;;; build;    --> Nothing to delete after.
[2026, 9, 28, 8, 26, 18] ;;; build;    > Beginning build block...
[2026, 9, 28, 8, 26, 18] ;;; build;    > Compiling for fabric-1.21.8...
[2026, 9, 28, 8, 26, 18] ;;; build;    --> Cleaning temp directory...
[2026, 9, 28, 8, 26, 24] ;;; build;    --> Unpacking base jar file...
[2026, 9, 28, 8, 26, 24] ;;; build;    --> Copying compiled mcfunction assets...
[2026, 9, 28, 8, 26, 30] ;;; build;    --> Injecting logo...
[2026, 9, 28, 8, 26, 30] ;;; build;    --> Injecting config defaults...
[2026, 9, 28, 8, 26, 30] ;;; build;    --> Handling loader specifications...
[2026, 9, 28, 8, 26, 30] ;;; build;      ---> Init Fabric...
[2026, 9, 28, 8, 26, 30] ;;; build;    --> Injecting assets...
[2026, 9, 28, 8, 26, 30] ;;; build;    --> Compiling Loot Tables...
[2026, 9, 28, 8, 26, 30] ;;; build;      ---> Downloading vanilla jar...
[2026, 9, 28, 8, 26, 32] ;;; build;      ---> Unpacking vanilla jar...
[2026, 9, 28, 8, 26, 59] ;;; build;      ---> Injecting mod with vanilla jar files...
[2026, 9, 28, 8, 27, 1] ;;; build;      ---> Processing Loot Tables...
[2026, 9, 28, 8, 27, 21] ;;; build; Traceback (most recent call last):
  File "C:\Users\joshp\curseforge\minecraft\Instances\Alive Dev\saves\Desire Paths\datapacks_uncompiled\build.py", line 375, in compileDatapackIntoMod
    if int(aJarVersion.split(".")[0]) > 1:
           ^^^^^^^^^^^^^^^^^
AttributeError: 'list' object has no attribute 'split'

[2026, 9, 28, 8, 27, 21] ;;; build;    > Compiling for fabric-1.21.9...
[2026, 9, 28, 8, 27, 21] ;;; build;    --> Cleaning temp directory...
[2026, 9, 28, 8, 27, 32] ;;; build;    --> Unpacking base jar file...
[2026, 9, 28, 8, 27, 33] ;;; build;    --> Copying compiled mcfunction assets...
[2026, 9, 28, 8, 27, 36] ;;; build;    --> Injecting logo...
[2026, 9, 28, 8, 27, 36] ;;; build;    --> Injecting config defaults...
[2026, 9, 28, 8, 27, 36] ;;; build;    --> Handling loader specifications...
[2026, 9, 28, 8, 27, 36] ;;; build;      ---> Init Fabric...
[2026, 9, 28, 8, 27, 36] ;;; build;    --> Injecting assets...
[2026, 9, 28, 8, 27, 36] ;;; build;    --> Compiling Loot Tables...
[2026, 9, 28, 8, 27, 36] ;;; build;      ---> Downloading vanilla jar...
[2026, 9, 28, 8, 27, 38] ;;; build;      ---> Unpacking vanilla jar...
[2026, 9, 28, 8, 27, 58] ;;; build;      ---> Injecting mod with vanilla jar files...
[2026, 9, 28, 8, 27, 59] ;;; build;      ---> Processing Loot Tables...
[2026, 9, 28, 8, 28, 13] ;;; build; Traceback (most recent call last):
  File "C:\Users\joshp\curseforge\minecraft\Instances\Alive Dev\saves\Desire Paths\datapacks_uncompiled\build.py", line 375, in compileDatapackIntoMod
    if int(aJarVersion.split(".")[0]) > 1:
           ^^^^^^^^^^^^^^^^^
AttributeError: 'list' object has no attribute 'split'

[2026, 9, 28, 8, 28, 13] ;;; build;    > Compiling for fabric-26.1...
[2026, 9, 28, 8, 28, 13] ;;; build;    --> Cleaning temp directory...
[2026, 9, 28, 8, 28, 24] ;;; build;    --> Unpacking base jar file...
[2026, 9, 28, 8, 28, 24] ;;; build;    --> Copying compiled mcfunction assets...
[2026, 9, 28, 8, 28, 28] ;;; build;    --> Injecting logo...
[2026, 9, 28, 8, 28, 28] ;;; build;    --> Injecting config defaults...
[2026, 9, 28, 8, 28, 28] ;;; build;    --> Handling loader specifications...
[2026, 9, 28, 8, 28, 28] ;;; build;      ---> Init Fabric...
[2026, 9, 28, 8, 28, 28] ;;; build;    --> Injecting assets...
[2026, 9, 28, 8, 28, 28] ;;; build;    --> Compiling Loot Tables...
[2026, 9, 28, 8, 28, 28] ;;; build;      ---> Downloading vanilla jar...
[2026, 9, 28, 8, 28, 30] ;;; build;      ---> Unpacking vanilla jar...
[2026, 9, 28, 8, 28, 56] ;;; build;      ---> Injecting mod with vanilla jar files...
[2026, 9, 28, 8, 28, 58] ;;; build;      ---> Processing Loot Tables...
[2026, 9, 28, 8, 29, 12] ;;; build; Traceback (most recent call last):
  File "C:\Users\joshp\curseforge\minecraft\Instances\Alive Dev\saves\Desire Paths\datapacks_uncompiled\build.py", line 375, in compileDatapackIntoMod
    if int(aJarVersion.split(".")[0]) > 1:
           ^^^^^^^^^^^^^^^^^
AttributeError: 'list' object has no attribute 'split'

[2026, 9, 28, 8, 29, 12] ;;; build;    > Compiling for fabric-26.2...
[2026, 9, 28, 8, 29, 12] ;;; build;    --> Cleaning temp directory...
[2026, 9, 28, 8, 29, 25] ;;; build;    --> Unpacking base jar file...
[2026, 9, 28, 8, 29, 25] ;;; build;    --> Copying compiled mcfunction assets...
[2026, 9, 28, 8, 29, 28] ;;; build;    --> Injecting logo...
[2026, 9, 28, 8, 29, 28] ;;; build;    --> Injecting config defaults...
[2026, 9, 28, 8, 29, 28] ;;; build;    --> Handling loader specifications...
[2026, 9, 28, 8, 29, 28] ;;; build;      ---> Init Fabric...
[2026, 9, 28, 8, 29, 28] ;;; build;    --> Injecting assets...
[2026, 9, 28, 8, 29, 28] ;;; build;    --> Compiling Loot Tables...
[2026, 9, 28, 8, 29, 29] ;;; build;      ---> Downloading vanilla jar...
[2026, 9, 28, 8, 29, 30] ;;; build;      ---> Unpacking vanilla jar...
[2026, 9, 28, 8, 29, 52] ;;; build;      ---> Injecting mod with vanilla jar files...
[2026, 9, 28, 8, 29, 54] ;;; build;      ---> Processing Loot Tables...
[2026, 9, 28, 8, 30, 20] ;;; build; Traceback (most recent call last):
  File "C:\Users\joshp\curseforge\minecraft\Instances\Alive Dev\saves\Desire Paths\datapacks_uncompiled\build.py", line 375, in compileDatapackIntoMod
    if int(aJarVersion.split(".")[0]) > 1:
           ^^^^^^^^^^^^^^^^^
AttributeError: 'list' object has no attribute 'split'

[2026, 9, 28, 8, 30, 20] ;;; build;    > Compiling for fabric-26.3...
[2026, 9, 28, 8, 30, 20] ;;; build;    --> Modfile already exists in build dir. Skipping...
[2026, 9, 28, 8, 30, 20] ;;; build;    > Compiling for forge-1.19.4...
[2026, 9, 28, 8, 30, 20] ;;; build;    --> Cleaning temp directory...
[2026, 9, 28, 8, 30, 32] ;;; build;    --> Unpacking base jar file...
[2026, 9, 28, 8, 30, 32] ;;; build;    --> Copying compiled mcfunction assets...
[2026, 9, 28, 8, 30, 36] ;;; build;    --> Injecting logo...
[2026, 9, 28, 8, 30, 36] ;;; build;    --> Injecting config defaults...
[2026, 9, 28, 8, 30, 36] ;;; build;    --> Handling loader specifications...
[2026, 9, 28, 8, 30, 36] ;;; build;      ---> Init Forge...
[2026, 9, 28, 8, 30, 36] ;;; build;    --> Injecting assets...
[2026, 9, 28, 8, 30, 36] ;;; build;    --> Compiling Loot Tables...
[2026, 9, 28, 8, 30, 36] ;;; build;      ---> Downloading vanilla jar...
[2026, 9, 28, 8, 30, 37] ;;; build;      ---> Unpacking vanilla jar...
[2026, 9, 28, 8, 30, 59] ;;; build;      ---> Injecting mod with vanilla jar files...
[2026, 9, 28, 8, 31, 1] ;;; build;      ---> Processing Loot Tables...
[2026, 9, 28, 8, 31, 20] ;;; build; Traceback (most recent call last):
  File "C:\Users\joshp\curseforge\minecraft\Instances\Alive Dev\saves\Desire Paths\datapacks_uncompiled\build.py", line 375, in compileDatapackIntoMod
    if int(aJarVersion.split(".")[0]) > 1:
           ^^^^^^^^^^^^^^^^^
AttributeError: 'list' object has no attribute 'split'

[2026, 9, 28, 8, 31, 20] ;;; build;    > Compiling for forge-1.20.1...
[2026, 9, 28, 8, 31, 20] ;;; build;    --> Cleaning temp directory...
[2026, 9, 28, 8, 31, 32] ;;; build;    --> Unpacking base jar file...
[2026, 9, 28, 8, 31, 32] ;;; build;    --> Copying compiled mcfunction assets...
[2026, 9, 28, 8, 31, 35] ;;; build;    --> Injecting logo...
[2026, 9, 28, 8, 31, 35] ;;; build;    --> Injecting config defaults...
[2026, 9, 28, 8, 31, 35] ;;; build;    --> Handling loader specifications...
[2026, 9, 28, 8, 31, 35] ;;; build;      ---> Init Forge...
[2026, 9, 28, 8, 31, 35] ;;; build;    --> Injecting assets...
[2026, 9, 28, 8, 31, 35] ;;; build;    --> Compiling Loot Tables...
[2026, 9, 28, 8, 31, 35] ;;; build;      ---> Downloading vanilla jar...
[2026, 9, 28, 8, 31, 37] ;;; build;      ---> Unpacking vanilla jar...
[2026, 9, 28, 8, 31, 50] ;;; build;      ---> Injecting mod with vanilla jar files...
[2026, 9, 28, 8, 31, 52] ;;; build;      ---> Processing Loot Tables...
[2026, 9, 28, 8, 32, 7] ;;; build; Traceback (most recent call last):
  File "C:\Users\joshp\curseforge\minecraft\Instances\Alive Dev\saves\Desire Paths\datapacks_uncompiled\build.py", line 375, in compileDatapackIntoMod
    if int(aJarVersion.split(".")[0]) > 1:
           ^^^^^^^^^^^^^^^^^
AttributeError: 'list' object has no attribute 'split'

[2026, 9, 28, 8, 32, 7] ;;; build;    > Compiling for neoforge-1.20.4...
[2026, 9, 28, 8, 32, 7] ;;; build;    --> Cleaning temp directory...
[2026, 9, 28, 8, 32, 19] ;;; build;    --> Unpacking base jar file...
[2026, 9, 28, 8, 32, 20] ;;; build;    --> Copying compiled mcfunction assets...
[2026, 9, 28, 8, 32, 23] ;;; build;    --> Injecting logo...
[2026, 9, 28, 8, 32, 23] ;;; build;    --> Injecting config defaults...
[2026, 9, 28, 8, 32, 23] ;;; build;    --> Handling loader specifications...
[2026, 9, 28, 8, 32, 23] ;;; build;      ---> Init Neoforge...
[2026, 9, 28, 8, 32, 23] ;;; build;    --> Injecting assets...
[2026, 9, 28, 8, 32, 23] ;;; build;    --> Compiling Loot Tables...
[2026, 9, 28, 8, 32, 23] ;;; build;      ---> Downloading vanilla jar...
[2026, 9, 28, 8, 32, 24] ;;; build;      ---> Unpacking vanilla jar...
[2026, 9, 28, 8, 32, 30] ;;; build;      ---> Injecting mod with vanilla jar files...
[2026, 9, 28, 8, 32, 31] ;;; build;      ---> Processing Loot Tables...
[2026, 9, 28, 8, 32, 47] ;;; build; Traceback (most recent call last):
  File "C:\Users\joshp\curseforge\minecraft\Instances\Alive Dev\saves\Desire Paths\datapacks_uncompiled\build.py", line 375, in compileDatapackIntoMod
    if int(aJarVersion.split(".")[0]) > 1:
           ^^^^^^^^^^^^^^^^^
AttributeError: 'list' object has no attribute 'split'

[2026, 9, 28, 8, 32, 47] ;;; build;    > Compiling for neoforge-1.20.6...
[2026, 9, 28, 8, 32, 47] ;;; build;    --> Cleaning temp directory...
[2026, 9, 28, 8, 32, 59] ;;; build;    --> Unpacking base jar file...
[2026, 9, 28, 8, 32, 59] ;;; build;    --> Copying compiled mcfunction assets...
[2026, 9, 28, 8, 33, 3] ;;; build;    --> Injecting logo...
[2026, 9, 28, 8, 33, 3] ;;; build;    --> Injecting config defaults...
[2026, 9, 28, 8, 33, 3] ;;; build;    --> Handling loader specifications...
[2026, 9, 28, 8, 33, 3] ;;; build;      ---> Init Neoforge...
[2026, 9, 28, 8, 33, 3] ;;; build;    --> Injecting assets...
[2026, 9, 28, 8, 33, 3] ;;; build;    --> Compiling Loot Tables...
[2026, 9, 28, 8, 33, 3] ;;; build;      ---> Downloading vanilla jar...
[2026, 9, 28, 8, 33, 4] ;;; build;      ---> Unpacking vanilla jar...
[2026, 9, 28, 8, 33, 20] ;;; build;      ---> Injecting mod with vanilla jar files...
[2026, 9, 28, 8, 33, 22] ;;; build;      ---> Processing Loot Tables...
[2026, 9, 28, 8, 33, 35] ;;; build; Traceback (most recent call last):
  File "C:\Users\joshp\curseforge\minecraft\Instances\Alive Dev\saves\Desire Paths\datapacks_uncompiled\build.py", line 375, in compileDatapackIntoMod
    if int(aJarVersion[1].split(".")[0]) > 1:
           ^^^^^^^^^^^^^^^^^
AttributeError: 'list' object has no attribute 'split'

[2026, 9, 28, 8, 33, 35] ;;; build;    > Compiling for neoforge-1.21.1...
[2026, 9, 28, 8, 33, 35] ;;; build;    --> Cleaning temp directory...
[2026, 9, 28, 8, 33, 46] ;;; build;    --> Unpacking base jar file...
[2026, 9, 28, 8, 33, 47] ;;; build;    --> Copying compiled mcfunction assets...
[2026, 9, 28, 8, 33, 50] ;;; build;    --> Injecting logo...
[2026, 9, 28, 8, 33, 50] ;;; build;    --> Injecting config defaults...
[2026, 9, 28, 8, 33, 50] ;;; build;    --> Handling loader specifications...
[2026, 9, 28, 8, 33, 50] ;;; build;      ---> Init Neoforge...
[2026, 9, 28, 8, 33, 50] ;;; build;      ---> Weather2 Compat Requirment Detected.
[2026, 9, 28, 8, 33, 50] ;;; build;    --> Injecting assets...
[2026, 9, 28, 8, 33, 50] ;;; build;    --> Compiling Loot Tables...
[2026, 9, 28, 8, 33, 50] ;;; build;      ---> Downloading vanilla jar...
[2026, 9, 28, 8, 33, 51] ;;; build;      ---> Unpacking vanilla jar...
[2026, 9, 28, 8, 34, 15] ;;; build; build.py
[2026, 9, 28, 8, 34, 15] ;;; build; --build
[2026, 9, 28, 8, 34, 15] ;;; build; --skipCompile
[2026, 9, 28, 8, 34, 15] ;;; build; --continueBuild
[2026, 9, 28, 8, 34, 15] ;;; build; Init Mod Build...
[2026, 9, 28, 8, 34, 15] ;;; build; Continuing prior build instance...
[2026, 9, 28, 8, 34, 15] ;;; build; Init resources...
[2026, 9, 28, 8, 34, 16] ;;; build; Skipping datapack compile...
[2026, 9, 28, 8, 34, 16] ;;; build; Adjusting current version as needed...
[2026, 9, 28, 8, 34, 16] ;;; build; Appending to changelog...
[2026, 9, 28, 8, 34, 16] ;;; build; Begin Complete Build Block...
[2026, 9, 28, 8, 34, 16] ;;; build; Init Build Per Datapack Compile Block...
[2026, 9, 28, 8, 34, 16] ;;; build; Compiling datapack block_decay into mod...
[2026, 9, 28, 8, 34, 16] ;;; build;    > Detecting split versions...
[2026, 9, 28, 8, 34, 16] ;;; build;    --> Version to delete after: gstools-neoforge-1.21.9.jar
[2026, 9, 28, 8, 34, 16] ;;; build;    --> Version to delete after: gstools-neoforge-1.21.10.jar
[2026, 9, 28, 8, 34, 16] ;;; build;    --> Version to delete after: gstools-neoforge-1.21.11.jar
[2026, 9, 28, 8, 34, 16] ;;; build;    --> Version to delete after: gstools-neoforge-1.21.jar
[2026, 9, 28, 8, 34, 16] ;;; build;    --> Version to delete after: gstools-fabric-1.21.10.jar
[2026, 9, 28, 8, 34, 16] ;;; build;    --> Version to delete after: gstools-fabric-1.21.11.jar
[2026, 9, 28, 8, 34, 16] ;;; build;    --> Copying modified game version cache...
[2026, 9, 28, 8, 34, 19] ;;; build;    > Beginning build block...
[2026, 9, 28, 8, 34, 19] ;;; build;    > Compiling for fabric-1.21.10...
[2026, 9, 28, 8, 34, 19] ;;; build;    --> Modfile already exists in build dir. Skipping...
[2026, 9, 28, 8, 34, 19] ;;; build;    > Compiling for fabric-1.21.11...
[2026, 9, 28, 8, 34, 19] ;;; build;    --> Modfile already exists in build dir. Skipping...
[2026, 9, 28, 8, 34, 19] ;;; build;    > Compiling for fabric-1.21.8...
[2026, 9, 28, 8, 34, 19] ;;; build;    --> Modfile already exists in build dir. Skipping...
[2026, 9, 28, 8, 34, 19] ;;; build;    > Compiling for fabric-1.21.9...
[2026, 9, 28, 8, 34, 19] ;;; build;    --> Modfile already exists in build dir. Skipping...
[2026, 9, 28, 8, 34, 19] ;;; build;    > Compiling for fabric-26.1...
[2026, 9, 28, 8, 34, 19] ;;; build;    --> Modfile already exists in build dir. Skipping...
[2026, 9, 28, 8, 34, 19] ;;; build;    > Compiling for fabric-26.2...
[2026, 9, 28, 8, 34, 19] ;;; build;    --> Modfile already exists in build dir. Skipping...
[2026, 9, 28, 8, 34, 19] ;;; build;    > Compiling for fabric-26.3...
[2026, 9, 28, 8, 34, 19] ;;; build;    --> Modfile already exists in build dir. Skipping...
[2026, 9, 28, 8, 34, 19] ;;; build;    > Compiling for forge-1.19.4...
[2026, 9, 28, 8, 34, 19] ;;; build;    --> Modfile already exists in build dir. Skipping...
[2026, 9, 28, 8, 34, 19] ;;; build;    > Compiling for forge-1.20.1...
[2026, 9, 28, 8, 34, 19] ;;; build;    --> Modfile already exists in build dir. Skipping...
[2026, 9, 28, 8, 34, 19] ;;; build;    > Compiling for neoforge-1.20.4...
[2026, 9, 28, 8, 34, 19] ;;; build;    --> Modfile already exists in build dir. Skipping...
[2026, 9, 28, 8, 34, 19] ;;; build;    > Compiling for neoforge-1.20.6...
[2026, 9, 28, 8, 34, 19] ;;; build;    --> Modfile already exists in build dir. Skipping...
[2026, 9, 28, 8, 34, 19] ;;; build;    > Compiling for neoforge-1.21.1...
[2026, 9, 28, 8, 34, 19] ;;; build;    --> Modfile already exists in build dir. Skipping...
[2026, 9, 28, 8, 34, 19] ;;; build;    > Compiling for neoforge-1.21.10...
[2026, 9, 28, 8, 34, 19] ;;; build;    --> Modfile already exists in build dir. Skipping...
[2026, 9, 28, 8, 34, 19] ;;; build;    > Compiling for neoforge-1.21.11...
[2026, 9, 28, 8, 34, 19] ;;; build;    --> Modfile already exists in build dir. Skipping...
[2026, 9, 28, 8, 34, 19] ;;; build;    > Compiling for neoforge-1.21.2...
[2026, 9, 28, 8, 34, 19] ;;; build;    --> Modfile already exists in build dir. Skipping...
[2026, 9, 28, 8, 34, 19] ;;; build;    > Compiling for neoforge-1.21.4...
[2026, 9, 28, 8, 34, 19] ;;; build;    --> Modfile already exists in build dir. Skipping...
[2026, 9, 28, 8, 34, 19] ;;; build;    > Compiling for neoforge-1.21.5...
[2026, 9, 28, 8, 34, 19] ;;; build;    --> Modfile already exists in build dir. Skipping...
[2026, 9, 28, 8, 34, 19] ;;; build;    > Compiling for neoforge-1.21.8...
[2026, 9, 28, 8, 34, 19] ;;; build;    --> Modfile already exists in build dir. Skipping...
[2026, 9, 28, 8, 34, 19] ;;; build;    > Compiling for neoforge-1.21.9...
[2026, 9, 28, 8, 34, 19] ;;; build;    --> Modfile already exists in build dir. Skipping...
[2026, 9, 28, 8, 34, 19] ;;; build;    > Compiling for neoforge-1.21...
[2026, 9, 28, 8, 34, 19] ;;; build;    --> Modfile already exists in build dir. Skipping...
[2026, 9, 28, 8, 34, 19] ;;; build;    > Compiling for neoforge-26.1...
[2026, 9, 28, 8, 34, 19] ;;; build;    --> Modfile already exists in build dir. Skipping...
[2026, 9, 28, 8, 34, 19] ;;; build;    > Compiling for neoforge-26.2...
[2026, 9, 28, 8, 34, 19] ;;; build;    --> Modfile already exists in build dir. Skipping...
[2026, 9, 28, 8, 34, 19] ;;; build;    > Compiling for neoforge-26.3...
[2026, 9, 28, 8, 34, 19] ;;; build;    --> Modfile already exists in build dir. Skipping...
[2026, 9, 28, 8, 34, 19] ;;; build;    > Renaming zip files to jar files...
[2026, 9, 28, 8, 34, 19] ;;; build;    > Resetting to cached game versions config...
[2026, 9, 28, 8, 34, 19] ;;; build;    --> Deleting split version gstools-neoforge-1.21.9.jar...
[2026, 9, 28, 8, 34, 19] ;;; build;    --> Deleting split version gstools-neoforge-1.21.10.jar...
[2026, 9, 28, 8, 34, 19] ;;; build;    --> Deleting split version gstools-neoforge-1.21.11.jar...
[2026, 9, 28, 8, 34, 19] ;;; build;    --> Deleting split version gstools-neoforge-1.21.jar...
[2026, 9, 28, 8, 34, 19] ;;; build;    --> Deleting split version gstools-fabric-1.21.10.jar...
[2026, 9, 28, 8, 34, 20] ;;; build;    --> Deleting split version gstools-fabric-1.21.11.jar...
[2026, 9, 28, 8, 34, 20] ;;; build;    > Build Complete.
[2026, 9, 28, 8, 34, 20] ;;; build; Compiling datapack boss_progression into mod...
[2026, 9, 28, 8, 34, 20] ;;; build;    > Detecting split versions...
[2026, 9, 28, 8, 34, 20] ;;; build;    --> Nothing to delete after.
[2026, 9, 28, 8, 34, 20] ;;; build;    > Beginning build block...
[2026, 9, 28, 8, 34, 20] ;;; build;    > Renaming zip files to jar files...
[2026, 9, 28, 8, 34, 20] ;;; build;    > Resetting to cached game versions config...
[2026, 9, 28, 8, 34, 20] ;;; build;    > Build Complete.
[2026, 9, 28, 8, 34, 20] ;;; build; Compiling datapack desire_paths into mod...
[2026, 9, 28, 8, 34, 20] ;;; build;    > Detecting split versions...
[2026, 9, 28, 8, 34, 20] ;;; build;    --> Nothing to delete after.
[2026, 9, 28, 8, 34, 20] ;;; build;    > Beginning build block...
[2026, 9, 28, 8, 34, 20] ;;; build;    > Compiling for fabric-1.21.8...
[2026, 9, 28, 8, 34, 20] ;;; build;    --> Modfile already exists in build dir. Skipping...
[2026, 9, 28, 8, 34, 20] ;;; build;    > Compiling for fabric-1.21.9...
[2026, 9, 28, 8, 34, 20] ;;; build;    --> Modfile already exists in build dir. Skipping...
[2026, 9, 28, 8, 34, 20] ;;; build;    > Compiling for fabric-26.1...
[2026, 9, 28, 8, 34, 20] ;;; build;    --> Modfile already exists in build dir. Skipping...
[2026, 9, 28, 8, 34, 20] ;;; build;    > Compiling for fabric-26.2...
[2026, 9, 28, 8, 34, 20] ;;; build;    --> Modfile already exists in build dir. Skipping...
[2026, 9, 28, 8, 34, 20] ;;; build;    > Compiling for fabric-26.3...
[2026, 9, 28, 8, 34, 20] ;;; build;    --> Modfile already exists in build dir. Skipping...
[2026, 9, 28, 8, 34, 20] ;;; build;    > Compiling for forge-1.19.4...
[2026, 9, 28, 8, 34, 20] ;;; build;    --> Modfile already exists in build dir. Skipping...
[2026, 9, 28, 8, 34, 20] ;;; build;    > Compiling for forge-1.20.1...
[2026, 9, 28, 8, 34, 20] ;;; build;    --> Modfile already exists in build dir. Skipping...
[2026, 9, 28, 8, 34, 20] ;;; build;    > Compiling for neoforge-1.20.4...
[2026, 9, 28, 8, 34, 20] ;;; build;    --> Modfile already exists in build dir. Skipping...
[2026, 9, 28, 8, 34, 20] ;;; build;    > Compiling for neoforge-1.20.6...
[2026, 9, 28, 8, 34, 20] ;;; build;    --> Modfile already exists in build dir. Skipping...
[2026, 9, 28, 8, 34, 20] ;;; build;    > Compiling for neoforge-1.21.1...
[2026, 9, 28, 8, 34, 20] ;;; build;    --> Modfile already exists in build dir. Skipping...
[2026, 9, 28, 8, 34, 20] ;;; build;    > Compiling for neoforge-1.21.2...
[2026, 9, 28, 8, 34, 20] ;;; build;    --> Modfile already exists in build dir. Skipping...
[2026, 9, 28, 8, 34, 20] ;;; build;    > Compiling for neoforge-1.21.4...
[2026, 9, 28, 8, 34, 20] ;;; build;    --> Modfile already exists in build dir. Skipping...
[2026, 9, 28, 8, 34, 20] ;;; build;    > Compiling for neoforge-1.21.5...
[2026, 9, 28, 8, 34, 20] ;;; build;    --> Modfile already exists in build dir. Skipping...
[2026, 9, 28, 8, 34, 20] ;;; build;    > Compiling for neoforge-1.21.8...
[2026, 9, 28, 8, 34, 20] ;;; build;    --> Modfile already exists in build dir. Skipping...
[2026, 9, 28, 8, 34, 20] ;;; build;    > Compiling for neoforge-26.1...
[2026, 9, 28, 8, 34, 20] ;;; build;    --> Modfile already exists in build dir. Skipping...
[2026, 9, 28, 8, 34, 20] ;;; build;    > Compiling for neoforge-26.2...
[2026, 9, 28, 8, 34, 20] ;;; build;    --> Modfile already exists in build dir. Skipping...
[2026, 9, 28, 8, 34, 20] ;;; build;    > Compiling for neoforge-26.3...
[2026, 9, 28, 8, 34, 20] ;;; build;    --> Modfile already exists in build dir. Skipping...
[2026, 9, 28, 8, 34, 20] ;;; build;    > Renaming zip files to jar files...
[2026, 9, 28, 8, 34, 20] ;;; build;    > Resetting to cached game versions config...
[2026, 9, 28, 8, 34, 20] ;;; build;    > Build Complete.
[2026, 9, 28, 8, 34, 20] ;;; build; Compiling datapack dynamic_dirt into mod...
[2026, 9, 28, 8, 34, 20] ;;; build;    > Detecting split versions...
[2026, 9, 28, 8, 34, 20] ;;; build;    --> Nothing to delete after.
[2026, 9, 28, 8, 34, 20] ;;; build;    > Beginning build block...
[2026, 9, 28, 8, 34, 20] ;;; build;    > Compiling for fabric-1.21.8...
[2026, 9, 28, 8, 34, 20] ;;; build;    --> Modfile already exists in build dir. Skipping...
[2026, 9, 28, 8, 34, 20] ;;; build;    > Compiling for fabric-1.21.9...
[2026, 9, 28, 8, 34, 20] ;;; build;    --> Modfile already exists in build dir. Skipping...
[2026, 9, 28, 8, 34, 20] ;;; build;    > Compiling for fabric-26.1...
[2026, 9, 28, 8, 34, 20] ;;; build;    --> Modfile already exists in build dir. Skipping...
[2026, 9, 28, 8, 34, 20] ;;; build;    > Compiling for fabric-26.2...
[2026, 9, 28, 8, 34, 20] ;;; build;    --> Modfile already exists in build dir. Skipping...
[2026, 9, 28, 8, 34, 20] ;;; build;    > Compiling for fabric-26.3...
[2026, 9, 28, 8, 34, 20] ;;; build;    --> Modfile already exists in build dir. Skipping...
[2026, 9, 28, 8, 34, 20] ;;; build;    > Compiling for forge-1.19.4...
[2026, 9, 28, 8, 34, 20] ;;; build;    --> Modfile already exists in build dir. Skipping...
[2026, 9, 28, 8, 34, 20] ;;; build;    > Compiling for forge-1.20.1...
[2026, 9, 28, 8, 34, 20] ;;; build;    --> Modfile already exists in build dir. Skipping...
[2026, 9, 28, 8, 34, 20] ;;; build;    > Compiling for neoforge-1.20.4...
[2026, 9, 28, 8, 34, 20] ;;; build;    --> Modfile already exists in build dir. Skipping...
[2026, 9, 28, 8, 34, 20] ;;; build;    > Compiling for neoforge-1.20.6...
[2026, 9, 28, 8, 34, 20] ;;; build;    --> Modfile already exists in build dir. Skipping...
[2026, 9, 28, 8, 34, 20] ;;; build;    > Compiling for neoforge-1.21.1...
[2026, 9, 28, 8, 34, 20] ;;; build;    --> Modfile already exists in build dir. Skipping...
[2026, 9, 28, 8, 34, 20] ;;; build;    > Compiling for neoforge-1.21.2...
[2026, 9, 28, 8, 34, 20] ;;; build;    --> Modfile already exists in build dir. Skipping...
[2026, 9, 28, 8, 34, 20] ;;; build;    > Compiling for neoforge-1.21.4...
[2026, 9, 28, 8, 34, 20] ;;; build;    --> Modfile already exists in build dir. Skipping...
[2026, 9, 28, 8, 34, 20] ;;; build;    > Compiling for neoforge-1.21.5...
[2026, 9, 28, 8, 34, 20] ;;; build;    --> Modfile already exists in build dir. Skipping...
[2026, 9, 28, 8, 34, 20] ;;; build;    > Compiling for neoforge-1.21.8...
[2026, 9, 28, 8, 34, 20] ;;; build;    --> Modfile already exists in build dir. Skipping...
[2026, 9, 28, 8, 34, 20] ;;; build;    > Compiling for neoforge-26.1...
[2026, 9, 28, 8, 34, 20] ;;; build;    --> Modfile already exists in build dir. Skipping...
[2026, 9, 28, 8, 34, 20] ;;; build;    > Compiling for neoforge-26.2...
[2026, 9, 28, 8, 34, 20] ;;; build;    --> Modfile already exists in build dir. Skipping...
[2026, 9, 28, 8, 34, 20] ;;; build;    > Compiling for neoforge-26.3...
[2026, 9, 28, 8, 34, 20] ;;; build;    --> Modfile already exists in build dir. Skipping...
[2026, 9, 28, 8, 34, 20] ;;; build;    > Renaming zip files to jar files...
[2026, 9, 28, 8, 34, 20] ;;; build;    > Resetting to cached game versions config...
[2026, 9, 28, 8, 34, 20] ;;; build;    > Build Complete.
[2026, 9, 28, 8, 34, 20] ;;; build; Compiling datapack dynamic_ecosystems into mod...
[2026, 9, 28, 8, 34, 20] ;;; build;    > Detecting split versions...
[2026, 9, 28, 8, 34, 20] ;;; build;    --> Nothing to delete after.
[2026, 9, 28, 8, 34, 20] ;;; build;    > Beginning build block...
[2026, 9, 28, 8, 34, 20] ;;; build;    > Compiling for fabric-1.21.8...
[2026, 9, 28, 8, 34, 20] ;;; build;    --> Modfile already exists in build dir. Skipping...
[2026, 9, 28, 8, 34, 20] ;;; build;    > Compiling for fabric-1.21.9...
[2026, 9, 28, 8, 34, 20] ;;; build;    --> Modfile already exists in build dir. Skipping...
[2026, 9, 28, 8, 34, 20] ;;; build;    > Compiling for fabric-26.1...
[2026, 9, 28, 8, 34, 20] ;;; build;    --> Modfile already exists in build dir. Skipping...
[2026, 9, 28, 8, 34, 20] ;;; build;    > Compiling for fabric-26.2...
[2026, 9, 28, 8, 34, 20] ;;; build;    --> Modfile already exists in build dir. Skipping...
[2026, 9, 28, 8, 34, 20] ;;; build;    > Compiling for fabric-26.3...
[2026, 9, 28, 8, 34, 20] ;;; build;    --> Modfile already exists in build dir. Skipping...
[2026, 9, 28, 8, 34, 20] ;;; build;    > Compiling for forge-1.19.4...
[2026, 9, 28, 8, 34, 20] ;;; build;    --> Modfile already exists in build dir. Skipping...
[2026, 9, 28, 8, 34, 20] ;;; build;    > Compiling for forge-1.20.1...
[2026, 9, 28, 8, 34, 20] ;;; build;    --> Modfile already exists in build dir. Skipping...
[2026, 9, 28, 8, 34, 20] ;;; build;    > Compiling for neoforge-1.20.4...
[2026, 9, 28, 8, 34, 20] ;;; build;    --> Modfile already exists in build dir. Skipping...
[2026, 9, 28, 8, 34, 20] ;;; build;    > Compiling for neoforge-1.20.6...
[2026, 9, 28, 8, 34, 20] ;;; build;    --> Modfile already exists in build dir. Skipping...
[2026, 9, 28, 8, 34, 20] ;;; build;    > Compiling for neoforge-1.21.1...
[2026, 9, 28, 8, 34, 20] ;;; build;    --> Modfile already exists in build dir. Skipping...
[2026, 9, 28, 8, 34, 20] ;;; build;    > Compiling for neoforge-1.21.2...
[2026, 9, 28, 8, 34, 20] ;;; build;    --> Modfile already exists in build dir. Skipping...
[2026, 9, 28, 8, 34, 20] ;;; build;    > Compiling for neoforge-1.21.4...
[2026, 9, 28, 8, 34, 20] ;;; build;    --> Modfile already exists in build dir. Skipping...
[2026, 9, 28, 8, 34, 20] ;;; build;    > Compiling for neoforge-1.21.5...
[2026, 9, 28, 8, 34, 20] ;;; build;    --> Modfile already exists in build dir. Skipping...
[2026, 9, 28, 8, 34, 20] ;;; build;    > Compiling for neoforge-1.21.8...
[2026, 9, 28, 8, 34, 20] ;;; build;    --> Modfile already exists in build dir. Skipping...
[2026, 9, 28, 8, 34, 20] ;;; build;    > Compiling for neoforge-26.1...
[2026, 9, 28, 8, 34, 20] ;;; build;    --> Modfile already exists in build dir. Skipping...
[2026, 9, 28, 8, 34, 20] ;;; build;    > Compiling for neoforge-26.2...
[2026, 9, 28, 8, 34, 20] ;;; build;    --> Modfile already exists in build dir. Skipping...
[2026, 9, 28, 8, 34, 20] ;;; build;    > Compiling for neoforge-26.3...
[2026, 9, 28, 8, 34, 20] ;;; build;    --> Modfile already exists in build dir. Skipping...
[2026, 9, 28, 8, 34, 20] ;;; build;    > Renaming zip files to jar files...
[2026, 9, 28, 8, 34, 20] ;;; build;    > Resetting to cached game versions config...
[2026, 9, 28, 8, 34, 20] ;;; build;    > Build Complete.
[2026, 9, 28, 8, 34, 20] ;;; build; Compiling datapack dynamic_monsters into mod...
[2026, 9, 28, 8, 34, 20] ;;; build;    > Detecting split versions...
[2026, 9, 28, 8, 34, 20] ;;; build;    --> Nothing to delete after.
[2026, 9, 28, 8, 34, 20] ;;; build;    > Beginning build block...
[2026, 9, 28, 8, 34, 20] ;;; build;    > Compiling for fabric-1.21.8...
[2026, 9, 28, 8, 34, 20] ;;; build;    --> Modfile already exists in build dir. Skipping...
[2026, 9, 28, 8, 34, 20] ;;; build;    > Compiling for fabric-1.21.9...
[2026, 9, 28, 8, 34, 20] ;;; build;    --> Modfile already exists in build dir. Skipping...
[2026, 9, 28, 8, 34, 20] ;;; build;    > Compiling for fabric-26.1...
[2026, 9, 28, 8, 34, 20] ;;; build;    --> Modfile already exists in build dir. Skipping...
[2026, 9, 28, 8, 34, 20] ;;; build;    > Compiling for fabric-26.2...
[2026, 9, 28, 8, 34, 20] ;;; build;    --> Modfile already exists in build dir. Skipping...
[2026, 9, 28, 8, 34, 20] ;;; build;    > Compiling for fabric-26.3...
[2026, 9, 28, 8, 34, 20] ;;; build;    --> Modfile already exists in build dir. Skipping...
[2026, 9, 28, 8, 34, 20] ;;; build;    > Compiling for forge-1.19.4...
[2026, 9, 28, 8, 34, 20] ;;; build;    --> Modfile already exists in build dir. Skipping...
[2026, 9, 28, 8, 34, 20] ;;; build;    > Compiling for forge-1.20.1...
[2026, 9, 28, 8, 34, 20] ;;; build;    --> Modfile already exists in build dir. Skipping...
[2026, 9, 28, 8, 34, 20] ;;; build;    > Compiling for neoforge-1.20.4...
[2026, 9, 28, 8, 34, 20] ;;; build;    --> Modfile already exists in build dir. Skipping...
[2026, 9, 28, 8, 34, 20] ;;; build;    > Compiling for neoforge-1.20.6...
[2026, 9, 28, 8, 34, 20] ;;; build;    --> Modfile already exists in build dir. Skipping...
[2026, 9, 28, 8, 34, 20] ;;; build;    > Compiling for neoforge-1.21.1...
[2026, 9, 28, 8, 34, 20] ;;; build;    --> Modfile already exists in build dir. Skipping...
[2026, 9, 28, 8, 34, 20] ;;; build;    > Compiling for neoforge-1.21.2...
[2026, 9, 28, 8, 34, 20] ;;; build;    --> Modfile already exists in build dir. Skipping...
[2026, 9, 28, 8, 34, 20] ;;; build;    > Compiling for neoforge-1.21.4...
[2026, 9, 28, 8, 34, 20] ;;; build;    --> Modfile already exists in build dir. Skipping...
[2026, 9, 28, 8, 34, 20] ;;; build;    > Compiling for neoforge-1.21.5...
[2026, 9, 28, 8, 34, 20] ;;; build;    --> Modfile already exists in build dir. Skipping...
[2026, 9, 28, 8, 34, 20] ;;; build;    > Compiling for neoforge-1.21.8...
[2026, 9, 28, 8, 34, 20] ;;; build;    --> Modfile already exists in build dir. Skipping...
[2026, 9, 28, 8, 34, 20] ;;; build;    > Compiling for neoforge-26.1...
[2026, 9, 28, 8, 34, 20] ;;; build;    --> Modfile already exists in build dir. Skipping...
[2026, 9, 28, 8, 34, 20] ;;; build;    > Compiling for neoforge-26.2...
[2026, 9, 28, 8, 34, 20] ;;; build;    --> Modfile already exists in build dir. Skipping...
[2026, 9, 28, 8, 34, 20] ;;; build;    > Compiling for neoforge-26.3...
[2026, 9, 28, 8, 34, 20] ;;; build;    --> Modfile already exists in build dir. Skipping...
[2026, 9, 28, 8, 34, 20] ;;; build;    > Renaming zip files to jar files...
[2026, 9, 28, 8, 34, 20] ;;; build;    > Resetting to cached game versions config...
[2026, 9, 28, 8, 34, 20] ;;; build;    > Build Complete.
[2026, 9, 28, 8, 34, 20] ;;; build; Compiling datapack enhanced_survival into mod...
[2026, 9, 28, 8, 34, 20] ;;; build;    > Detecting split versions...
[2026, 9, 28, 8, 34, 20] ;;; build;    --> Nothing to delete after.
[2026, 9, 28, 8, 34, 20] ;;; build;    > Beginning build block...
[2026, 9, 28, 8, 34, 20] ;;; build;    > Compiling for fabric-1.21.8...
[2026, 9, 28, 8, 34, 20] ;;; build;    --> Cleaning temp directory...
[2026, 9, 28, 8, 34, 29] ;;; build;    --> Unpacking base jar file...
[2026, 9, 28, 8, 34, 29] ;;; build;    --> Copying compiled mcfunction assets...
[2026, 9, 28, 8, 34, 33] ;;; build;    --> Injecting logo...
[2026, 9, 28, 8, 34, 33] ;;; build;    --> Injecting config defaults...
[2026, 9, 28, 8, 34, 33] ;;; build;    --> Handling loader specifications...
[2026, 9, 28, 8, 34, 33] ;;; build;      ---> Init Fabric...
[2026, 9, 28, 8, 34, 33] ;;; build;    --> Injecting assets...
[2026, 9, 28, 8, 34, 33] ;;; build;    --> Compiling Loot Tables...
[2026, 9, 28, 8, 34, 33] ;;; build;      ---> Downloading vanilla jar...
[2026, 9, 28, 8, 34, 35] ;;; build;      ---> Unpacking vanilla jar...
[2026, 9, 28, 8, 34, 56] ;;; build;      ---> Injecting mod with vanilla jar files...
[2026, 9, 28, 8, 34, 58] ;;; build;      ---> Processing Loot Tables...
[2026, 9, 28, 8, 35, 13] ;;; build;      ---> Cleaning Up...
[2026, 9, 28, 8, 35, 59] ;;; build;      ---> Done.
[2026, 9, 28, 8, 35, 59] ;;; build;    --> Removing gstools jar files from non-gstools mod...
[2026, 9, 28, 8, 35, 59] ;;; build;    --> Injecting block tags...
[2026, 9, 28, 8, 35, 59] ;;; build;    --> Duplicating function folder for backported versions...
[2026, 9, 28, 8, 35, 59] ;;; build;    --> Packing into jar file...
[2026, 9, 28, 8, 36, 15] ;;; build;    --> Cleaning Up...
[2026, 9, 28, 8, 36, 28] ;;; build;    --> Done.
[2026, 9, 28, 8, 36, 28] ;;; build;    > Compiling for fabric-1.21.9...
[2026, 9, 28, 8, 36, 28] ;;; build;    --> Cleaning temp directory...
[2026, 9, 28, 8, 36, 28] ;;; build;    --> Unpacking base jar file...
[2026, 9, 28, 8, 36, 28] ;;; build;    --> Copying compiled mcfunction assets...
[2026, 9, 28, 8, 36, 32] ;;; build;    --> Injecting logo...
[2026, 9, 28, 8, 36, 32] ;;; build;    --> Injecting config defaults...
[2026, 9, 28, 8, 36, 32] ;;; build;    --> Handling loader specifications...
[2026, 9, 28, 8, 36, 32] ;;; build;      ---> Init Fabric...
[2026, 9, 28, 8, 36, 32] ;;; build;    --> Injecting assets...
[2026, 9, 28, 8, 36, 32] ;;; build;    --> Compiling Loot Tables...
[2026, 9, 28, 8, 36, 32] ;;; build;      ---> Downloading vanilla jar...
[2026, 9, 28, 8, 36, 33] ;;; build;      ---> Unpacking vanilla jar...
[2026, 9, 28, 8, 36, 55] ;;; build;      ---> Injecting mod with vanilla jar files...
[2026, 9, 28, 8, 36, 56] ;;; build;      ---> Processing Loot Tables...
[2026, 9, 28, 8, 37, 6] ;;; build;      ---> Cleaning Up...
[2026, 9, 28, 8, 37, 24] ;;; build;      ---> Done.
[2026, 9, 28, 8, 37, 24] ;;; build;    --> Removing gstools jar files from non-gstools mod...
[2026, 9, 28, 8, 37, 24] ;;; build;    --> Injecting block tags...
[2026, 9, 28, 8, 37, 24] ;;; build;    --> Duplicating function folder for backported versions...
[2026, 9, 28, 8, 37, 24] ;;; build;    --> Packing into jar file...
[2026, 9, 28, 8, 37, 31] ;;; build;    --> Cleaning Up...
[2026, 9, 28, 8, 37, 38] ;;; build;    --> Done.
[2026, 9, 28, 8, 37, 38] ;;; build;    > Compiling for fabric-26.1...
[2026, 9, 28, 8, 37, 38] ;;; build;    --> Cleaning temp directory...
[2026, 9, 28, 8, 37, 39] ;;; build;    --> Unpacking base jar file...
[2026, 9, 28, 8, 37, 39] ;;; build;    --> Copying compiled mcfunction assets...
[2026, 9, 28, 8, 37, 43] ;;; build;    --> Injecting logo...
[2026, 9, 28, 8, 37, 43] ;;; build;    --> Injecting config defaults...
[2026, 9, 28, 8, 37, 43] ;;; build;    --> Handling loader specifications...
[2026, 9, 28, 8, 37, 43] ;;; build;      ---> Init Fabric...
[2026, 9, 28, 8, 37, 43] ;;; build;    --> Injecting assets...
[2026, 9, 28, 8, 37, 43] ;;; build;    --> Compiling Loot Tables...
[2026, 9, 28, 8, 37, 43] ;;; build;      ---> Downloading vanilla jar...
[2026, 9, 28, 8, 37, 45] ;;; build;      ---> Unpacking vanilla jar...
[2026, 9, 28, 8, 38, 15] ;;; build;      ---> Injecting mod with vanilla jar files...
[2026, 9, 28, 8, 38, 16] ;;; build;      ---> Processing Loot Tables...
[2026, 9, 28, 8, 38, 25] ;;; build;      ---> Cleaning Up...
[2026, 9, 28, 8, 38, 45] ;;; build;      ---> Done.
[2026, 9, 28, 8, 38, 45] ;;; build;    --> Removing gstools jar files from non-gstools mod...
[2026, 9, 28, 8, 38, 45] ;;; build;    --> Injecting block tags...
[2026, 9, 28, 8, 38, 45] ;;; build;    --> Duplicating function folder for backported versions...
[2026, 9, 28, 8, 38, 45] ;;; build;    --> Packing into jar file...
[2026, 9, 28, 8, 38, 51] ;;; build;    --> Cleaning Up...
[2026, 9, 28, 8, 38, 58] ;;; build;    --> Done.
[2026, 9, 28, 8, 38, 58] ;;; build;    > Compiling for fabric-26.2...
[2026, 9, 28, 8, 38, 58] ;;; build;    --> Cleaning temp directory...
[2026, 9, 28, 8, 38, 58] ;;; build;    --> Unpacking base jar file...
[2026, 9, 28, 8, 38, 58] ;;; build;    --> Copying compiled mcfunction assets...
[2026, 9, 28, 8, 39, 2] ;;; build;    --> Injecting logo...
[2026, 9, 28, 8, 39, 2] ;;; build;    --> Injecting config defaults...
[2026, 9, 28, 8, 39, 2] ;;; build;    --> Handling loader specifications...
[2026, 9, 28, 8, 39, 2] ;;; build;      ---> Init Fabric...
[2026, 9, 28, 8, 39, 2] ;;; build;    --> Injecting assets...
[2026, 9, 28, 8, 39, 2] ;;; build;    --> Compiling Loot Tables...
[2026, 9, 28, 8, 39, 2] ;;; build;      ---> Downloading vanilla jar...
[2026, 9, 28, 8, 39, 4] ;;; build;      ---> Unpacking vanilla jar...
[2026, 9, 28, 8, 39, 26] ;;; build;      ---> Injecting mod with vanilla jar files...
[2026, 9, 28, 8, 39, 27] ;;; build;      ---> Processing Loot Tables...
[2026, 9, 28, 8, 39, 37] ;;; build;      ---> Cleaning Up...
[2026, 9, 28, 8, 39, 54] ;;; build;      ---> Done.
[2026, 9, 28, 8, 39, 54] ;;; build;    --> Removing gstools jar files from non-gstools mod...
[2026, 9, 28, 8, 39, 54] ;;; build;    --> Injecting block tags...
[2026, 9, 28, 8, 39, 54] ;;; build;    --> Duplicating function folder for backported versions...
[2026, 9, 28, 8, 39, 54] ;;; build;    --> Packing into jar file...
[2026, 9, 28, 8, 40, 4] ;;; build;    --> Cleaning Up...
[2026, 9, 28, 8, 40, 11] ;;; build;    --> Done.
[2026, 9, 28, 8, 40, 11] ;;; build;    > Compiling for fabric-26.3...
[2026, 9, 28, 8, 40, 11] ;;; build;    --> Modfile already exists in build dir. Skipping...
[2026, 9, 28, 8, 40, 11] ;;; build;    > Compiling for forge-1.19.4...
[2026, 9, 28, 8, 40, 11] ;;; build;    --> Cleaning temp directory...
[2026, 9, 28, 8, 40, 12] ;;; build;    --> Unpacking base jar file...
[2026, 9, 28, 8, 40, 12] ;;; build;    --> Copying compiled mcfunction assets...
[2026, 9, 28, 8, 40, 15] ;;; build;    --> Injecting logo...
[2026, 9, 28, 8, 40, 15] ;;; build;    --> Injecting config defaults...
[2026, 9, 28, 8, 40, 15] ;;; build;    --> Handling loader specifications...
[2026, 9, 28, 8, 40, 15] ;;; build;      ---> Init Forge...
[2026, 9, 28, 8, 40, 15] ;;; build;    --> Injecting assets...
[2026, 9, 28, 8, 40, 15] ;;; build;    --> Compiling Loot Tables...
[2026, 9, 28, 8, 40, 16] ;;; build;      ---> Downloading vanilla jar...
[2026, 9, 28, 8, 40, 17] ;;; build;      ---> Unpacking vanilla jar...
[2026, 9, 28, 8, 40, 33] ;;; build;      ---> Injecting mod with vanilla jar files...
[2026, 9, 28, 8, 40, 41] ;;; build;      ---> Processing Loot Tables...
[2026, 9, 28, 8, 40, 49] ;;; build;      ---> Cleaning Up...
[2026, 9, 28, 8, 41, 2] ;;; build;      ---> Done.
[2026, 9, 28, 8, 41, 2] ;;; build;    --> Removing gstools jar files from non-gstools mod...
[2026, 9, 28, 8, 41, 2] ;;; build;    --> Base Mod Compile Requirment Detected! Compiling...
[2026, 9, 28, 8, 41, 2] ;;; build;      ---> Cleaning prior...
[2026, 9, 28, 8, 41, 3] ;;; build;      ---> Cloning basemod...
[2026, 9, 28, 8, 41, 3] ;;; build;      ---> Batch remaning...
[2026, 9, 28, 8, 41, 3] ;;; build;      ---> Running gradle...
[2026, 9, 28, 8, 41, 16] ;;; build;      ---> Unpacking generated jar file...
[2026, 9, 28, 8, 41, 16] ;;; build;      ---> Injecting generated assets into temp dir...
[2026, 9, 28, 8, 41, 16] ;;; build;    --> Injecting block tags...
[2026, 9, 28, 8, 41, 16] ;;; build;    --> Duplicating function folder for backported versions...
[2026, 9, 28, 8, 41, 16] ;;; build;    --> Packing into jar file...
[2026, 9, 28, 8, 41, 24] ;;; build;    --> Cleaning Up...
[2026, 9, 28, 8, 41, 30] ;;; build;    --> Done.
[2026, 9, 28, 8, 41, 30] ;;; build;    > Compiling for forge-1.20.1...
[2026, 9, 28, 8, 41, 30] ;;; build;    --> Cleaning temp directory...
[2026, 9, 28, 8, 41, 31] ;;; build;    --> Unpacking base jar file...
[2026, 9, 28, 8, 41, 31] ;;; build;    --> Copying compiled mcfunction assets...
[2026, 9, 28, 8, 41, 34] ;;; build;    --> Injecting logo...
[2026, 9, 28, 8, 41, 34] ;;; build;    --> Injecting config defaults...
[2026, 9, 28, 8, 41, 34] ;;; build;    --> Handling loader specifications...
[2026, 9, 28, 8, 41, 34] ;;; build;      ---> Init Forge...
[2026, 9, 28, 8, 41, 34] ;;; build;    --> Injecting assets...
[2026, 9, 28, 8, 41, 34] ;;; build;    --> Compiling Loot Tables...
[2026, 9, 28, 8, 41, 34] ;;; build;      ---> Downloading vanilla jar...
[2026, 9, 28, 8, 41, 36] ;;; build;      ---> Unpacking vanilla jar...
[2026, 9, 28, 8, 41, 50] ;;; build;      ---> Injecting mod with vanilla jar files...
[2026, 9, 28, 8, 41, 55] ;;; build;      ---> Processing Loot Tables...
[2026, 9, 28, 8, 42, 3] ;;; build;      ---> Cleaning Up...
[2026, 9, 28, 8, 42, 14] ;;; build;      ---> Done.
[2026, 9, 28, 8, 42, 14] ;;; build;    --> Removing gstools jar files from non-gstools mod...
[2026, 9, 28, 8, 42, 14] ;;; build;    --> Base Mod Compile Requirment Detected! Compiling...
[2026, 9, 28, 8, 42, 14] ;;; build;      ---> Cleaning prior...
[2026, 9, 28, 8, 42, 14] ;;; build;      ---> Cloning basemod...
[2026, 9, 28, 8, 42, 14] ;;; build;      ---> Batch remaning...
[2026, 9, 28, 8, 42, 14] ;;; build;      ---> Running gradle...
[2026, 9, 28, 8, 42, 20] ;;; build;      ---> Unpacking generated jar file...
[2026, 9, 28, 8, 42, 20] ;;; build;      ---> Injecting generated assets into temp dir...
[2026, 9, 28, 8, 42, 20] ;;; build;    --> Injecting block tags...
[2026, 9, 28, 8, 42, 20] ;;; build;    --> Duplicating function folder for backported versions...
[2026, 9, 28, 8, 42, 20] ;;; build;    --> Packing into jar file...
[2026, 9, 28, 8, 42, 27] ;;; build;    --> Cleaning Up...
[2026, 9, 28, 8, 42, 32] ;;; build;    --> Done.
[2026, 9, 28, 8, 42, 32] ;;; build;    > Compiling for neoforge-1.20.4...
[2026, 9, 28, 8, 42, 32] ;;; build;    --> Cleaning temp directory...
[2026, 9, 28, 8, 42, 32] ;;; build;    --> Unpacking base jar file...
[2026, 9, 28, 8, 42, 32] ;;; build;    --> Copying compiled mcfunction assets...
[2026, 9, 28, 8, 42, 35] ;;; build;    --> Injecting logo...
[2026, 9, 28, 8, 42, 35] ;;; build;    --> Injecting config defaults...
[2026, 9, 28, 8, 42, 35] ;;; build;    --> Handling loader specifications...
[2026, 9, 28, 8, 42, 35] ;;; build;      ---> Init Neoforge...
[2026, 9, 28, 8, 42, 35] ;;; build;    --> Injecting assets...
[2026, 9, 28, 8, 42, 35] ;;; build;    --> Compiling Loot Tables...
[2026, 9, 28, 8, 42, 35] ;;; build;      ---> Downloading vanilla jar...
[2026, 9, 28, 8, 42, 37] ;;; build;      ---> Unpacking vanilla jar...
[2026, 9, 28, 8, 42, 42] ;;; build;      ---> Injecting mod with vanilla jar files...
[2026, 9, 28, 8, 42, 47] ;;; build;      ---> Processing Loot Tables...
[2026, 9, 28, 8, 42, 47] ;;; build;      ---> Cleaning Up...
[2026, 9, 28, 8, 42, 52] ;;; build;      ---> Done.
[2026, 9, 28, 8, 42, 53] ;;; build;    --> Removing gstools jar files from non-gstools mod...
[2026, 9, 28, 8, 42, 53] ;;; build;    --> Base Mod Compile Requirment Detected! Compiling...
[2026, 9, 28, 8, 42, 53] ;;; build;      ---> Cleaning prior...
[2026, 9, 28, 8, 42, 53] ;;; build;      ---> Cloning basemod...
[2026, 9, 28, 8, 42, 53] ;;; build;      ---> Batch remaning...
[2026, 9, 28, 8, 42, 53] ;;; build;      ---> Running gradle...
[2026, 9, 28, 8, 42, 57] ;;; build;      ---> Unpacking generated jar file...
[2026, 9, 28, 8, 42, 57] ;;; build;      ---> Injecting generated assets into temp dir...
[2026, 9, 28, 8, 42, 57] ;;; build;    --> Injecting block tags...
[2026, 9, 28, 8, 42, 57] ;;; build;    --> Duplicating function folder for backported versions...
[2026, 9, 28, 8, 42, 57] ;;; build;    --> Packing into jar file...
[2026, 9, 28, 8, 42, 58] ;;; build;    --> Cleaning Up...
[2026, 9, 28, 8, 42, 59] ;;; build;    --> Done.
[2026, 9, 28, 8, 42, 59] ;;; build;    > Compiling for neoforge-1.20.6...
[2026, 9, 28, 8, 42, 59] ;;; build;    --> Cleaning temp directory...
[2026, 9, 28, 8, 43, 0] ;;; build;    --> Unpacking base jar file...
[2026, 9, 28, 8, 43, 0] ;;; build;    --> Copying compiled mcfunction assets...
[2026, 9, 28, 8, 43, 3] ;;; build;    --> Injecting logo...
[2026, 9, 28, 8, 43, 3] ;;; build;    --> Injecting config defaults...
[2026, 9, 28, 8, 43, 3] ;;; build;    --> Handling loader specifications...
[2026, 9, 28, 8, 43, 3] ;;; build;      ---> Init Neoforge...
[2026, 9, 28, 8, 43, 3] ;;; build;    --> Injecting assets...
[2026, 9, 28, 8, 43, 3] ;;; build;    --> Compiling Loot Tables...
[2026, 9, 28, 8, 43, 3] ;;; build;      ---> Downloading vanilla jar...
[2026, 9, 28, 8, 43, 5] ;;; build;      ---> Unpacking vanilla jar...
[2026, 9, 28, 8, 43, 25] ;;; build;      ---> Injecting mod with vanilla jar files...
[2026, 9, 28, 8, 43, 26] ;;; build;      ---> Processing Loot Tables...
[2026, 9, 28, 8, 43, 35] ;;; build;      ---> Cleaning Up...
[2026, 9, 28, 8, 43, 50] ;;; build;      ---> Done.
[2026, 9, 28, 8, 43, 50] ;;; build;    --> Removing gstools jar files from non-gstools mod...
[2026, 9, 28, 8, 43, 50] ;;; build;    --> Injecting block tags...
[2026, 9, 28, 8, 43, 50] ;;; build;    --> Duplicating function folder for backported versions...
[2026, 9, 28, 8, 43, 50] ;;; build;    --> Packing into jar file...
[2026, 9, 28, 8, 43, 57] ;;; build;    --> Cleaning Up...
[2026, 9, 28, 8, 44, 3] ;;; build;    --> Done.
[2026, 9, 28, 8, 44, 3] ;;; build;    > Compiling for neoforge-1.21.1...
[2026, 9, 28, 8, 44, 3] ;;; build;    --> Cleaning temp directory...
[2026, 9, 28, 8, 44, 4] ;;; build;    --> Unpacking base jar file...
[2026, 9, 28, 8, 44, 4] ;;; build;    --> Copying compiled mcfunction assets...
[2026, 9, 28, 8, 44, 8] ;;; build;    --> Injecting logo...
[2026, 9, 28, 8, 44, 8] ;;; build;    --> Injecting config defaults...
[2026, 9, 28, 8, 44, 8] ;;; build;    --> Handling loader specifications...
[2026, 9, 28, 8, 44, 8] ;;; build;      ---> Init Neoforge...
[2026, 9, 28, 8, 44, 8] ;;; build;      ---> Weather2 Compat Requirment Detected.
[2026, 9, 28, 8, 44, 8] ;;; build;    --> Injecting assets...
[2026, 9, 28, 8, 44, 9] ;;; build;    --> Compiling Loot Tables...
[2026, 9, 28, 8, 44, 9] ;;; build;      ---> Downloading vanilla jar...
[2026, 9, 28, 8, 44, 10] ;;; build;      ---> Unpacking vanilla jar...
[2026, 9, 28, 8, 44, 34] ;;; build;      ---> Injecting mod with vanilla jar files...
[2026, 9, 28, 8, 44, 35] ;;; build;      ---> Processing Loot Tables...
[2026, 9, 28, 8, 44, 43] ;;; build;      ---> Cleaning Up...
[2026, 9, 28, 8, 44, 59] ;;; build;      ---> Done.
[2026, 9, 28, 8, 44, 59] ;;; build;    --> Removing gstools jar files from non-gstools mod...
[2026, 9, 28, 8, 44, 59] ;;; build;    --> Injecting block tags...
[2026, 9, 28, 8, 44, 59] ;;; build;    --> Duplicating function folder for backported versions...
[2026, 9, 28, 8, 44, 59] ;;; build;    --> Packing into jar file...
[2026, 9, 28, 8, 45, 5] ;;; build;    --> Cleaning Up...
[2026, 9, 28, 8, 45, 12] ;;; build;    --> Done.
[2026, 9, 28, 8, 45, 12] ;;; build;    > Compiling for neoforge-1.21.2...
[2026, 9, 28, 8, 45, 12] ;;; build;    --> Cleaning temp directory...
[2026, 9, 28, 8, 45, 12] ;;; build;    --> Unpacking base jar file...
[2026, 9, 28, 8, 45, 12] ;;; build;    --> Copying compiled mcfunction assets...
[2026, 9, 28, 8, 45, 17] ;;; build;    --> Injecting logo...
[2026, 9, 28, 8, 45, 17] ;;; build;    --> Injecting config defaults...
[2026, 9, 28, 8, 45, 17] ;;; build;    --> Handling loader specifications...
[2026, 9, 28, 8, 45, 17] ;;; build;      ---> Init Neoforge...
[2026, 9, 28, 8, 45, 17] ;;; build;    --> Injecting assets...
[2026, 9, 28, 8, 45, 17] ;;; build;    --> Compiling Loot Tables...
[2026, 9, 28, 8, 45, 17] ;;; build;      ---> Downloading vanilla jar...
[2026, 9, 28, 8, 45, 19] ;;; build;      ---> Unpacking vanilla jar...
[2026, 9, 28, 8, 45, 40] ;;; build;      ---> Injecting mod with vanilla jar files...
[2026, 9, 28, 8, 45, 42] ;;; build;      ---> Processing Loot Tables...
[2026, 9, 28, 8, 45, 49] ;;; build;      ---> Cleaning Up...
[2026, 9, 28, 8, 46, 4] ;;; build;      ---> Done.
[2026, 9, 28, 8, 46, 4] ;;; build;    --> Removing gstools jar files from non-gstools mod...
[2026, 9, 28, 8, 46, 4] ;;; build;    --> Injecting block tags...
[2026, 9, 28, 8, 46, 4] ;;; build;    --> Duplicating function folder for backported versions...
[2026, 9, 28, 8, 46, 4] ;;; build;    --> Packing into jar file...
[2026, 9, 28, 8, 46, 10] ;;; build;    --> Cleaning Up...
[2026, 9, 28, 8, 46, 17] ;;; build;    --> Done.
[2026, 9, 28, 8, 46, 17] ;;; build;    > Compiling for neoforge-1.21.4...
[2026, 9, 28, 8, 46, 17] ;;; build;    --> Cleaning temp directory...
[2026, 9, 28, 8, 46, 17] ;;; build;    --> Unpacking base jar file...
[2026, 9, 28, 8, 46, 17] ;;; build;    --> Copying compiled mcfunction assets...
[2026, 9, 28, 8, 46, 20] ;;; build;    --> Injecting logo...
[2026, 9, 28, 8, 46, 20] ;;; build;    --> Injecting config defaults...
[2026, 9, 28, 8, 46, 20] ;;; build;    --> Handling loader specifications...
[2026, 9, 28, 8, 46, 20] ;;; build;      ---> Init Neoforge...
[2026, 9, 28, 8, 46, 20] ;;; build;    --> Injecting assets...
[2026, 9, 28, 8, 46, 21] ;;; build;    --> Compiling Loot Tables...
[2026, 9, 28, 8, 46, 21] ;;; build;      ---> Downloading vanilla jar...
[2026, 9, 28, 8, 46, 22] ;;; build;      ---> Unpacking vanilla jar...
[2026, 9, 28, 8, 46, 41] ;;; build;      ---> Injecting mod with vanilla jar files...
[2026, 9, 28, 8, 46, 42] ;;; build;      ---> Processing Loot Tables...
[2026, 9, 28, 8, 46, 50] ;;; build;      ---> Cleaning Up...
[2026, 9, 28, 8, 47, 5] ;;; build;      ---> Done.
[2026, 9, 28, 8, 47, 5] ;;; build;    --> Removing gstools jar files from non-gstools mod...
[2026, 9, 28, 8, 47, 5] ;;; build;    --> Injecting block tags...
[2026, 9, 28, 8, 47, 5] ;;; build;    --> Duplicating function folder for backported versions...
[2026, 9, 28, 8, 47, 5] ;;; build;    --> Packing into jar file...
[2026, 9, 28, 8, 47, 10] ;;; build;    --> Cleaning Up...
[2026, 9, 28, 8, 47, 16] ;;; build;    --> Done.
[2026, 9, 28, 8, 47, 16] ;;; build;    > Compiling for neoforge-1.21.5...
[2026, 9, 28, 8, 47, 16] ;;; build;    --> Cleaning temp directory...
[2026, 9, 28, 8, 47, 17] ;;; build;    --> Unpacking base jar file...
[2026, 9, 28, 8, 47, 17] ;;; build;    --> Copying compiled mcfunction assets...
[2026, 9, 28, 8, 47, 20] ;;; build;    --> Injecting logo...
[2026, 9, 28, 8, 47, 20] ;;; build;    --> Injecting config defaults...
[2026, 9, 28, 8, 47, 20] ;;; build;    --> Handling loader specifications...
[2026, 9, 28, 8, 47, 20] ;;; build;      ---> Init Neoforge...
[2026, 9, 28, 8, 47, 20] ;;; build;    --> Injecting assets...
[2026, 9, 28, 8, 47, 20] ;;; build;    --> Compiling Loot Tables...
[2026, 9, 28, 8, 47, 20] ;;; build;      ---> Downloading vanilla jar...
[2026, 9, 28, 8, 47, 22] ;;; build;      ---> Unpacking vanilla jar...
[2026, 9, 28, 8, 47, 41] ;;; build;      ---> Injecting mod with vanilla jar files...
[2026, 9, 28, 8, 47, 42] ;;; build;      ---> Processing Loot Tables...
[2026, 9, 28, 8, 47, 50] ;;; build;      ---> Cleaning Up...
[2026, 9, 28, 8, 48, 7] ;;; build;      ---> Done.
[2026, 9, 28, 8, 48, 7] ;;; build;    --> Removing gstools jar files from non-gstools mod...
[2026, 9, 28, 8, 48, 7] ;;; build;    --> Injecting block tags...
[2026, 9, 28, 8, 48, 7] ;;; build;    --> Duplicating function folder for backported versions...
[2026, 9, 28, 8, 48, 8] ;;; build;    --> Packing into jar file...
[2026, 9, 28, 8, 48, 13] ;;; build;    --> Cleaning Up...
[2026, 9, 28, 8, 48, 20] ;;; build;    --> Done.
[2026, 9, 28, 8, 48, 20] ;;; build;    > Compiling for neoforge-1.21.8...
[2026, 9, 28, 8, 48, 20] ;;; build;    --> Cleaning temp directory...
[2026, 9, 28, 8, 48, 20] ;;; build;    --> Unpacking base jar file...
[2026, 9, 28, 8, 48, 20] ;;; build;    --> Copying compiled mcfunction assets...
[2026, 9, 28, 8, 48, 25] ;;; build;    --> Injecting logo...
[2026, 9, 28, 8, 48, 25] ;;; build;    --> Injecting config defaults...
[2026, 9, 28, 8, 48, 25] ;;; build;    --> Handling loader specifications...
[2026, 9, 28, 8, 48, 25] ;;; build;      ---> Init Neoforge...
[2026, 9, 28, 8, 48, 25] ;;; build;    --> Injecting assets...
[2026, 9, 28, 8, 48, 25] ;;; build;    --> Compiling Loot Tables...
[2026, 9, 28, 8, 48, 25] ;;; build;      ---> Downloading vanilla jar...
[2026, 9, 28, 8, 48, 26] ;;; build;      ---> Unpacking vanilla jar...
[2026, 9, 28, 8, 48, 47] ;;; build;      ---> Injecting mod with vanilla jar files...
[2026, 9, 28, 8, 48, 48] ;;; build;      ---> Processing Loot Tables...
[2026, 9, 28, 8, 48, 58] ;;; build;      ---> Cleaning Up...
[2026, 9, 28, 8, 49, 16] ;;; build;      ---> Done.
[2026, 9, 28, 8, 49, 16] ;;; build;    --> Removing gstools jar files from non-gstools mod...
[2026, 9, 28, 8, 49, 16] ;;; build;    --> Injecting block tags...
[2026, 9, 28, 8, 49, 16] ;;; build;    --> Duplicating function folder for backported versions...
[2026, 9, 28, 8, 49, 16] ;;; build;    --> Packing into jar file...
[2026, 9, 28, 8, 49, 23] ;;; build;    --> Cleaning Up...
[2026, 9, 28, 8, 49, 29] ;;; build;    --> Done.
[2026, 9, 28, 8, 49, 29] ;;; build;    > Compiling for neoforge-26.1...
[2026, 9, 28, 8, 49, 29] ;;; build;    --> Cleaning temp directory...
[2026, 9, 28, 8, 49, 30] ;;; build;    --> Unpacking base jar file...
[2026, 9, 28, 8, 49, 30] ;;; build;    --> Copying compiled mcfunction assets...
[2026, 9, 28, 8, 49, 33] ;;; build;    --> Injecting logo...
[2026, 9, 28, 8, 49, 33] ;;; build;    --> Injecting config defaults...
[2026, 9, 28, 8, 49, 33] ;;; build;    --> Handling loader specifications...
[2026, 9, 28, 8, 49, 33] ;;; build;      ---> Init Neoforge...
[2026, 9, 28, 8, 49, 33] ;;; build;    --> Injecting assets...
[2026, 9, 28, 8, 49, 33] ;;; build;    --> Compiling Loot Tables...
[2026, 9, 28, 8, 49, 34] ;;; build;      ---> Downloading vanilla jar...
[2026, 9, 28, 8, 49, 36] ;;; build;      ---> Unpacking vanilla jar...
[2026, 9, 28, 8, 49, 57] ;;; build;      ---> Injecting mod with vanilla jar files...
[2026, 9, 28, 8, 49, 58] ;;; build;      ---> Processing Loot Tables...
[2026, 9, 28, 8, 50, 7] ;;; build;      ---> Cleaning Up...
[2026, 9, 28, 8, 50, 23] ;;; build;      ---> Done.
[2026, 9, 28, 8, 50, 23] ;;; build;    --> Removing gstools jar files from non-gstools mod...
[2026, 9, 28, 8, 50, 23] ;;; build;    --> Injecting block tags...
[2026, 9, 28, 8, 50, 23] ;;; build;    --> Duplicating function folder for backported versions...
[2026, 9, 28, 8, 50, 23] ;;; build;    --> Packing into jar file...
[2026, 9, 28, 8, 50, 29] ;;; build;    --> Cleaning Up...
[2026, 9, 28, 8, 50, 36] ;;; build;    --> Done.
[2026, 9, 28, 8, 50, 36] ;;; build;    > Compiling for neoforge-26.2...
[2026, 9, 28, 8, 50, 36] ;;; build;    --> Cleaning temp directory...
[2026, 9, 28, 8, 50, 37] ;;; build;    --> Unpacking base jar file...
[2026, 9, 28, 8, 50, 37] ;;; build;    --> Copying compiled mcfunction assets...
[2026, 9, 28, 8, 50, 40] ;;; build;    --> Injecting logo...
[2026, 9, 28, 8, 50, 40] ;;; build;    --> Injecting config defaults...
[2026, 9, 28, 8, 50, 40] ;;; build;    --> Handling loader specifications...
[2026, 9, 28, 8, 50, 40] ;;; build;      ---> Init Neoforge...
[2026, 9, 28, 8, 50, 40] ;;; build;    --> Injecting assets...
[2026, 9, 28, 8, 50, 40] ;;; build;    --> Compiling Loot Tables...
[2026, 9, 28, 8, 50, 40] ;;; build;      ---> Downloading vanilla jar...
[2026, 9, 28, 8, 50, 44] ;;; build;      ---> Unpacking vanilla jar...
[2026, 9, 28, 8, 51, 7] ;;; build;      ---> Injecting mod with vanilla jar files...
[2026, 9, 28, 8, 51, 7] ;;; build;      ---> Processing Loot Tables...
[2026, 9, 28, 8, 51, 20] ;;; build;      ---> Cleaning Up...
[2026, 9, 28, 8, 51, 36] ;;; build;      ---> Done.
[2026, 9, 28, 8, 51, 37] ;;; build;    --> Removing gstools jar files from non-gstools mod...
[2026, 9, 28, 8, 51, 37] ;;; build;    --> Injecting block tags...
[2026, 9, 28, 8, 51, 37] ;;; build;    --> Duplicating function folder for backported versions...
[2026, 9, 28, 8, 51, 37] ;;; build;    --> Packing into jar file...
[2026, 9, 28, 8, 51, 46] ;;; build;    --> Cleaning Up...
[2026, 9, 28, 8, 51, 53] ;;; build;    --> Done.
[2026, 9, 28, 8, 51, 53] ;;; build;    > Compiling for neoforge-26.3...
[2026, 9, 28, 8, 51, 53] ;;; build;    --> Modfile already exists in build dir. Skipping...
[2026, 9, 28, 8, 51, 53] ;;; build;    > Renaming zip files to jar files...
[2026, 9, 28, 8, 51, 54] ;;; build;    > Resetting to cached game versions config...
[2026, 9, 28, 8, 51, 54] ;;; build;    > Build Complete.
[2026, 9, 28, 8, 51, 54] ;;; build; Compiling datapack ghosts_and_ghouls into mod...
[2026, 9, 28, 8, 51, 54] ;;; build;    > Detecting split versions...
[2026, 9, 28, 8, 51, 54] ;;; build;    --> Nothing to delete after.
[2026, 9, 28, 8, 51, 54] ;;; build;    > Beginning build block...
[2026, 9, 28, 8, 51, 54] ;;; build;    > Compiling for fabric-1.21.8...
[2026, 9, 28, 8, 51, 54] ;;; build;    --> Modfile already exists in build dir. Skipping...
[2026, 9, 28, 8, 51, 54] ;;; build;    > Compiling for fabric-1.21.9...
[2026, 9, 28, 8, 51, 54] ;;; build;    --> Modfile already exists in build dir. Skipping...
[2026, 9, 28, 8, 51, 54] ;;; build;    > Compiling for fabric-26.1...
[2026, 9, 28, 8, 51, 54] ;;; build;    --> Modfile already exists in build dir. Skipping...
[2026, 9, 28, 8, 51, 54] ;;; build;    > Compiling for fabric-26.2...
[2026, 9, 28, 8, 51, 54] ;;; build;    --> Modfile already exists in build dir. Skipping...
[2026, 9, 28, 8, 51, 54] ;;; build;    > Compiling for fabric-26.3...
[2026, 9, 28, 8, 51, 54] ;;; build;    --> Modfile already exists in build dir. Skipping...
[2026, 9, 28, 8, 51, 54] ;;; build;    > Compiling for forge-1.19.4...
[2026, 9, 28, 8, 51, 54] ;;; build;    --> Modfile already exists in build dir. Skipping...
[2026, 9, 28, 8, 51, 54] ;;; build;    > Compiling for forge-1.20.1...
[2026, 9, 28, 8, 51, 54] ;;; build;    --> Modfile already exists in build dir. Skipping...
[2026, 9, 28, 8, 51, 54] ;;; build;    > Compiling for neoforge-1.20.4...
[2026, 9, 28, 8, 51, 54] ;;; build;    --> Modfile already exists in build dir. Skipping...
[2026, 9, 28, 8, 51, 54] ;;; build;    > Compiling for neoforge-1.20.6...
[2026, 9, 28, 8, 51, 54] ;;; build;    --> Modfile already exists in build dir. Skipping...
[2026, 9, 28, 8, 51, 54] ;;; build;    > Compiling for neoforge-1.21.1...
[2026, 9, 28, 8, 51, 54] ;;; build;    --> Modfile already exists in build dir. Skipping...
[2026, 9, 28, 8, 51, 54] ;;; build;    > Compiling for neoforge-1.21.2...
[2026, 9, 28, 8, 51, 54] ;;; build;    --> Modfile already exists in build dir. Skipping...
[2026, 9, 28, 8, 51, 54] ;;; build;    > Compiling for neoforge-1.21.4...
[2026, 9, 28, 8, 51, 54] ;;; build;    --> Modfile already exists in build dir. Skipping...
[2026, 9, 28, 8, 51, 54] ;;; build;    > Compiling for neoforge-1.21.5...
[2026, 9, 28, 8, 51, 54] ;;; build;    --> Modfile already exists in build dir. Skipping...
[2026, 9, 28, 8, 51, 54] ;;; build;    > Compiling for neoforge-1.21.8...
[2026, 9, 28, 8, 51, 54] ;;; build;    --> Modfile already exists in build dir. Skipping...
[2026, 9, 28, 8, 51, 54] ;;; build;    > Compiling for neoforge-26.1...
[2026, 9, 28, 8, 51, 54] ;;; build;    --> Modfile already exists in build dir. Skipping...
[2026, 9, 28, 8, 51, 54] ;;; build;    > Compiling for neoforge-26.2...
[2026, 9, 28, 8, 51, 54] ;;; build;    --> Modfile already exists in build dir. Skipping...
[2026, 9, 28, 8, 51, 54] ;;; build;    > Compiling for neoforge-26.3...
[2026, 9, 28, 8, 51, 54] ;;; build;    --> Modfile already exists in build dir. Skipping...
[2026, 9, 28, 8, 51, 54] ;;; build;    > Renaming zip files to jar files...
[2026, 9, 28, 8, 51, 54] ;;; build;    > Resetting to cached game versions config...
[2026, 9, 28, 8, 51, 54] ;;; build;    > Build Complete.
[2026, 9, 28, 8, 51, 54] ;;; build; Compiling datapack gothic_horror into mod...
[2026, 9, 28, 8, 51, 54] ;;; build;    > Detecting split versions...
[2026, 9, 28, 8, 51, 54] ;;; build;    --> Nothing to delete after.
[2026, 9, 28, 8, 51, 54] ;;; build;    > Beginning build block...
[2026, 9, 28, 8, 51, 54] ;;; build;    > Compiling for fabric-1.21.8...
[2026, 9, 28, 8, 51, 54] ;;; build;    --> Modfile already exists in build dir. Skipping...
[2026, 9, 28, 8, 51, 54] ;;; build;    > Compiling for fabric-1.21.9...
[2026, 9, 28, 8, 51, 54] ;;; build;    --> Modfile already exists in build dir. Skipping...
[2026, 9, 28, 8, 51, 54] ;;; build;    > Compiling for fabric-26.1...
[2026, 9, 28, 8, 51, 54] ;;; build;    --> Modfile already exists in build dir. Skipping...
[2026, 9, 28, 8, 51, 54] ;;; build;    > Compiling for fabric-26.2...
[2026, 9, 28, 8, 51, 54] ;;; build;    --> Modfile already exists in build dir. Skipping...
[2026, 9, 28, 8, 51, 54] ;;; build;    > Compiling for fabric-26.3...
[2026, 9, 28, 8, 51, 54] ;;; build;    --> Modfile already exists in build dir. Skipping...
[2026, 9, 28, 8, 51, 54] ;;; build;    > Compiling for forge-1.19.4...
[2026, 9, 28, 8, 51, 54] ;;; build;    --> Modfile already exists in build dir. Skipping...
[2026, 9, 28, 8, 51, 54] ;;; build;    > Compiling for forge-1.20.1...
[2026, 9, 28, 8, 51, 54] ;;; build;    --> Modfile already exists in build dir. Skipping...
[2026, 9, 28, 8, 51, 54] ;;; build;    > Compiling for neoforge-1.20.4...
[2026, 9, 28, 8, 51, 54] ;;; build;    --> Modfile already exists in build dir. Skipping...
[2026, 9, 28, 8, 51, 54] ;;; build;    > Compiling for neoforge-1.20.6...
[2026, 9, 28, 8, 51, 54] ;;; build;    --> Modfile already exists in build dir. Skipping...
[2026, 9, 28, 8, 51, 54] ;;; build;    > Compiling for neoforge-1.21.1...
[2026, 9, 28, 8, 51, 54] ;;; build;    --> Modfile already exists in build dir. Skipping...
[2026, 9, 28, 8, 51, 54] ;;; build;    > Compiling for neoforge-1.21.2...
[2026, 9, 28, 8, 51, 54] ;;; build;    --> Modfile already exists in build dir. Skipping...
[2026, 9, 28, 8, 51, 54] ;;; build;    > Compiling for neoforge-1.21.4...
[2026, 9, 28, 8, 51, 54] ;;; build;    --> Modfile already exists in build dir. Skipping...
[2026, 9, 28, 8, 51, 54] ;;; build;    > Compiling for neoforge-1.21.5...
[2026, 9, 28, 8, 51, 54] ;;; build;    --> Modfile already exists in build dir. Skipping...
[2026, 9, 28, 8, 51, 54] ;;; build;    > Compiling for neoforge-1.21.8...
[2026, 9, 28, 8, 51, 54] ;;; build;    --> Modfile already exists in build dir. Skipping...
[2026, 9, 28, 8, 51, 54] ;;; build;    > Compiling for neoforge-26.1...
[2026, 9, 28, 8, 51, 54] ;;; build;    --> Modfile already exists in build dir. Skipping...
[2026, 9, 28, 8, 51, 54] ;;; build;    > Compiling for neoforge-26.2...
[2026, 9, 28, 8, 51, 54] ;;; build;    --> Modfile already exists in build dir. Skipping...
[2026, 9, 28, 8, 51, 54] ;;; build;    > Compiling for neoforge-26.3...
[2026, 9, 28, 8, 51, 54] ;;; build;    --> Modfile already exists in build dir. Skipping...
[2026, 9, 28, 8, 51, 54] ;;; build;    > Renaming zip files to jar files...
[2026, 9, 28, 8, 51, 54] ;;; build;    > Resetting to cached game versions config...
[2026, 9, 28, 8, 51, 54] ;;; build;    > Build Complete.
[2026, 9, 28, 8, 51, 54] ;;; build; Compiling datapack gstools into mod...
[2026, 9, 28, 8, 51, 54] ;;; build;    > Detecting split versions...
[2026, 9, 28, 8, 51, 54] ;;; build;    --> Nothing to delete after.
[2026, 9, 28, 8, 51, 54] ;;; build;    > Beginning build block...
[2026, 9, 28, 8, 51, 54] ;;; build;    > Compiling for fabric-1.21.8...
[2026, 9, 28, 8, 51, 54] ;;; build;    --> Modfile already exists in build dir. Skipping...
[2026, 9, 28, 8, 51, 54] ;;; build;    > Compiling for fabric-1.21.9...
[2026, 9, 28, 8, 51, 54] ;;; build;    --> Modfile already exists in build dir. Skipping...
[2026, 9, 28, 8, 51, 54] ;;; build;    > Compiling for fabric-26.1...
[2026, 9, 28, 8, 51, 54] ;;; build;    --> Modfile already exists in build dir. Skipping...
[2026, 9, 28, 8, 51, 54] ;;; build;    > Compiling for fabric-26.2...
[2026, 9, 28, 8, 51, 54] ;;; build;    --> Modfile already exists in build dir. Skipping...
[2026, 9, 28, 8, 51, 54] ;;; build;    > Compiling for fabric-26.3...
[2026, 9, 28, 8, 51, 54] ;;; build;    --> Modfile already exists in build dir. Skipping...
[2026, 9, 28, 8, 51, 54] ;;; build;    > Compiling for forge-1.19.4...
[2026, 9, 28, 8, 51, 54] ;;; build;    --> Modfile already exists in build dir. Skipping...
[2026, 9, 28, 8, 51, 54] ;;; build;    > Compiling for forge-1.20.1...
[2026, 9, 28, 8, 51, 54] ;;; build;    --> Modfile already exists in build dir. Skipping...
[2026, 9, 28, 8, 51, 54] ;;; build;    > Compiling for neoforge-1.20.4...
[2026, 9, 28, 8, 51, 54] ;;; build;    --> Modfile already exists in build dir. Skipping...
[2026, 9, 28, 8, 51, 54] ;;; build;    > Compiling for neoforge-1.20.6...
[2026, 9, 28, 8, 51, 54] ;;; build;    --> Modfile already exists in build dir. Skipping...
[2026, 9, 28, 8, 51, 54] ;;; build;    > Compiling for neoforge-1.21.1...
[2026, 9, 28, 8, 51, 54] ;;; build;    --> Modfile already exists in build dir. Skipping...
[2026, 9, 28, 8, 51, 54] ;;; build;    > Compiling for neoforge-1.21.2...
[2026, 9, 28, 8, 51, 54] ;;; build;    --> Modfile already exists in build dir. Skipping...
[2026, 9, 28, 8, 51, 54] ;;; build;    > Compiling for neoforge-1.21.4...
[2026, 9, 28, 8, 51, 54] ;;; build;    --> Modfile already exists in build dir. Skipping...
[2026, 9, 28, 8, 51, 54] ;;; build;    > Compiling for neoforge-1.21.5...
[2026, 9, 28, 8, 51, 54] ;;; build;    --> Modfile already exists in build dir. Skipping...
[2026, 9, 28, 8, 51, 54] ;;; build;    > Compiling for neoforge-1.21.8...
[2026, 9, 28, 8, 51, 54] ;;; build;    --> Modfile already exists in build dir. Skipping...
[2026, 9, 28, 8, 51, 54] ;;; build;    > Compiling for neoforge-26.1...
[2026, 9, 28, 8, 51, 54] ;;; build;    --> Modfile already exists in build dir. Skipping...
[2026, 9, 28, 8, 51, 54] ;;; build;    > Compiling for neoforge-26.2...
[2026, 9, 28, 8, 51, 54] ;;; build;    --> Modfile already exists in build dir. Skipping...
[2026, 9, 28, 8, 51, 54] ;;; build;    > Compiling for neoforge-26.3...
[2026, 9, 28, 8, 51, 54] ;;; build;    --> Modfile already exists in build dir. Skipping...
[2026, 9, 28, 8, 51, 54] ;;; build;    > Renaming zip files to jar files...
[2026, 9, 28, 8, 51, 54] ;;; build;    > Resetting to cached game versions config...
[2026, 9, 28, 8, 51, 54] ;;; build;    > Build Complete.
[2026, 9, 28, 8, 51, 54] ;;; build; Compiling datapack life_and_death into mod...
[2026, 9, 28, 8, 51, 54] ;;; build;    > Detecting split versions...
[2026, 9, 28, 8, 51, 54] ;;; build;    --> Nothing to delete after.
[2026, 9, 28, 8, 51, 54] ;;; build;    > Beginning build block...
[2026, 9, 28, 8, 51, 54] ;;; build;    > Compiling for fabric-1.21.8...
[2026, 9, 28, 8, 51, 54] ;;; build;    --> Modfile already exists in build dir. Skipping...
[2026, 9, 28, 8, 51, 54] ;;; build;    > Compiling for fabric-1.21.9...
[2026, 9, 28, 8, 51, 54] ;;; build;    --> Modfile already exists in build dir. Skipping...
[2026, 9, 28, 8, 51, 54] ;;; build;    > Compiling for fabric-26.1...
[2026, 9, 28, 8, 51, 54] ;;; build;    --> Modfile already exists in build dir. Skipping...
[2026, 9, 28, 8, 51, 54] ;;; build;    > Compiling for fabric-26.2...
[2026, 9, 28, 8, 51, 54] ;;; build;    --> Modfile already exists in build dir. Skipping...
[2026, 9, 28, 8, 51, 54] ;;; build;    > Compiling for fabric-26.3...
[2026, 9, 28, 8, 51, 54] ;;; build;    --> Modfile already exists in build dir. Skipping...
[2026, 9, 28, 8, 51, 54] ;;; build;    > Compiling for forge-1.19.4...
[2026, 9, 28, 8, 51, 54] ;;; build;    --> Modfile already exists in build dir. Skipping...
[2026, 9, 28, 8, 51, 54] ;;; build;    > Compiling for forge-1.20.1...
[2026, 9, 28, 8, 51, 54] ;;; build;    --> Modfile already exists in build dir. Skipping...
[2026, 9, 28, 8, 51, 54] ;;; build;    > Compiling for neoforge-1.20.4...
[2026, 9, 28, 8, 51, 54] ;;; build;    --> Modfile already exists in build dir. Skipping...
[2026, 9, 28, 8, 51, 54] ;;; build;    > Compiling for neoforge-1.20.6...
[2026, 9, 28, 8, 51, 54] ;;; build;    --> Modfile already exists in build dir. Skipping...
[2026, 9, 28, 8, 51, 54] ;;; build;    > Compiling for neoforge-1.21.1...
[2026, 9, 28, 8, 51, 54] ;;; build;    --> Modfile already exists in build dir. Skipping...
[2026, 9, 28, 8, 51, 54] ;;; build;    > Compiling for neoforge-1.21.2...
[2026, 9, 28, 8, 51, 54] ;;; build;    --> Modfile already exists in build dir. Skipping...
[2026, 9, 28, 8, 51, 54] ;;; build;    > Compiling for neoforge-1.21.4...
[2026, 9, 28, 8, 51, 54] ;;; build;    --> Modfile already exists in build dir. Skipping...
[2026, 9, 28, 8, 51, 54] ;;; build;    > Compiling for neoforge-1.21.5...
[2026, 9, 28, 8, 51, 54] ;;; build;    --> Modfile already exists in build dir. Skipping...
[2026, 9, 28, 8, 51, 54] ;;; build;    > Compiling for neoforge-1.21.8...
[2026, 9, 28, 8, 51, 54] ;;; build;    --> Modfile already exists in build dir. Skipping...
[2026, 9, 28, 8, 51, 54] ;;; build;    > Compiling for neoforge-26.1...
[2026, 9, 28, 8, 51, 54] ;;; build;    --> Modfile already exists in build dir. Skipping...
[2026, 9, 28, 8, 51, 54] ;;; build;    > Compiling for neoforge-26.2...
[2026, 9, 28, 8, 51, 54] ;;; build;    --> Modfile already exists in build dir. Skipping...
[2026, 9, 28, 8, 51, 54] ;;; build;    > Compiling for neoforge-26.3...
[2026, 9, 28, 8, 51, 54] ;;; build;    --> Modfile already exists in build dir. Skipping...
[2026, 9, 28, 8, 51, 54] ;;; build;    > Renaming zip files to jar files...
[2026, 9, 28, 8, 51, 54] ;;; build;    > Resetting to cached game versions config...
[2026, 9, 28, 8, 51, 54] ;;; build;    > Build Complete.
[2026, 9, 28, 8, 51, 54] ;;; build; Compiling datapack undead_expanded into mod...
[2026, 9, 28, 8, 51, 54] ;;; build;    > Detecting split versions...
[2026, 9, 28, 8, 51, 54] ;;; build;    --> Nothing to delete after.
[2026, 9, 28, 8, 51, 54] ;;; build;    > Beginning build block...
[2026, 9, 28, 8, 51, 54] ;;; build;    > Compiling for fabric-1.21.8...
[2026, 9, 28, 8, 51, 54] ;;; build;    --> Modfile already exists in build dir. Skipping...
[2026, 9, 28, 8, 51, 54] ;;; build;    > Compiling for fabric-1.21.9...
[2026, 9, 28, 8, 51, 54] ;;; build;    --> Modfile already exists in build dir. Skipping...
[2026, 9, 28, 8, 51, 54] ;;; build;    > Compiling for fabric-26.1...
[2026, 9, 28, 8, 51, 54] ;;; build;    --> Modfile already exists in build dir. Skipping...
[2026, 9, 28, 8, 51, 54] ;;; build;    > Compiling for fabric-26.2...
[2026, 9, 28, 8, 51, 54] ;;; build;    --> Modfile already exists in build dir. Skipping...
[2026, 9, 28, 8, 51, 54] ;;; build;    > Compiling for fabric-26.3...
[2026, 9, 28, 8, 51, 54] ;;; build;    --> Modfile already exists in build dir. Skipping...
[2026, 9, 28, 8, 51, 54] ;;; build;    > Compiling for forge-1.19.4...
[2026, 9, 28, 8, 51, 54] ;;; build;    --> Modfile already exists in build dir. Skipping...
[2026, 9, 28, 8, 51, 54] ;;; build;    > Compiling for forge-1.20.1...
[2026, 9, 28, 8, 51, 54] ;;; build;    --> Modfile already exists in build dir. Skipping...
[2026, 9, 28, 8, 51, 54] ;;; build;    > Compiling for neoforge-1.20.4...
[2026, 9, 28, 8, 51, 54] ;;; build;    --> Modfile already exists in build dir. Skipping...
[2026, 9, 28, 8, 51, 54] ;;; build;    > Compiling for neoforge-1.20.6...
[2026, 9, 28, 8, 51, 54] ;;; build;    --> Modfile already exists in build dir. Skipping...
[2026, 9, 28, 8, 51, 54] ;;; build;    > Compiling for neoforge-1.21.1...
[2026, 9, 28, 8, 51, 54] ;;; build;    --> Modfile already exists in build dir. Skipping...
[2026, 9, 28, 8, 51, 54] ;;; build;    > Compiling for neoforge-1.21.2...
[2026, 9, 28, 8, 51, 54] ;;; build;    --> Modfile already exists in build dir. Skipping...
[2026, 9, 28, 8, 51, 54] ;;; build;    > Compiling for neoforge-1.21.4...
[2026, 9, 28, 8, 51, 54] ;;; build;    --> Modfile already exists in build dir. Skipping...
[2026, 9, 28, 8, 51, 54] ;;; build;    > Compiling for neoforge-1.21.5...
[2026, 9, 28, 8, 51, 55] ;;; build;    --> Modfile already exists in build dir. Skipping...
[2026, 9, 28, 8, 51, 55] ;;; build;    > Compiling for neoforge-1.21.8...
[2026, 9, 28, 8, 51, 55] ;;; build;    --> Modfile already exists in build dir. Skipping...
[2026, 9, 28, 8, 51, 55] ;;; build;    > Compiling for neoforge-26.1...
[2026, 9, 28, 8, 51, 55] ;;; build;    --> Modfile already exists in build dir. Skipping...
[2026, 9, 28, 8, 51, 55] ;;; build;    > Compiling for neoforge-26.2...
[2026, 9, 28, 8, 51, 55] ;;; build;    --> Modfile already exists in build dir. Skipping...
[2026, 9, 28, 8, 51, 55] ;;; build;    > Compiling for neoforge-26.3...
[2026, 9, 28, 8, 51, 55] ;;; build;    --> Modfile already exists in build dir. Skipping...
[2026, 9, 28, 8, 51, 55] ;;; build;    > Renaming zip files to jar files...
[2026, 9, 28, 8, 51, 55] ;;; build;    > Resetting to cached game versions config...
[2026, 9, 28, 8, 51, 55] ;;; build;    > Build Complete.
[2026, 9, 28, 8, 51, 55] ;;; build; Generating release.json...
[2026, 9, 28, 8, 51, 55] ;;; build; Injecting release.json...
[2026, 9, 28, 8, 51, 55] ;;; build; Cleaning up...
[2026, 9, 28, 8, 52, 21] ;;; build; Done.