
[2026, 9, 26, 0, 0, 28] ;;; release; Nothing to release.
[2026, 9, 26, 0, 10, 29] ;;; release; Nothing to release.
[2026, 9, 26, 0, 20, 30] ;;; release; Nothing to release.
[2026, 9, 26, 0, 30, 34] ;;; release; Nothing to release.
[2026, 9, 26, 0, 40, 35] ;;; release; Nothing to release.
[2026, 9, 26, 0, 50, 36] ;;; release; Nothing to release.
[2026, 9, 26, 1, 0, 37] ;;; release; Nothing to release.
[2026, 9, 26, 1, 10, 38] ;;; release; Nothing to release.
[2026, 9, 26, 1, 20, 39] ;;; release; Nothing to release.
[2026, 9, 26, 1, 30, 40] ;;; release; Nothing to release.
[2026, 9, 26, 1, 40, 41] ;;; release; Nothing to release.
[2026, 9, 26, 1, 50, 42] ;;; release; Nothing to release.
[2026, 9, 26, 2, 0, 43] ;;; release; Nothing to release.
[2026, 9, 26, 2, 10, 44] ;;; release; Nothing to release.
[2026, 9, 26, 2, 20, 45] ;;; release; Nothing to release.
[2026, 9, 26, 2, 30, 46] ;;; release; Nothing to release.
[2026, 9, 26, 2, 40, 47] ;;; release; Nothing to release.
[2026, 9, 26, 2, 50, 48] ;;; release; Nothing to release.
[2026, 9, 26, 3, 0, 49] ;;; release; Nothing to release.
[2026, 9, 26, 3, 10, 50] ;;; release; Nothing to release.
[2026, 9, 26, 3, 20, 51] ;;; release; Nothing to release.
[2026, 9, 26, 3, 30, 52] ;;; release; Nothing to release.
[2026, 9, 26, 3, 40, 56] ;;; release; Nothing to release.
[2026, 9, 26, 3, 50, 57] ;;; release; Nothing to release.
[2026, 9, 26, 4, 0, 58] ;;; release; Nothing to release.
[2026, 9, 26, 4, 10, 59] ;;; release; Nothing to release.
[2026, 9, 26, 4, 21, 0] ;;; release; Nothing to release.
[2026, 9, 26, 4, 31, 1] ;;; release; Nothing to release.
[2026, 9, 26, 4, 41, 2] ;;; release; Nothing to release.
[2026, 9, 26, 4, 51, 3] ;;; release; Nothing to release.
[2026, 9, 26, 5, 1, 4] ;;; release; Nothing to release.
[2026, 9, 26, 5, 11, 5] ;;; release; Nothing to release.
[2026, 9, 26, 5, 21, 6] ;;; release; Nothing to release.
[2026, 9, 26, 5, 31, 7] ;;; release; Nothing to release.
[2026, 9, 26, 5, 41, 8] ;;; release; Nothing to release.
[2026, 9, 26, 5, 51, 9] ;;; release; Nothing to release.
[2026, 9, 26, 6, 1, 10] ;;; release; Nothing to release.
[2026, 9, 26, 6, 11, 11] ;;; release; Nothing to release.
[2026, 9, 26, 6, 21, 14] ;;; release; Nothing to release.
[2026, 9, 26, 6, 31, 19] ;;; release; Nothing to release.
[2026, 9, 26, 6, 41, 23] ;;; release; Nothing to release.
[2026, 9, 26, 6, 51, 24] ;;; release; Nothing to release.
[2026, 9, 26, 7, 1, 25] ;;; release; Nothing to release.
[2026, 9, 26, 7, 11, 26] ;;; release; Nothing to release.
[2026, 9, 26, 7, 21, 27] ;;; release; Nothing to release.
[2026, 9, 26, 7, 31, 29] ;;; release; Nothing to release.
[2026, 9, 26, 7, 41, 30] ;;; release; Nothing to release.
[2026, 9, 26, 7, 51, 31] ;;; release; Nothing to release.
[2026, 9, 26, 8, 1, 32] ;;; release; Nothing to release.
[2026, 9, 26, 8, 11, 33] ;;; release; Nothing to release.
[2026, 9, 26, 8, 21, 34] ;;; release; Nothing to release.
[2026, 9, 26, 8, 31, 35] ;;; release; Nothing to release.
[2026, 9, 26, 8, 41, 36] ;;; release; Nothing to release.
[2026, 9, 26, 8, 51, 37] ;;; release; Nothing to release.
[2026, 9, 26, 9, 1, 38] ;;; release; Nothing to release.
[2026, 9, 26, 9, 11, 39] ;;; release; Nothing to release.
[2026, 9, 26, 9, 21, 43] ;;; release; Nothing to release.
[2026, 9, 26, 9, 31, 44] ;;; release; Nothing to release.
[2026, 9, 26, 9, 41, 45] ;;; release; Nothing to release.
[2026, 9, 26, 9, 51, 46] ;;; release; Nothing to release.
[2026, 9, 26, 10, 1, 47] ;;; release; Nothing to release.
[2026, 9, 26, 10, 11, 48] ;;; release; Nothing to release.
[2026, 9, 26, 10, 21, 49] ;;; release; Nothing to release.
[2026, 9, 26, 10, 31, 50] ;;; release; Nothing to release.