
[2026, 9, 29, 0, 4, 58] ;;; release; Nothing to release.
[2026, 9, 29, 0, 14, 59] ;;; release; Nothing to release.
[2026, 9, 29, 0, 25, 0] ;;; release; Nothing to release.
[2026, 9, 29, 0, 35, 4] ;;; release; Nothing to release.
[2026, 9, 29, 0, 45, 5] ;;; release; Nothing to release.
[2026, 9, 29, 0, 55, 6] ;;; release; Nothing to release.
[2026, 9, 29, 1, 5, 10] ;;; release; Nothing to release.
[2026, 9, 29, 1, 15, 11] ;;; release; Nothing to release.
[2026, 9, 29, 1, 25, 12] ;;; release; Nothing to release.
[2026, 9, 29, 1, 35, 13] ;;; release; Nothing to release.
[2026, 9, 29, 1, 45, 14] ;;; release; Nothing to release.
[2026, 9, 29, 1, 55, 15] ;;; release; Nothing to release.
[2026, 9, 29, 2, 5, 16] ;;; release; Nothing to release.
[2026, 9, 29, 2, 15, 20] ;;; release; Nothing to release.
[2026, 9, 29, 2, 25, 23] ;;; release; Nothing to release.
[2026, 9, 29, 2, 35, 25] ;;; release; Nothing to release.
[2026, 9, 29, 2, 45, 26] ;;; release; Nothing to release.
[2026, 9, 29, 2, 55, 27] ;;; release; Nothing to release.
[2026, 9, 29, 3, 5, 28] ;;; release; Nothing to release.
[2026, 9, 29, 3, 15, 29] ;;; release; Nothing to release.
[2026, 9, 29, 3, 25, 30] ;;; release; Nothing to release.
[2026, 9, 29, 3, 35, 31] ;;; release; Nothing to release.
[2026, 9, 29, 3, 45, 32] ;;; release; Nothing to release.
[2026, 9, 29, 3, 55, 33] ;;; release; Nothing to release.
[2026, 9, 29, 4, 5, 34] ;;; release; Nothing to release.
[2026, 9, 29, 4, 15, 35] ;;; release; Nothing to release.
[2026, 9, 29, 4, 25, 36] ;;; release; Nothing to release.
[2026, 9, 29, 4, 35, 37] ;;; release; Nothing to release.
[2026, 9, 29, 4, 45, 38] ;;; release; Nothing to release.
[2026, 9, 29, 4, 55, 39] ;;; release; Nothing to release.
[2026, 9, 29, 5, 5, 40] ;;; release; Nothing to release.
[2026, 9, 29, 5, 15, 41] ;;; release; Nothing to release.
[2026, 9, 29, 5, 25, 42] ;;; release; Nothing to release.
[2026, 9, 29, 5, 35, 43] ;;; release; Nothing to release.
[2026, 9, 29, 5, 45, 44] ;;; release; Nothing to release.
[2026, 9, 29, 5, 55, 45] ;;; release; Nothing to release.
[2026, 9, 29, 6, 5, 46] ;;; release; Nothing to release.
[2026, 9, 29, 6, 15, 47] ;;; release; Nothing to release.
[2026, 9, 29, 6, 25, 48] ;;; release; Nothing to release.
[2026, 9, 29, 6, 35, 49] ;;; release; Nothing to release.
[2026, 9, 29, 6, 45, 50] ;;; release; Nothing to release.
[2026, 9, 29, 6, 55, 51] ;;; release; Nothing to release.
[2026, 9, 29, 7, 5, 52] ;;; release; Nothing to release.
[2026, 9, 29, 7, 15, 53] ;;; release; Nothing to release.
[2026, 9, 29, 7, 25, 54] ;;; release; Nothing to release.
[2026, 9, 29, 7, 35, 55] ;;; release; Nothing to release.
[2026, 9, 29, 7, 45, 56] ;;; release; Nothing to release.
[2026, 9, 29, 7, 55, 57] ;;; release; Nothing to release.
[2026, 9, 29, 8, 5, 58] ;;; release; Nothing to release.
[2026, 9, 29, 8, 15, 59] ;;; release; Nothing to release.
[2026, 9, 29, 8, 26, 0] ;;; release; Nothing to release.
[2026, 9, 29, 8, 36, 1] ;;; release; Nothing to release.
[2026, 9, 29, 8, 46, 2] ;;; release; Nothing to release.
[2026, 9, 29, 8, 56, 3] ;;; release; Nothing to release.
[2026, 9, 29, 9, 6, 4] ;;; release; Nothing to release.
[2026, 9, 29, 9, 16, 5] ;;; release; Nothing to release.
[2026, 9, 29, 9, 26, 6] ;;; release; Nothing to release.
[2026, 9, 29, 9, 36, 7] ;;; release; Nothing to release.
[2026, 9, 29, 9, 46, 8] ;;; release; Nothing to release.
[2026, 9, 29, 9, 56, 9] ;;; release; Nothing to release.
[2026, 9, 29, 10, 6, 10] ;;; release; Nothing to release.
[2026, 9, 29, 10, 16, 11] ;;; release; Nothing to release.
[2026, 9, 29, 10, 26, 12] ;;; release; Nothing to release.
[2026, 9, 29, 10, 36, 13] ;;; release; Nothing to release.
[2026, 9, 29, 10, 46, 14] ;;; release; Nothing to release.
[2026, 9, 29, 10, 49, 18] ;;; release; Nothing to release.